################################################################################
#                                                                              #
#      IAR Universal Linker V5.7.0.39                                          #
#                                                                              #
#           Link time     =  10/Jan/2014  02:13:42                             #
#           Target CPU    =  MSP430                                            #
#           List file     =  "D:\Projetos\Software\park_way\Park_Way_1.0\End D #
#                            evice\List\Park_Way.map"                          #
#           Output file 1 =  "D:\Projetos\Software\park_way\Park_Way_1.0\End D #
#                            evice\Exe\Park_Way.d43"                           #
#                            Format: debug                                     #
#                            UBROF version 10.0.6                              #
#                            Using library modules for C-SPY (-rt)             #
#           Command line  =  --ks_version                                      #
#                            "D:\Projetos\Software\park_way\Park_Way_1.0\End D #
#                            evice\Obj\bsp.r43"                                #
#                            "D:\Projetos\Software\park_way\Park_Way_1.0\End D #
#                            evice\Obj\main_ED.r43"                            #
#                            "D:\Projetos\Software\park_way\Park_Way_1.0\End D #
#                            evice\Obj\mrfi.r43"                               #
#                            "D:\Projetos\Software\park_way\Park_Way_1.0\End D #
#                            evice\Obj\nwk.r43"                                #
#                            "D:\Projetos\Software\park_way\Park_Way_1.0\End D #
#                            evice\Obj\nwk_api.r43"                            #
#                            "D:\Projetos\Software\park_way\Park_Way_1.0\End D #
#                            evice\Obj\nwk_frame.r43"                          #
#                            "D:\Projetos\Software\park_way\Park_Way_1.0\End D #
#                            evice\Obj\nwk_freq.r43"                           #
#                            "D:\Projetos\Software\park_way\Park_Way_1.0\End D #
#                            evice\Obj\nwk_globals.r43"                        #
#                            "D:\Projetos\Software\park_way\Park_Way_1.0\End D #
#                            evice\Obj\nwk_ioctl.r43"                          #
#                            "D:\Projetos\Software\park_way\Park_Way_1.0\End D #
#                            evice\Obj\nwk_join.r43"                           #
#                            "D:\Projetos\Software\park_way\Park_Way_1.0\End D #
#                            evice\Obj\nwk_link.r43"                           #
#                            "D:\Projetos\Software\park_way\Park_Way_1.0\End D #
#                            evice\Obj\nwk_mgmt.r43"                           #
#                            "D:\Projetos\Software\park_way\Park_Way_1.0\End D #
#                            evice\Obj\nwk_ping.r43"                           #
#                            "D:\Projetos\Software\park_way\Park_Way_1.0\End D #
#                            evice\Obj\nwk_QMgmt.r43"                          #
#                            "D:\Projetos\Software\park_way\Park_Way_1.0\End D #
#                            evice\Obj\nwk_security.r43"                       #
#                            "D:\Projetos\Software\park_way\Park_Way_1.0\End D #
#                            evice\Obj\u_sensor.r43"                           #
#                            "D:\Projetos\Software\park_way\Park_Way_1.0\End D #
#                            evice\Obj\virtual_com_cmds.r43"                   #
#                            "D:\Projetos\Software\park_way\Park_Way_1.0\End D #
#                            evice\Obj\vlo_rand.r43"                           #
#                            -o                                                #
#                            "D:\Projetos\Software\park_way\Park_Way_1.0\End D #
#                            evice\Exe\Park_Way.d43"                           #
#                            -l                                                #
#                            "D:\Projetos\Software\park_way\Park_Way_1.0\End D #
#                            evice\List\Park_Way.map"                          #
#                            -xmsni                                            #
#                            "-IC:\Program Files (x86)\IAR Systems\Embedded Wo #
#                            rkbench 6.5\430\LIB\"                             #
#                            -f                                                #
#                            "C:\Program Files (x86)\IAR Systems\Embedded Work #
#                            bench 6.5\430\CONFIG\lnk430F2274.xcl"             #
#                            (-cmsp430 -QCODE_I=CODE_ID -QTLS16_I=TLS16_ID     #
#                            -Z(DATA)DATA16_I,DATA16_Z,DATA16_N,TLS16_I,DATA16 #
#                            _HEAP+_DATA16_HEAP_SIZE=0200-05FF                 #
#                            -Z(DATA)CODE_I -Z(DATA)CSTACK+_STACK_SIZE#        #
#                            -Z(CONST)INFO=1000-10FF                           #
#                            -Z(CONST)INFOA=10C0-10FF                          #
#                            -Z(CONST)INFOB=1080-10BF                          #
#                            -Z(CONST)INFOC=1040-107F                          #
#                            -Z(CONST)INFOD=1000-103F                          #
#                            -Z(CONST)DATA16_C,DATA16_ID,TLS16_ID,DIFUNCT,CHEC #
#                            KSUM=8000-FFDF                                    #
#                            -Z(CODE)CSTART,ISR_CODE,CODE_ID=8000-FFDF         #
#                            -P(CODE)CODE=8000-FFDF -Z(CODE)INTVEC=FFE0-FFFF   #
#                            -Z(CODE)RESET=FFFE-FFFF) -D_STACK_SIZE=C8 -rt     #
#                            "C:\Program Files (x86)\IAR Systems\Embedded Work #
#                            bench 6.5\430\LIB\CLIB\cl430f.r43"                #
#                            -e_large_write=_formatted_write                   #
#                            -e_large_read=_formatted_read                     #
#                            -D_DATA16_HEAP_SIZE=0 -s __program_start          #
#                            -D_DATA20_HEAP_SIZE=50                            #
#                                                                              #
#                           Copyright (C) 1987-2013 IAR Systems AB.            #
################################################################################





                ****************************************
                *                                      *
                *           CROSS REFERENCE            *
                *                                      *
                ****************************************

       Program entry at :           80C8  Relocatable, from module : ?cstart




                ****************************************
                *                                      *
                *            RUNTIME MODEL             *
                *                                      *
                ****************************************

  __SystemLibrary = CLib
  __core          = 430
  __double_size   = 32
  __pic           = no
  __reg_r4        = free
  __reg_r5        = free
  __rt_version    = 3

                ****************************************
                *                                      *
                *    AUTOMATIC SYMBOL REDIRECTIONS     *
                *                                      *
                ****************************************

                  There are no automatic symbol redirections.



                ****************************************
                *                                      *
                *              MODULE MAP              *
                *                                      *
                ****************************************


  DEFINED ABSOLUTE ENTRIES
    *************************************************************************

  DEFINED ABSOLUTE ENTRIES
  PROGRAM MODULE, NAME : ?ABS_ENTRY_MOD

Absolute parts
           ENTRY                   ADDRESS         REF BY
           =====                   =======         ======
           _DATA20_HEAP_SIZE       0050 
           _DATA16_HEAP_SIZE       0000 
           _STACK_SIZE             00C8 
    *************************************************************************

  FILE NAME : D:\Projetos\Software\park_way\Park_Way_1.0\End Device\Obj\bsp.r43
  PROGRAM MODULE, NAME : bsp

  SEGMENTS IN THE MODULE
  ======================
DATA16_AN
  Relative segment, address: 0056 - 0056 (0x1 bytes), align: 0
  Segment part 1. ROOT.       Intra module refs:   BSP_InitBoard
           ENTRY                   ADDRESS         REF BY
           =====                   =======         ======
           DCOCTL                  0056 
    -------------------------------------------------------------------------
DATA16_AN
  Relative segment, address: 0057 - 0057 (0x1 bytes), align: 0
  Segment part 2. ROOT.       Intra module refs:   BSP_InitBoard
           ENTRY                   ADDRESS         REF BY
           =====                   =======         ======
           BCSCTL1                 0057 
    -------------------------------------------------------------------------
DATA16_AN
  Relative segment, address: 0021 - 0021 (0x1 bytes), align: 0
  Segment part 3. ROOT.       Intra module refs:   BSP_InitButtons
                                                   BSP_InitLeds
                                                   init_t (main_ED)
                                                   linkTo (main_ED)
                                                   main (main_ED)
           ENTRY                   ADDRESS         REF BY
           =====                   =======         ======
           P1OUT                   0021 
    -------------------------------------------------------------------------
DATA16_AN
  Relative segment, address: 0022 - 0022 (0x1 bytes), align: 0
  Segment part 4. ROOT.       Intra module refs:   BSP_InitLeds
           ENTRY                   ADDRESS         REF BY
           =====                   =======         ======
           P1DIR                   0022 
    -------------------------------------------------------------------------
DATA16_AN
  Relative segment, address: 0027 - 0027 (0x1 bytes), align: 0
  Segment part 5. ROOT.       Intra module refs:   BSP_InitButtons
           ENTRY                   ADDRESS         REF BY
           =====                   =======         ======
           P1REN                   0027 
    -------------------------------------------------------------------------
DATA16_AN
  Relative segment, address: 0160 - 0161 (0x2 bytes), align: 0
  Segment part 6. ROOT.       Intra module refs:   BSP_InitBoard
                                                   init_t (main_ED)
           ENTRY                   ADDRESS         REF BY
           =====                   =======         ======
           TACTL                   0160 
    -------------------------------------------------------------------------
DATA16_AN
  Relative segment, address: 0120 - 0121 (0x2 bytes), align: 0
  Segment part 7. ROOT.       Intra module refs:   __low_level_init
                                                   linkTo (main_ED)
                                                   main (main_ED)
           ENTRY                   ADDRESS         REF BY
           =====                   =======         ======
           WDTCTL                  0120 
    -------------------------------------------------------------------------
DATA16_AN
  Relative segment, address: 10FE - 10FE (0x1 bytes), align: 0
  Segment part 8. ROOT.       Intra module refs:   BSP_InitBoard
           ENTRY                   ADDRESS         REF BY
           =====                   =======         ======
           CALDCO_1MHZ             10FE 
    -------------------------------------------------------------------------
DATA16_AN
  Relative segment, address: 10FF - 10FF (0x1 bytes), align: 0
  Segment part 9. ROOT.       Intra module refs:   BSP_InitBoard
           ENTRY                   ADDRESS         REF BY
           =====                   =======         ======
           CALBC1_1MHZ             10FF 
    -------------------------------------------------------------------------
<CODE> 1 (was CODE)
  Relative segment, address: 9EE2 - 9EF9 (0x18 bytes), align: 1
  Segment part 18.
           ENTRY                   ADDRESS         REF BY
           =====                   =======         ======
           BSP_Init                9EE2            init_t (main_ED)
               calls direct
               CSTACK = 00000000 ( 00000004 )
    -------------------------------------------------------------------------
DATA16_Z
  Relative segment, address: 024C - 024C (0x1 bytes), align: 0
  Segment part 11.            Intra module refs:   BSP_Delay
                                                   BSP_InitBoard
           LOCAL                   ADDRESS         
           =====                   =======         
           sIterationsPerUsec      024C 
    -------------------------------------------------------------------------
<CODE> 1 (was CODE)
  Relative segment, address: A078 - A081 (0xa bytes), align: 1
  Segment part 17. ROOT.
           ENTRY                   ADDRESS         REF BY
           =====                   =======         ======
           __low_level_init        A078            ?cstart_call_low_level_init (?cstart)
               CSTACK = 00000000 ( 00000002 )
    -------------------------------------------------------------------------
<CODE> 1 (was CODE)
  Relative segment, address: 9D92 - 9DB1 (0x20 bytes), align: 1
  Segment part 16.            Intra module refs:   BSP_Init
           ENTRY                   ADDRESS         REF BY
           =====                   =======         ======
           BSP_InitBoard           9D92 
               CSTACK = 00000000 ( 00000002 )
    -------------------------------------------------------------------------
<CODE> 1 (was CODE)
  Relative segment, address: 9D2E - 9D4F (0x22 bytes), align: 1
  Segment part 15.
           ENTRY                   ADDRESS         REF BY
           =====                   =======         ======
           BSP_Delay               9D2E            ?Subroutine8 (mrfi)
               CSTACK = 00000000 ( 00000004 )
    -------------------------------------------------------------------------
CODE
  Segment part 14. NOT NEEDED.
           ENTRY                   ADDRESS         REF BY
           =====                   =======         ======
           BSP_InitDrivers         
               calls direct
    -------------------------------------------------------------------------
<CODE> 1 (was CODE)
  Relative segment, address: 9F8A - 9F9B (0x12 bytes), align: 1
  Segment part 13.            Intra module refs:   BSP_Init
           ENTRY                   ADDRESS         REF BY
           =====                   =======         ======
           BSP_InitLeds            9F8A 
               CSTACK = 00000000 ( 00000002 )
    -------------------------------------------------------------------------
<CODE> 1 (was CODE)
  Relative segment, address: A0C8 - A0D1 (0xa bytes), align: 1
  Segment part 12.            Intra module refs:   BSP_Init
           ENTRY                   ADDRESS         REF BY
           =====                   =======         ======
           BSP_InitButtons         A0C8 
               CSTACK = 00000000 ( 00000002 )
    -------------------------------------------------------------------------
CSTACK
  Segment part 10. NOT NEEDED.
    -------------------------------------------------------------------------
CODE
  Segment part 19. NOT NEEDED.
           ENTRY                   ADDRESS         REF BY
           =====                   =======         ======
           ?setjmp_save_r4         
    -------------------------------------------------------------------------
CODE
  Segment part 20. NOT NEEDED.
           ENTRY                   ADDRESS         REF BY
           =====                   =======         ======
           ?setjmp_save_r5         

    *************************************************************************

  FILE NAME : D:\Projetos\Software\park_way\Park_Way_1.0\End Device\Obj\main_ED.r43
  PROGRAM MODULE, NAME : main_ED

  SEGMENTS IN THE MODULE
  ======================
DATA16_AN
  Relative segment, address: 0000 - 0000 (0x1 bytes), align: 0
  Segment part 1. ROOT.       Intra module refs:   linkTo
                                                   main
           ENTRY                   ADDRESS         REF BY
           =====                   =======         ======
           IE1                     0000 
    -------------------------------------------------------------------------
DATA16_AN
  Relative segment, address: 01B0 - 01B1 (0x2 bytes), align: 0
  Segment part 2. ROOT.       Intra module refs:   read_bat
           ENTRY                   ADDRESS         REF BY
           =====                   =======         ======
           ADC10CTL0               01B0 
    -------------------------------------------------------------------------
DATA16_AN
  Relative segment, address: 01B2 - 01B3 (0x2 bytes), align: 0
  Segment part 3. ROOT.       Intra module refs:   read_bat
           ENTRY                   ADDRESS         REF BY
           =====                   =======         ======
           ADC10CTL1               01B2 
    -------------------------------------------------------------------------
DATA16_AN
  Relative segment, address: 01B4 - 01B5 (0x2 bytes), align: 0
  Segment part 4. ROOT.       Intra module refs:   read_bat
           ENTRY                   ADDRESS         REF BY
           =====                   =======         ======
           ADC10MEM                01B4 
    -------------------------------------------------------------------------
DATA16_AN
  Relative segment, address: 0053 - 0053 (0x1 bytes), align: 0
  Segment part 5. ROOT.       Intra module refs:   init_t
           ENTRY                   ADDRESS         REF BY
           =====                   =======         ======
           BCSCTL3                 0053 
    -------------------------------------------------------------------------
DATA16_AN
  Segment part 6. TENTATIVE. Used definition from bsp
           ENTRY                   ADDRESS         REF BY
           =====                   =======         ======
           P1OUT                   
    -------------------------------------------------------------------------
DATA16_AN
  Relative segment, address: 001D - 001D (0x1 bytes), align: 0
  Segment part 7. ROOT.       Intra module refs:   getEcho (u_sensor)
                                                   init_t
                                                   read_ultra
                                                   start_usens (u_sensor)
                                                   trigger (u_sensor)
           ENTRY                   ADDRESS         REF BY
           =====                   =======         ======
           P4OUT                   001D 
    -------------------------------------------------------------------------
DATA16_AN
  Relative segment, address: 001E - 001E (0x1 bytes), align: 0
  Segment part 8. ROOT.       Intra module refs:   init_t
                                                   start_usens (u_sensor)
           ENTRY                   ADDRESS         REF BY
           =====                   =======         ======
           P4DIR                   001E 
    -------------------------------------------------------------------------
DATA16_AN
  Segment part 9. TENTATIVE. Used definition from bsp
           ENTRY                   ADDRESS         REF BY
           =====                   =======         ======
           TACTL                   
    -------------------------------------------------------------------------
DATA16_AN
  Relative segment, address: 0162 - 0163 (0x2 bytes), align: 0
  Segment part 10. ROOT.      Intra module refs:   init_t
           ENTRY                   ADDRESS         REF BY
           =====                   =======         ======
           TACCTL0                 0162 
    -------------------------------------------------------------------------
DATA16_AN
  Relative segment, address: 0172 - 0173 (0x2 bytes), align: 0
  Segment part 11. ROOT.      Intra module refs:   init_t
           ENTRY                   ADDRESS         REF BY
           =====                   =======         ======
           TACCR0                  0172 
    -------------------------------------------------------------------------
DATA16_AN
  Segment part 12. TENTATIVE. Used definition from bsp
           ENTRY                   ADDRESS         REF BY
           =====                   =======         ======
           WDTCTL                  
    -------------------------------------------------------------------------
DATA16_Z
  Relative segment, address: 024D - 024D (0x1 bytes), align: 0
  Segment part 19.            Intra module refs:   linkTo
           LOCAL                   ADDRESS         
           =====                   =======         
           sLinkID1                024D 
    -------------------------------------------------------------------------
DATA16_I
  Segment part 20. NOT NEEDED.
           ENTRY                   ADDRESS         REF BY
           =====                   =======         ======
           Flash_Addr              
    -------------------------------------------------------------------------
DATA16_I
  Relative segment, address: 0200 - 0201 (0x2 bytes), align: 1
  Segment part 22.            Intra module refs:   read_bat
           ENTRY                   ADDRESS         REF BY
           =====                   =======         ======
           tempOffset              0200 
    -------------------------------------------------------------------------
DATA16_Z
  Relative segment, address: 024E - 024E (0x1 bytes), align: 0
  Segment part 24.            Intra module refs:   Timer_A
                                                   linkTo
           LOCAL                   ADDRESS         
           =====                   =======         
           sSelfMeasureSem         024E 
    -------------------------------------------------------------------------
<CODE> 1 (was CODE)
  Relative segment, address: 9B86 - 9BB5 (0x30 bytes), align: 1
  Segment part 34.
           ENTRY                   ADDRESS         REF BY
           =====                   =======         ======
           main                    9B86            Segment part 17 (?cstart)
               calls direct
               CSTACK = 00000000 ( 00000004 )
    -------------------------------------------------------------------------
<CODE> 1 (was CODE)
  Relative segment, address: 9EFA - 9F11 (0x18 bytes), align: 1
  Segment part 35.            Intra module refs:   linkTo
                                                   main
           LOCAL                   ADDRESS         
           =====                   =======         
           ?Subroutine0            9EFA 
    -------------------------------------------------------------------------
<CODE> 1 (was CODE)
  Relative segment, address: 9202 - 92A5 (0xa4 bytes), align: 1
  Segment part 32.            Intra module refs:   main
           LOCAL                   ADDRESS         
           =====                   =======         
           linkTo                  9202 
               calls direct
               CSTACK = 00000000 ( 0000000A )
    -------------------------------------------------------------------------
<CODE> 1 (was CODE)
  Relative segment, address: A060 - A06B (0xc bytes), align: 1
  Segment part 33.            Intra module refs:   linkTo
           LOCAL                   ADDRESS         
           =====                   =======         
           ?Subroutine2            A060 
    -------------------------------------------------------------------------
<CODE> 1 (was CODE)
  Relative segment, address: 8FF4 - 90A7 (0xb4 bytes), align: 1
  Segment part 30.            Intra module refs:   linkTo
           ENTRY                   ADDRESS         REF BY
           =====                   =======         ======
           read_ultra              8FF4 
               calls direct
               CSTACK = 00000000 ( 0000000E )
    -------------------------------------------------------------------------
<CODE> 1 (was CODE)
  Relative segment, address: A096 - A09F (0xa bytes), align: 1
  Segment part 31.            Intra module refs:   read_ultra
           LOCAL                   ADDRESS         
           =====                   =======         
           ?Subroutine3            A096 
    -------------------------------------------------------------------------
<CODE> 1 (was CODE)
  Relative segment, address: 93C4 - 944B (0x88 bytes), align: 1
  Segment part 28.            Intra module refs:   linkTo
           ENTRY                   ADDRESS         REF BY
           =====                   =======         ======
           read_bat                93C4 
               CSTACK = 00000000 ( 00000006 )
    -------------------------------------------------------------------------
<CODE> 1 (was CODE)
  Relative segment, address: 9F12 - 9F27 (0x16 bytes), align: 1
  Segment part 29.            Intra module refs:   read_bat
           LOCAL                   ADDRESS         
           =====                   =======         
           ?Subroutine1            9F12 
    -------------------------------------------------------------------------
<CODE> 1 (was CODE)
  Relative segment, address: 92A6 - 9335 (0x90 bytes), align: 1
  Segment part 27.            Intra module refs:   main
           ENTRY                   ADDRESS         REF BY
           =====                   =======         ======
           init_t                  92A6 
               calls direct
               CSTACK = 00000000 ( 0000001A )
    -------------------------------------------------------------------------
<CODE> 1 (was CODE)
  Relative segment, address: A0D2 - A0D9 (0x8 bytes), align: 1
  Segment part 26.            Intra module refs:   ADC10_ISR::??INTVEC 10
           ENTRY                   ADDRESS         REF BY
           =====                   =======         ======
           ADC10_ISR               A0D2 
               interrupt function
               CSTACK = 00000000 ( 00000004 )
    -------------------------------------------------------------------------
<CODE> 1 (was CODE)
  Relative segment, address: A054 - A05F (0xc bytes), align: 1
  Segment part 25.            Intra module refs:   Timer_A::??INTVEC 18
           ENTRY                   ADDRESS         REF BY
           =====                   =======         ======
           Timer_A                 A054 
               interrupt function
               CSTACK = 00000000 ( 00000004 )
    -------------------------------------------------------------------------
INTVEC
  Common segment, address: FFE0 - FFEB (0xc bytes), align: 1
  Segment part 13. ROOT.
           ENTRY                   ADDRESS         REF BY
           =====                   =======         ======
           ADC10_ISR::??INTVEC 10
                                   FFEA 
    -------------------------------------------------------------------------
INTVEC
  Common segment, address: FFE0 - FFF3 (0x14 bytes), align: 1
  Segment part 14. ROOT.
           ENTRY                   ADDRESS         REF BY
           =====                   =======         ======
           Timer_A::??INTVEC 18    FFF2 
    -------------------------------------------------------------------------
CSTACK
  Segment part 15. NOT NEEDED.
    -------------------------------------------------------------------------
DATA16_ID
  Segment part 21. NOT NEEDED.
    -------------------------------------------------------------------------
DATA16_ID
  Relative segment, address: 809A - 809B (0x2 bytes), align: 1
  Segment part 23.            Intra module refs:   tempOffset
    -------------------------------------------------------------------------
CODE
  Segment part 36. TENTATIVE. Used definition from bsp
           ENTRY                   ADDRESS         REF BY
           =====                   =======         ======
           ?setjmp_save_r4         
    -------------------------------------------------------------------------
CODE
  Segment part 37. TENTATIVE. Used definition from bsp
           ENTRY                   ADDRESS         REF BY
           =====                   =======         ======
           ?setjmp_save_r5         
    -------------------------------------------------------------------------
DATA16_C
  Relative segment, address: 800C - 8017 (0xc bytes), align: 0
  Segment part 16.            Intra module refs:   read_ultra
    -------------------------------------------------------------------------
DATA16_C
  Relative segment, address: 8018 - 8036 (0x1f bytes), align: 0
  Segment part 17.            Intra module refs:   init_t
    -------------------------------------------------------------------------
DATA16_C
  Relative segment, address: 8037 - 8049 (0x13 bytes), align: 0
  Segment part 18.            Intra module refs:   init_t

    *************************************************************************

  FILE NAME : D:\Projetos\Software\park_way\Park_Way_1.0\End Device\Obj\mrfi.r43
  PROGRAM MODULE, NAME : mrfi

  SEGMENTS IN THE MODULE
  ======================
DATA16_AN
  Relative segment, address: 0003 - 0003 (0x1 bytes), align: 0
  Segment part 1. ROOT.       Intra module refs:   MRFI_Init
                                                   TXString (virtual_com_cmds)
                                                   mrfiSpiCmdStrobe
                                                   spiBurstFifoAccess
                                                   spiRegAccess
           ENTRY                   ADDRESS         REF BY
           =====                   =======         ======
           IFG2                    0003 
    -------------------------------------------------------------------------
DATA16_AN
  Relative segment, address: 0028 - 0028 (0x1 bytes), align: 0
  Segment part 2. ROOT.       Intra module refs:   MRFI_Transmit
           ENTRY                   ADDRESS         REF BY
           =====                   =======         ======
           P2IN                    0028 
    -------------------------------------------------------------------------
DATA16_AN
  Relative segment, address: 002B - 002B (0x1 bytes), align: 0
  Segment part 3. ROOT.       Intra module refs:   MRFI_GpioIsr
                                                   MRFI_Init
                                                   MRFI_Transmit
                                                   Mrfi_RxModeOff
                                                   Mrfi_RxModeOn
           ENTRY                   ADDRESS         REF BY
           =====                   =======         ======
           P2IFG                   002B 
    -------------------------------------------------------------------------
DATA16_AN
  Relative segment, address: 002C - 002C (0x1 bytes), align: 0
  Segment part 4. ROOT.       Intra module refs:   MRFI_Init
           ENTRY                   ADDRESS         REF BY
           =====                   =======         ======
           P2IES                   002C 
    -------------------------------------------------------------------------
DATA16_AN
  Relative segment, address: 002D - 002D (0x1 bytes), align: 0
  Segment part 5. ROOT.       Intra module refs:   MRFI_GpioIsr
                                                   Mrfi_RxModeOff
                                                   Mrfi_RxModeOn
           ENTRY                   ADDRESS         REF BY
           =====                   =======         ======
           P2IE                    002D 
    -------------------------------------------------------------------------
DATA16_AN
  Relative segment, address: 002E - 002E (0x1 bytes), align: 0
  Segment part 6. ROOT.       Intra module refs:   MRFI_Init
           ENTRY                   ADDRESS         REF BY
           =====                   =======         ======
           P2SEL                   002E 
    -------------------------------------------------------------------------
DATA16_AN
  Relative segment, address: 0018 - 0018 (0x1 bytes), align: 0
  Segment part 7. ROOT.       Intra module refs:   MRFI_Init
                                                   MRFI_WakeUp
           ENTRY                   ADDRESS         REF BY
           =====                   =======         ======
           P3IN                    0018 
    -------------------------------------------------------------------------
DATA16_AN
  Relative segment, address: 0019 - 0019 (0x1 bytes), align: 0
  Segment part 8. ROOT.       Intra module refs:   MRFI_Init
                                                   MRFI_WakeUp
                                                   mrfiSpiCmdStrobe
                                                   mrfiSpiInit
                                                   spiBurstFifoAccess
                                                   spiRegAccess
           ENTRY                   ADDRESS         REF BY
           =====                   =======         ======
           P3OUT                   0019 
    -------------------------------------------------------------------------
DATA16_AN
  Relative segment, address: 001A - 001A (0x1 bytes), align: 0
  Segment part 9. ROOT.       Intra module refs:   mrfiSpiInit
           ENTRY                   ADDRESS         REF BY
           =====                   =======         ======
           P3DIR                   001A 
    -------------------------------------------------------------------------
DATA16_AN
  Relative segment, address: 001B - 001B (0x1 bytes), align: 0
  Segment part 10. ROOT.      Intra module refs:   COM_Init (virtual_com_cmds)
                                                   mrfiSpiInit
           ENTRY                   ADDRESS         REF BY
           =====                   =======         ======
           P3SEL                   001B 
    -------------------------------------------------------------------------
DATA16_AN
  Relative segment, address: 0068 - 0068 (0x1 bytes), align: 0
  Segment part 11. ROOT.      Intra module refs:   mrfiSpiCmdStrobe
                                                   mrfiSpiInit
                                                   spiBurstFifoAccess
                                                   spiRegAccess
           ENTRY                   ADDRESS         REF BY
           =====                   =======         ======
           UCB0CTL0                0068 
    -------------------------------------------------------------------------
DATA16_AN
  Relative segment, address: 0069 - 0069 (0x1 bytes), align: 0
  Segment part 12. ROOT.      Intra module refs:   mrfiSpiInit
           ENTRY                   ADDRESS         REF BY
           =====                   =======         ======
           UCB0CTL1                0069 
    -------------------------------------------------------------------------
DATA16_AN
  Relative segment, address: 006A - 006A (0x1 bytes), align: 0
  Segment part 13. ROOT.      Intra module refs:   mrfiSpiInit
           ENTRY                   ADDRESS         REF BY
           =====                   =======         ======
           UCB0BR0                 006A 
    -------------------------------------------------------------------------
DATA16_AN
  Relative segment, address: 006B - 006B (0x1 bytes), align: 0
  Segment part 14. ROOT.      Intra module refs:   mrfiSpiInit
           ENTRY                   ADDRESS         REF BY
           =====                   =======         ======
           UCB0BR1                 006B 
    -------------------------------------------------------------------------
DATA16_AN
  Relative segment, address: 006E - 006E (0x1 bytes), align: 0
  Segment part 15. ROOT.      Intra module refs:   mrfiSpiCmdStrobe
                                                   spiBurstFifoAccess
                                                   spiRegAccess
           ENTRY                   ADDRESS         REF BY
           =====                   =======         ======
           UCB0RXBUF               006E 
    -------------------------------------------------------------------------
DATA16_AN
  Relative segment, address: 006F - 006F (0x1 bytes), align: 0
  Segment part 16. ROOT.      Intra module refs:   MRFI_Init
                                                   mrfiSpiCmdStrobe
                                                   spiBurstFifoAccess
                                                   spiRegAccess
           ENTRY                   ADDRESS         REF BY
           =====                   =======         ======
           UCB0TXBUF               006F 
    -------------------------------------------------------------------------
DATA16_C
  Relative segment, address: 804A - 8085 (0x3c bytes), align: 0
  Segment part 19.            Intra module refs:   MRFI_Init
           LOCAL                   ADDRESS         
           =====                   =======         
           mrfiRadioCfg            804A 
    -------------------------------------------------------------------------
DATA16_Z
  Relative segment, address: 024F - 024F (0x1 bytes), align: 0
  Segment part 20.            Intra module refs:   ?Subroutine0
                                                   ?Subroutine3
                                                   ?Subroutine4
                                                   MRFI_GetRadioState
                                                   MRFI_Init
                                                   MRFI_RxIdle
                                                   MRFI_RxOn
                                                   MRFI_Sleep
                                                   MRFI_Transmit
                                                   MRFI_WakeUp
           LOCAL                   ADDRESS         
           =====                   =======         
           mrfiRadioState          024F 
    -------------------------------------------------------------------------
DATA16_Z
  Relative segment, address: 0250 - 0267 (0x18 bytes), align: 0
  Segment part 21.            Intra module refs:   MRFI_Init
                                                   MRFI_Receive
                                                   Mrfi_SyncPinRxIsr
                                                   Segment part 80
           LOCAL                   ADDRESS         
           =====                   =======         
           mrfiIncomingPacket      0250 
    -------------------------------------------------------------------------
DATA16_Z
  Relative segment, address: 0268 - 0268 (0x1 bytes), align: 0
  Segment part 22.            Intra module refs:   MRFI_Init
                                                   MRFI_RandomByte
           LOCAL                   ADDRESS         
           =====                   =======         
           mrfiRndSeed             0268 
    -------------------------------------------------------------------------
DATA16_Z
  Relative segment, address: 0269 - 0269 (0x1 bytes), align: 0
  Segment part 23.            Intra module refs:   MRFI_PostKillSem
                                                   MRFI_ReplyDelay
           LOCAL                   ADDRESS         
           =====                   =======         
           sKillSem                0269 
    -------------------------------------------------------------------------
DATA16_Z
  Relative segment, address: 026A - 026A (0x1 bytes), align: 0
  Segment part 24.            Intra module refs:   MRFI_PostKillSem
                                                   MRFI_ReplyDelay
           LOCAL                   ADDRESS         
           =====                   =======         
           sReplyDelayContext      026A 
    -------------------------------------------------------------------------
DATA16_Z
  Relative segment, address: 022E - 022F (0x2 bytes), align: 1
  Segment part 25.            Intra module refs:   MRFI_Init
                                                   MRFI_ReplyDelay
           LOCAL                   ADDRESS         
           =====                   =======         
           sReplyDelayScalar       022E 
    -------------------------------------------------------------------------
DATA16_Z
  Relative segment, address: 0230 - 0231 (0x2 bytes), align: 1
  Segment part 26.            Intra module refs:   MRFI_Init
                                                   MRFI_Transmit
           LOCAL                   ADDRESS         
           =====                   =======         
           sBackoffHelper          0230 
    -------------------------------------------------------------------------
DATA16_C
  Relative segment, address: 8086 - 8089 (0x4 bytes), align: 0
  Segment part 27.            Intra module refs:   MRFI_RxAddrIsFiltered
           ENTRY                   ADDRESS         REF BY
           =====                   =======         ======
           mrfiBroadcastAddr       8086            nwk_getBCastAddress (nwk_globals)
    -------------------------------------------------------------------------
DATA16_C
  Relative segment, address: 808A - 808D (0x4 bytes), align: 0
  Segment part 28.            Intra module refs:   MRFI_SetLogicalChannel
           LOCAL                   ADDRESS         
           =====                   =======         
           mrfiLogicalChanTable    808A 
    -------------------------------------------------------------------------
DATA16_C
  Relative segment, address: 808E - 8090 (0x3 bytes), align: 0
  Segment part 29.            Intra module refs:   MRFI_SetRFPwr
           LOCAL                   ADDRESS         
           =====                   =======         
           mrfiRFPowerTable        808E 
    -------------------------------------------------------------------------
DATA16_Z
  Relative segment, address: 026B - 026B (0x1 bytes), align: 0
  Segment part 30.            Intra module refs:   MRFI_EnableRxAddrFilter
                                                   MRFI_RxAddrIsFiltered
           LOCAL                   ADDRESS         
           =====                   =======         
           mrfiRxFilterEnabled     026B 
    -------------------------------------------------------------------------
DATA16_I
  Relative segment, address: 0202 - 0205 (0x4 bytes), align: 0
  Segment part 31.            Intra module refs:   MRFI_EnableRxAddrFilter
                                                   MRFI_RxAddrIsFiltered
                                                   MRFI_SetRxAddrFilter
           LOCAL                   ADDRESS         
           =====                   =======         
           mrfiRxFilterAddr        0202 
    -------------------------------------------------------------------------
<CODE> 1 (was CODE)
  Relative segment, address: 80F8 - 8137 (0x40 bytes), align: 1
  Segment part 34.            Intra module refs:   Mrfi_SyncPinRxIsr
           ENTRY                   ADDRESS         REF BY
           =====                   =======         ======
           MRFI_RxAddrIsFiltered   80F8 
               CSTACK = 00000000 ( 00000006 )
    -------------------------------------------------------------------------
CODE
  Segment part 35. NOT NEEDED.
           ENTRY                   ADDRESS         REF BY
           =====                   =======         ======
           MRFI_DisableRxAddrFilter
                                   
               calls direct
    -------------------------------------------------------------------------
<CODE> 1 (was CODE)
  Relative segment, address: 8138 - 814D (0x16 bytes), align: 1
  Segment part 36.
           ENTRY                   ADDRESS         REF BY
           =====                   =======         ======
           MRFI_EnableRxAddrFilter
                                   8138            SMPL_Init (nwk_api)
               calls direct
               CSTACK = 00000000 ( 00000002 )
    -------------------------------------------------------------------------
<CODE> 1 (was CODE)
  Relative segment, address: 814E - 8179 (0x2c bytes), align: 1
  Segment part 37.
           ENTRY                   ADDRESS         REF BY
           =====                   =======         ======
           MRFI_SetRxAddrFilter    814E            SMPL_Init (nwk_api)
               calls direct
               CSTACK = 00000000 ( 00000004 )
    -------------------------------------------------------------------------
<CODE> 1 (was CODE)
  Relative segment, address: 817A - 818D (0x14 bytes), align: 1
  Segment part 38.            Intra module refs:   MRFI_Init
           ENTRY                   ADDRESS         REF BY
           =====                   =======         ======
           MRFI_SetRFPwr           817A            nwk_radioControl (nwk_ioctl)
               calls direct
               CSTACK = 00000000 ( 00000004 )
    -------------------------------------------------------------------------
<CODE> 1 (was CODE)
  Relative segment, address: 818E - 81A1 (0x14 bytes), align: 1
  Segment part 39.            Intra module refs:   MRFI_SetLogicalChannel
                                                   MRFI_SetRFPwr
           LOCAL                   ADDRESS         
           =====                   =======         
           ?Subroutine0            818E 
    -------------------------------------------------------------------------
<CODE> 1 (was CODE)
  Relative segment, address: 81A2 - 81B5 (0x14 bytes), align: 1
  Segment part 40.            Intra module refs:   MRFI_Init
           ENTRY                   ADDRESS         REF BY
           =====                   =======         ======
           MRFI_SetLogicalChannel
                                   81A2 
               calls direct
               CSTACK = 00000000 ( 00000004 )
    -------------------------------------------------------------------------
<CODE> 1 (was CODE)
  Relative segment, address: 81B6 - 81BD (0x8 bytes), align: 1
  Segment part 41.            Intra module refs:   MRFI_SetLogicalChannel
                                                   MRFI_SetRFPwr
           LOCAL                   ADDRESS         
           =====                   =======         
           ?Subroutine5            81B6 
    -------------------------------------------------------------------------
<CODE> 1 (was CODE)
  Relative segment, address: 81BE - 8217 (0x5a bytes), align: 1
  Segment part 42.            Intra module refs:   mrfiSpiReadRxFifo
                                                   mrfiSpiWriteTxFifo
           LOCAL                   ADDRESS         
           =====                   =======         
           spiBurstFifoAccess      81BE 
               CSTACK = 00000000 ( 00000002 )
    -------------------------------------------------------------------------
<CODE> 1 (was CODE)
  Relative segment, address: 8218 - 8221 (0xa bytes), align: 1
  Segment part 43.            Intra module refs:   MRFI_EnableRxAddrFilter
                                                   MRFI_Transmit
                                                   spiBurstFifoAccess
           LOCAL                   ADDRESS         
           =====                   =======         
           ?Subroutine6            8218 
    -------------------------------------------------------------------------
<CODE> 1 (was CODE)
  Relative segment, address: 8222 - 822B (0xa bytes), align: 1
  Segment part 44.            Intra module refs:   Mrfi_SyncPinRxIsr
           ENTRY                   ADDRESS         REF BY
           =====                   =======         ======
           mrfiSpiReadRxFifo       8222 
               calls direct
               CSTACK = 00000000 ( 00000002 )
    -------------------------------------------------------------------------
<CODE> 1 (was CODE)
  Relative segment, address: 822C - 8237 (0xc bytes), align: 1
  Segment part 45.            Intra module refs:   MRFI_Transmit
           ENTRY                   ADDRESS         REF BY
           =====                   =======         ======
           mrfiSpiWriteTxFifo      822C 
               calls direct
               CSTACK = 00000000 ( 00000002 )
    -------------------------------------------------------------------------
<CODE> 1 (was CODE)
  Relative segment, address: 8238 - 824B (0x14 bytes), align: 1
  Segment part 46.            Intra module refs:   mrfiSpiReadReg
                                                   mrfiSpiWriteReg
           LOCAL                   ADDRESS         
           =====                   =======         
           spiRegAccess            8238 
               CSTACK = 00000000 ( 00000002 )
    -------------------------------------------------------------------------
<CODE> 1 (was CODE)
  Relative segment, address: 824C - 8253 (0x8 bytes), align: 1
  Segment part 47.            Intra module refs:   mrfiSpiCmdStrobe
                                                   spiRegAccess
           LOCAL                   ADDRESS         
           =====                   =======         
           ?Subroutine1            824C 
    -------------------------------------------------------------------------
<CODE> 1 (was CODE)
  Relative segment, address: 8254 - 825B (0x8 bytes), align: 1
  Segment part 48.            Intra module refs:   ?Subroutine1
                                                   spiBurstFifoAccess
    -------------------------------------------------------------------------
<CODE> 1 (was CODE)
  Relative segment, address: 825C - 8263 (0x8 bytes), align: 1
  Segment part 49.            Intra module refs:   ?Subroutine1
                                                   MRFI_Init
                                                   spiBurstFifoAccess
                                                   spiRegAccess
           LOCAL                   ADDRESS         
           =====                   =======         
           ?Subroutine10           825C 
    -------------------------------------------------------------------------
<CODE> 1 (was CODE)
  Relative segment, address: 8264 - 8271 (0xe bytes), align: 1
  Segment part 50.            Intra module refs:   MRFI_Init
                                                   mrfiSpiCmdStrobe
                                                   spiBurstFifoAccess
                                                   spiRegAccess
           LOCAL                   ADDRESS         
           =====                   =======         
           ?Subroutine9            8264 
    -------------------------------------------------------------------------
<CODE> 1 (was CODE)
  Relative segment, address: 8272 - 8283 (0x12 bytes), align: 1
  Segment part 51.            Intra module refs:   ?Subroutine0
                                                   MRFI_EnableRxAddrFilter
                                                   MRFI_Init
                                                   MRFI_SetRxAddrFilter
                                                   MRFI_WakeUp
                                                   Segment part 86
           ENTRY                   ADDRESS         REF BY
           =====                   =======         ======
           mrfiSpiWriteReg         8272 
               calls direct
               CSTACK = 00000000 ( 00000002 )
    -------------------------------------------------------------------------
<CODE> 1 (was CODE)
  Relative segment, address: 8284 - 8297 (0x14 bytes), align: 1
  Segment part 52.            Intra module refs:   ?Subroutine11
                                                   MRFI_Init
                                                   MRFI_Rssi
                                                   Mrfi_SyncPinRxIsr
           ENTRY                   ADDRESS         REF BY
           =====                   =======         ======
           mrfiSpiReadReg          8284 
               calls direct
               CSTACK = 00000000 ( 00000002 )
    -------------------------------------------------------------------------
<CODE> 1 (was CODE)
  Relative segment, address: 8298 - 82A1 (0xa bytes), align: 1
  Segment part 53.            Intra module refs:   ?Subroutine5
                                                   mrfiSpiCmdStrobe
                                                   mrfiSpiReadReg
           LOCAL                   ADDRESS         
           =====                   =======         
           ?Subroutine16           8298 
    -------------------------------------------------------------------------
<CODE> 1 (was CODE)
  Relative segment, address: 82A2 - 82B9 (0x18 bytes), align: 1
  Segment part 54.            Intra module refs:   ?Subroutine12
                                                   MRFI_Init
                                                   MRFI_Sleep
                                                   MRFI_Transmit
                                                   Mrfi_RxModeOff
                                                   Mrfi_RxModeOn
                                                   Mrfi_SyncPinRxIsr
           ENTRY                   ADDRESS         REF BY
           =====                   =======         ======
           mrfiSpiCmdStrobe        82A2 
               CSTACK = 00000000 ( 00000002 )
    -------------------------------------------------------------------------
<CODE> 1 (was CODE)
  Relative segment, address: 82BA - 82C7 (0xe bytes), align: 1
  Segment part 55.            Intra module refs:   mrfiSpiCmdStrobe
                                                   spiRegAccess
           LOCAL                   ADDRESS         
           =====                   =======         
           ?Subroutine7            82BA 
    -------------------------------------------------------------------------
<CODE> 1 (was CODE)
  Relative segment, address: 82C8 - 82D7 (0x10 bytes), align: 1
  Segment part 56.            Intra module refs:   ?Subroutine7
                                                   spiBurstFifoAccess
           LOCAL                   ADDRESS         
           =====                   =======         
           ?Subroutine17           82C8 
    -------------------------------------------------------------------------
<CODE> 1 (was CODE)
  Relative segment, address: 82D8 - 830B (0x34 bytes), align: 1
  Segment part 57.            Intra module refs:   MRFI_Init
           ENTRY                   ADDRESS         REF BY
           =====                   =======         ======
           mrfiSpiInit             82D8 
               CSTACK = 00000000 ( 00000002 )
    -------------------------------------------------------------------------
<CODE> 1 (was CODE)
  Relative segment, address: 830C - 8311 (0x6 bytes), align: 1
  Segment part 58.
           ENTRY                   ADDRESS         REF BY
           =====                   =======         ======
           MRFI_GetRadioState      830C            SMPL_SendOpt (nwk_api)
                                                   nwk_join (nwk_join)
                                                   nwk_link (nwk_link)
                                                   nwk_ping (nwk_ping)
               CSTACK = 00000000 ( 00000002 )
    -------------------------------------------------------------------------
<CODE> 1 (was CODE)
  Relative segment, address: 8312 - 831D (0xc bytes), align: 1
  Segment part 59.
           ENTRY                   ADDRESS         REF BY
           =====                   =======         ======
           MRFI_PostKillSem        8312            nwk_isConnectionValid (nwk)
                                                   nwk_processJoin (nwk_join)
                                                   nwk_processLink (nwk_link)
                                                   nwk_processMgmt (nwk_mgmt)
                                                   nwk_processPing (nwk_ping)
               CSTACK = 00000000 ( 00000002 )
    -------------------------------------------------------------------------
<CODE> 1 (was CODE)
  Relative segment, address: 831E - 836F (0x52 bytes), align: 1
  Segment part 60.
           ENTRY                   ADDRESS         REF BY
           =====                   =======         ======
           MRFI_ReplyDelay         831E            nwk_join (nwk_join)
                                                   nwk_link (nwk_link)
                                                   nwk_ping (nwk_ping)
               calls direct
               CSTACK = 00000000 ( 00000008 )
    -------------------------------------------------------------------------
CODE
  Segment part 61. NOT NEEDED.
           ENTRY                   ADDRESS         REF BY
           =====                   =======         ======
           MRFI_DelayMs            
               calls direct
    -------------------------------------------------------------------------
<CODE> 1 (was CODE)
  Relative segment, address: 8370 - 8391 (0x22 bytes), align: 1
  Segment part 62.            Intra module refs:   ?Subroutine11
                                                   MRFI_Init
                                                   MRFI_Transmit
           LOCAL                   ADDRESS         
           =====                   =======         
           Mrfi_DelayUsec          8370 
               calls direct
               CSTACK = 00000000 ( 00000006 )
    -------------------------------------------------------------------------
<CODE> 1 (was CODE)
  Relative segment, address: 8392 - 839D (0xc bytes), align: 1
  Segment part 63.            Intra module refs:   MRFI_ReplyDelay
                                                   Mrfi_DelayUsec
           LOCAL                   ADDRESS         
           =====                   =======         
           ?Subroutine8            8392 
    -------------------------------------------------------------------------
<CODE> 1 (was CODE)
  Relative segment, address: 839E - 83B3 (0x16 bytes), align: 1
  Segment part 64.            Intra module refs:   MRFI_Transmit
           ENTRY                   ADDRESS         REF BY
           =====                   =======         ======
           MRFI_RandomByte         839E            nwk_frameInit (nwk_frame)
                                                   nwk_joinInit (nwk_join)
                                                   nwk_linkInit (nwk_link)
                                                   nwk_mgmtInit (nwk_mgmt)
                                                   nwk_pingInit (nwk_ping)
               CSTACK = 00000000 ( 00000002 )
    -------------------------------------------------------------------------
<CODE> 1 (was CODE)
  Relative segment, address: 83B4 - 83DB (0x28 bytes), align: 1
  Segment part 65.            Intra module refs:   MRFI_Rssi
                                                   Mrfi_SyncPinRxIsr
           LOCAL                   ADDRESS         
           =====                   =======         
           Mrfi_CalculateRssi      83B4 
               CSTACK = 00000000 ( 00000002 )
    -------------------------------------------------------------------------
<CODE> 1 (was CODE)
  Relative segment, address: 83DC - 83F5 (0x1a bytes), align: 1
  Segment part 66.
           ENTRY                   ADDRESS         REF BY
           =====                   =======         ======
           MRFI_Rssi               83DC            nwk_radioControl (nwk_ioctl)
               calls direct
               CSTACK = 00000000 ( 00000004 )
    -------------------------------------------------------------------------
<CODE> 1 (was CODE)
  Relative segment, address: 83F6 - 840F (0x1a bytes), align: 1
  Segment part 67.            Intra module refs:   BSP_GpioPort1Isr
           ENTRY                   ADDRESS         REF BY
           =====                   =======         ======
           MRFI_GpioIsr            83F6 
               calls direct
               CSTACK = 00000000 ( 00000002 )
    -------------------------------------------------------------------------
<CODE> 1 (was CODE)
  Relative segment, address: 8410 - 8451 (0x42 bytes), align: 1
  Segment part 68.
           ENTRY                   ADDRESS         REF BY
           =====                   =======         ======
           MRFI_WakeUp             8410            ?Subroutine1 (nwk_link)
                                                   SMPL_Init (nwk_api)
                                                   nwk_join (nwk_join)
                                                   nwk_ping (nwk_ping)
                                                   nwk_radioControl (nwk_ioctl)
               calls direct
               CSTACK = 00000000 ( 00000002 )
    -------------------------------------------------------------------------
<CODE> 1 (was CODE)
  Relative segment, address: 8452 - 8475 (0x24 bytes), align: 1
  Segment part 69.
           ENTRY                   ADDRESS         REF BY
           =====                   =======         ======
           MRFI_Sleep              8452            ?Subroutine2 (nwk_link)
                                                   nwk_join (nwk_join)
                                                   nwk_ping (nwk_ping)
                                                   nwk_radioControl (nwk_ioctl)
               calls direct
               CSTACK = 00000000 ( 00000004 )
    -------------------------------------------------------------------------
<CODE> 1 (was CODE)
  Relative segment, address: 8476 - 8485 (0x10 bytes), align: 1
  Segment part 70.            Intra module refs:   MRFI_Sleep
           ENTRY                   ADDRESS         REF BY
           =====                   =======         ======
           MRFI_RxIdle             8476            ?Subroutine2 (nwk_link)
                                                   nwk_join (nwk_join)
                                                   nwk_ping (nwk_ping)
                                                   nwk_radioControl (nwk_ioctl)
               calls direct
               CSTACK = 00000000 ( 00000002 )
    -------------------------------------------------------------------------
<CODE> 1 (was CODE)
  Relative segment, address: 8486 - 8497 (0x12 bytes), align: 1
  Segment part 71.            Intra module refs:   ?Subroutine5
                                                   MRFI_Init
                                                   MRFI_RxIdle
                                                   MRFI_Transmit
           LOCAL                   ADDRESS         
           =====                   =======         
           Mrfi_RxModeOff          8486 
               calls direct
               CSTACK = 00000000 ( 00000002 )
    -------------------------------------------------------------------------
<CODE> 1 (was CODE)
  Relative segment, address: 8498 - 849F (0x8 bytes), align: 1
  Segment part 72.            Intra module refs:   MRFI_GpioIsr
                                                   MRFI_Init
                                                   MRFI_Transmit
                                                   Mrfi_RxModeOff
                                                   Mrfi_RxModeOn
           LOCAL                   ADDRESS         
           =====                   =======         
           ?Subroutine13           8498 
    -------------------------------------------------------------------------
<CODE> 1 (was CODE)
  Relative segment, address: 84A0 - 84B7 (0x18 bytes), align: 1
  Segment part 73.            Intra module refs:   MRFI_WakeUp
                                                   Mrfi_RxModeOff
           LOCAL                   ADDRESS         
           =====                   =======         
           ?Subroutine12           84A0 
    -------------------------------------------------------------------------
<CODE> 1 (was CODE)
  Relative segment, address: 84B8 - 84C9 (0x12 bytes), align: 1
  Segment part 74.
           ENTRY                   ADDRESS         REF BY
           =====                   =======         ======
           MRFI_RxOn               84B8            ?Subroutine1 (nwk_link)
                                                   nwk_join (nwk_join)
                                                   nwk_ping (nwk_ping)
                                                   nwk_radioControl (nwk_ioctl)
               calls direct
               CSTACK = 00000000 ( 00000002 )
    -------------------------------------------------------------------------
<CODE> 1 (was CODE)
  Relative segment, address: 84CA - 84DD (0x14 bytes), align: 1
  Segment part 75.            Intra module refs:   MRFI_RxIdle
                                                   MRFI_RxOn
           LOCAL                   ADDRESS         
           =====                   =======         
           ?Subroutine4            84CA 
    -------------------------------------------------------------------------
<CODE> 1 (was CODE)
  Relative segment, address: 84DE - 84F1 (0x14 bytes), align: 1
  Segment part 76.            Intra module refs:   ?Subroutine0
                                                   MRFI_RxOn
                                                   MRFI_Transmit
           LOCAL                   ADDRESS         
           =====                   =======         
           Mrfi_RxModeOn           84DE 
               calls direct
               CSTACK = 00000000 ( 00000002 )
    -------------------------------------------------------------------------
<CODE> 1 (was CODE)
  Relative segment, address: 84F2 - 85AD (0xbc bytes), align: 1
  Segment part 77.            Intra module refs:   MRFI_GpioIsr
           LOCAL                   ADDRESS         
           =====                   =======         
           Mrfi_SyncPinRxIsr       84F2 
               calls direct and indirect
               CSTACK = 00000000 ( 00000008 )
    -------------------------------------------------------------------------
<CODE> 1 (was CODE)
  Relative segment, address: 85AE - 85B3 (0x6 bytes), align: 1
  Segment part 78.            Intra module refs:   MRFI_Init
                                                   MRFI_RxAddrIsFiltered
                                                   Mrfi_DelayUsec
                                                   Mrfi_SyncPinRxIsr
           LOCAL                   ADDRESS         
           =====                   =======         
           ?Subroutine2            85AE 
    -------------------------------------------------------------------------
<CODE> 1 (was CODE)
  Relative segment, address: 85B4 - 85B7 (0x4 bytes), align: 1
  Segment part 79.            Intra module refs:   MRFI_Init
                                                   Mrfi_SyncPinRxIsr
           LOCAL                   ADDRESS         
           =====                   =======         
           ?Subroutine15           85B4 
    -------------------------------------------------------------------------
<CODE> 1 (was CODE)
  Relative segment, address: 85B8 - 85C1 (0xa bytes), align: 1
  Segment part 80.            Intra module refs:   ?Subroutine15
                                                   MRFI_Init
    -------------------------------------------------------------------------
<CODE> 1 (was CODE)
  Relative segment, address: 85C2 - 85CD (0xc bytes), align: 1
  Segment part 81.
           ENTRY                   ADDRESS         REF BY
           =====                   =======         ======
           MRFI_Receive            85C2            MRFI_RxCompleteISR (nwk_frame)
               CSTACK = 00000000 ( 00000002 )
    -------------------------------------------------------------------------
<CODE> 1 (was CODE)
  Relative segment, address: 85CE - 86A5 (0xd8 bytes), align: 1
  Segment part 82.
           ENTRY                   ADDRESS         REF BY
           =====                   =======         ======
           MRFI_Transmit           85CE            nwk_sendFrame (nwk_frame)
               calls direct and indirect
               CSTACK = 00000000 ( 0000000A )
    -------------------------------------------------------------------------
<CODE> 1 (was CODE)
  Relative segment, address: 86A6 - 86C5 (0x20 bytes), align: 1
  Segment part 83.            Intra module refs:   MRFI_Rssi
                                                   MRFI_Transmit
           LOCAL                   ADDRESS         
           =====                   =======         
           ?Subroutine11           86A6 
    -------------------------------------------------------------------------
<CODE> 1 (was CODE)
  Relative segment, address: 86C6 - 87F9 (0x134 bytes), align: 1
  Segment part 84.
           ENTRY                   ADDRESS         REF BY
           =====                   =======         ======
           MRFI_Init               86C6            SMPL_Init (nwk_api)
               calls direct and indirect
               CSTACK = 00000000 ( 00000006 )
    -------------------------------------------------------------------------
<CODE> 1 (was CODE)
  Relative segment, address: A0AA - A0AD (0x4 bytes), align: 1
  Segment part 85.            Intra module refs:   MRFI_Init
                                                   MRFI_Transmit
           LOCAL                   ADDRESS         
           =====                   =======         
           ?Subroutine14           A0AA 
    -------------------------------------------------------------------------
<CODE> 1 (was CODE)
  Relative segment, address: A0AE - A0B3 (0x6 bytes), align: 1
  Segment part 86.            Intra module refs:   ?Subroutine14
                                                   MRFI_Transmit
    -------------------------------------------------------------------------
<CODE> 1 (was CODE)
  Relative segment, address: 9FF4 - A003 (0x10 bytes), align: 1
  Segment part 87.            Intra module refs:   MRFI_Init
                                                   MRFI_Rssi
                                                   MRFI_Transmit
                                                   Mrfi_SyncPinRxIsr
                                                   mrfiSpiWriteReg
           LOCAL                   ADDRESS         
           =====                   =======         
           ?Subroutine3            9FF4 
    -------------------------------------------------------------------------
<CODE> 1 (was CODE)
  Relative segment, address: 9F28 - 9F3D (0x16 bytes), align: 1
  Segment part 33.            Intra module refs:   BSP_GpioPort1Isr::??INTVEC 6
           ENTRY                   ADDRESS         REF BY
           =====                   =======         ======
           BSP_GpioPort1Isr        9F28 
               interrupt function
               calls direct
               CSTACK = 00000000 ( 0000000C )
    -------------------------------------------------------------------------
INTVEC
  Common segment, address: FFE0 - FFE7 (0x8 bytes), align: 1
  Segment part 17. ROOT.
           ENTRY                   ADDRESS         REF BY
           =====                   =======         ======
           BSP_GpioPort1Isr::??INTVEC 6
                                   FFE6 
    -------------------------------------------------------------------------
CSTACK
  Segment part 18. NOT NEEDED.
    -------------------------------------------------------------------------
DATA16_ID
  Relative segment, address: 809C - 809F (0x4 bytes), align: 0
  Segment part 32.            Intra module refs:   mrfiRxFilterAddr
    -------------------------------------------------------------------------
CODE
  Segment part 88. TENTATIVE. Used definition from bsp
           ENTRY                   ADDRESS         REF BY
           =====                   =======         ======
           ?setjmp_save_r4         
    -------------------------------------------------------------------------
CODE
  Segment part 89. TENTATIVE. Used definition from bsp
           ENTRY                   ADDRESS         REF BY
           =====                   =======         ======
           ?setjmp_save_r5         

    *************************************************************************

  FILE NAME : D:\Projetos\Software\park_way\Park_Way_1.0\End Device\Obj\nwk.r43
  PROGRAM MODULE, NAME : nwk

  SEGMENTS IN THE MODULE
  ======================
DATA16_I
  Relative segment, address: 0206 - 022B (0x26 bytes), align: 0
  Segment part 2.             Intra module refs:   initializeConnection
                                                   map_lid2idx
                                                   nwk_allocateLocalRxPort
                                                   nwk_findPeer
                                                   nwk_getConnInfo
                                                   nwk_getNextConnection
                                                   nwk_isConnectionValid
                                                   nwk_isLinkDuplicate
                                                   nwk_nwkInit
           LOCAL                   ADDRESS         
           =====                   =======         
           sPersistInfo            0206 
    -------------------------------------------------------------------------
<CODE> 1 (was CODE)
  Relative segment, address: 94D4 - 9559 (0x86 bytes), align: 1
  Segment part 22.
           ENTRY                   ADDRESS         REF BY
           =====                   =======         ======
           nwk_nwkInit             94D4            SMPL_Init (nwk_api)
               calls direct
               CSTACK = 00000000 ( 00000004 )
    -------------------------------------------------------------------------
<CODE> 1 (was CODE)
  Relative segment, address: 9820 - 986B (0x4c bytes), align: 1
  Segment part 21.
           ENTRY                   ADDRESS         REF BY
           =====                   =======         ======
           nwk_getNextConnection   9820            nwk_link (nwk_link)
                                                   smpl_send_link_reply (nwk_link)
               calls direct
               CSTACK = 00000000 ( 00000004 )
    -------------------------------------------------------------------------
<CODE> 1 (was CODE)
  Relative segment, address: 9B26 - 9B55 (0x30 bytes), align: 1
  Segment part 20.            Intra module refs:   nwk_getNextConnection
           LOCAL                   ADDRESS         
           =====                   =======         
           initializeConnection    9B26 
               calls direct
               CSTACK = 00000000 ( 00000004 )
    -------------------------------------------------------------------------
<CODE> 1 (was CODE)
  Relative segment, address: A0E0 - A0E5 (0x6 bytes), align: 1
  Segment part 19.
           ENTRY                   ADDRESS         REF BY
           =====                   =======         ======
           nwk_freeConnection      A0E0            nwk_connectionControl (nwk_ioctl)
                                                   nwk_link (nwk_link)
                                                   smpl_send_link_reply (nwk_link)
                                                   smpl_send_unlink_reply (nwk_link)
               CSTACK = 00000000 ( 00000002 )
    -------------------------------------------------------------------------
<CODE> 1 (was CODE)
  Relative segment, address: 9BB6 - 9BE3 (0x2e bytes), align: 1
  Segment part 18.
           ENTRY                   ADDRESS         REF BY
           =====                   =======         ======
           nwk_getConnInfo         9BB6            SMPL_SendOpt (nwk_api)
                                                   nwk_QfindOldest (nwk_QMgmt)
                                                   nwk_connectionControl (nwk_ioctl)
                                                   nwk_ping (nwk_ping)
                                                   nwk_radioControl (nwk_ioctl)
                                                   nwk_retrieveFrame (nwk_frame)
               calls direct
               CSTACK = 00000000 ( 00000004 )
    -------------------------------------------------------------------------
<CODE> 1 (was CODE)
  Relative segment, address: A048 - A053 (0xc bytes), align: 1
  Segment part 14.            Intra module refs:   nwk_allocateLocalRxPort
                                                   nwk_isConnectionValid
                                                   nwk_isLinkDuplicate
           LOCAL                   ADDRESS         
           =====                   =======         
           ?Subroutine1            A048 
    -------------------------------------------------------------------------
<CODE> 1 (was CODE)
  Relative segment, address: 99B2 - 99EB (0x3a bytes), align: 1
  Segment part 17.
           ENTRY                   ADDRESS         REF BY
           =====                   =======         ======
           nwk_isLinkDuplicate     99B2            smpl_send_link_reply (nwk_link)
               calls direct
               CSTACK = 00000000 ( 0000000A )
    -------------------------------------------------------------------------
CODE
  Segment part 16. NOT NEEDED.
           ENTRY                   ADDRESS         REF BY
           =====                   =======         ======
           nwk_findAddressMatch    
               calls direct
    -------------------------------------------------------------------------
<CODE> 1 (was CODE)
  Relative segment, address: 9CE6 - 9D0B (0x26 bytes), align: 1
  Segment part 15.
           ENTRY                   ADDRESS         REF BY
           =====                   =======         ======
           nwk_checkConnInfo       9CE6            SMPL_SendOpt (nwk_api)
               CSTACK = 00000000 ( 00000002 )
    -------------------------------------------------------------------------
<CODE> 1 (was CODE)
  Relative segment, address: 971E - 9777 (0x5a bytes), align: 1
  Segment part 13.
           ENTRY                   ADDRESS         REF BY
           =====                   =======         ======
           nwk_isConnectionValid   971E            dispatchFrame (nwk_frame)
               calls direct
               CSTACK = 00000000 ( 0000000C )
    -------------------------------------------------------------------------
<CODE> 1 (was CODE)
  Relative segment, address: 8F30 - 8FF3 (0xc4 bytes), align: 1
  Segment part 12.
           ENTRY                   ADDRESS         REF BY
           =====                   =======         ======
           nwk_allocateLocalRxPort
                                   8F30            nwk_link (nwk_link)
                                                   smpl_send_link_reply (nwk_link)
               calls direct
               CSTACK = 00000000 ( 0000000E )
    -------------------------------------------------------------------------
[...]
           ?Mul16                  9AC8            BSP_Delay (bsp)
           ?Mul16to32u             9AC8 

    -------------------------------------------------------------------------
  LIBRARY MODULE, NAME : ?Mul32

  SEGMENTS IN THE MODULE
  ======================
<CODE> 1 (was CODE)
  Relative segment, address: 9B56 - 9B85 (0x30 bytes), align: 1
  Segment part 0.
           ENTRY                   ADDRESS         REF BY
           =====                   =======         ======
           ?Mul32                  9B56            read_bat (main_ED)

    -------------------------------------------------------------------------
  LIBRARY MODULE, NAME : ?DivMod816u

  SEGMENTS IN THE MODULE
  ======================
<CODE> 1 (was CODE)
  Relative segment, address: 9E46 - 9E61 (0x1c bytes), align: 1
  Segment part 0.
           ENTRY                   ADDRESS         REF BY
           =====                   =======         ======
           ?DivMod8u               9E46 
           ?DivMod16u              9E4A            Segment part 0 (?DivMod816s)

    -------------------------------------------------------------------------
  LIBRARY MODULE, NAME : ?DivMod816s

  SEGMENTS IN THE MODULE
  ======================
<CODE> 1 (was CODE)
  Relative segment, address: 9A5C - 9A8F (0x34 bytes), align: 1
  Segment part 0.
           ENTRY                   ADDRESS         REF BY
           =====                   =======         ======
           ?DivMod8s               9A5C 
           ?DivMod16s              9A60            ?Subroutine3 (main_ED)
                                                   Mrfi_CalculateRssi (mrfi)
                                                   getEcho (u_sensor)
                                                   read_ultra (main_ED)

    -------------------------------------------------------------------------
  LIBRARY MODULE, NAME : ?DivMod32u

  SEGMENTS IN THE MODULE
  ======================
<CODE> 1 (was CODE)
  Relative segment, address: 9A24 - 9A5B (0x38 bytes), align: 1
  Segment part 0.
           ENTRY                   ADDRESS         REF BY
           =====                   =======         ======
           ?DivMod32u              9A24            ?DivMod32s (?DivMod32s)

    -------------------------------------------------------------------------
  LIBRARY MODULE, NAME : ?DivMod32s

  SEGMENTS IN THE MODULE
  ======================
<CODE> 1 (was CODE)
  Relative segment, address: 98FC - 993B (0x40 bytes), align: 1
  Segment part 0.
           ENTRY                   ADDRESS         REF BY
           =====                   =======         ======
           ?DivMod32s              98FC            read_bat (main_ED)

    -------------------------------------------------------------------------
  LIBRARY MODULE, NAME : ?ShiftLeft16_n

  SEGMENTS IN THE MODULE
  ======================
CODE
  Segment part 0. NOT NEEDED.
           ENTRY                   ADDRESS         REF BY
           =====                   =======         ======
           ?ShiftLeft16_7          
           ?ShiftLeft16_6          
           ?ShiftLeft16_5          
           ?ShiftLeft16_4          
           ?ShiftLeft16_3          

    -------------------------------------------------------------------------
  LIBRARY MODULE, NAME : ?ShiftLeft32_n

  SEGMENTS IN THE MODULE
  ======================
CODE
  Segment part 0. NOT NEEDED.
           ENTRY                   ADDRESS         REF BY
           =====                   =======         ======
           ?ShiftLeft32_7          
    -------------------------------------------------------------------------
CODE
  Segment part 1. NOT NEEDED.
           ENTRY                   ADDRESS         REF BY
           =====                   =======         ======
           ?ShiftLeft32_6          
    -------------------------------------------------------------------------
CODE
  Segment part 2. NOT NEEDED.
           ENTRY                   ADDRESS         REF BY
           =====                   =======         ======
           ?ShiftLeft32_5          
    -------------------------------------------------------------------------
CODE
  Segment part 3. NOT NEEDED.
           ENTRY                   ADDRESS         REF BY
           =====                   =======         ======
           ?ShiftLeft32_4          
    -------------------------------------------------------------------------
CODE
  Segment part 4. NOT NEEDED.
           ENTRY                   ADDRESS         REF BY
           =====                   =======         ======
           ?ShiftLeft32_3          

    -------------------------------------------------------------------------
  LIBRARY MODULE, NAME : ?ShiftRight16u_n

  SEGMENTS IN THE MODULE
  ======================
CODE
  Segment part 0. NOT NEEDED.
           ENTRY                   ADDRESS         REF BY
           =====                   =======         ======
           ?ShiftRight16u_7        
    -------------------------------------------------------------------------
CODE
  Segment part 1. NOT NEEDED.
           ENTRY                   ADDRESS         REF BY
           =====                   =======         ======
           ?ShiftRight16u_6        
    -------------------------------------------------------------------------
CODE
  Segment part 2. NOT NEEDED.
           ENTRY                   ADDRESS         REF BY
           =====                   =======         ======
           ?ShiftRight16u_5        
    -------------------------------------------------------------------------
<CODE> 1 (was CODE)
  Relative segment, address: A02E - A031 (0x4 bytes), align: 1
  Segment part 3.
           ENTRY                   ADDRESS         REF BY
           =====                   =======         ======
           ?ShiftRight16u_4        A02E            Mrfi_DelayUsec (mrfi)
    -------------------------------------------------------------------------
<CODE> 1 (was CODE)
  Relative segment, address: A032 - A03B (0xa bytes), align: 1
  Segment part 4.             Intra module refs:   ?ShiftRight16u_4
           ENTRY                   ADDRESS         REF BY
           =====                   =======         ======
           ?ShiftRight16u_3        A032 

    -------------------------------------------------------------------------
  LIBRARY MODULE, NAME : ?memcmp

  SEGMENTS IN THE MODULE
  ======================
<CODE> 1 (was CODE)
  Relative segment, address: 9D0C - 9D2D (0x22 bytes), align: 1
  Segment part 2.
           ENTRY                   ADDRESS         REF BY
           =====                   =======         ======
           memcmp                  9D0C            ?Subroutine1 (nwk)
                                                   dispatchFrame (nwk_frame)
                                                   nwk_QfindOldest (nwk_QMgmt)
                                                   nwk_findPeer (nwk)
                                                   nwk_isValidReply (nwk)
                                                   nwk_processMgmt (nwk_mgmt)
               CSTACK = 00000000 ( 00000004 )
    -------------------------------------------------------------------------
CSTACK
  Segment part 1. NOT NEEDED.

    -------------------------------------------------------------------------
  LIBRARY MODULE, NAME : ?memcpy

  SEGMENTS IN THE MODULE
  ======================
<CODE> 1 (was CODE)
  Relative segment, address: 9E96 - 9EAF (0x1a bytes), align: 1
  Segment part 2.
           ENTRY                   ADDRESS         REF BY
           =====                   =======         ======
           memcpy                  9E96            ?Subroutine0 (nwk_globals)
                                                   ?Subroutine6 (nwk_link)
                                                   SMPL_Ioctl (nwk_api)
                                                   SMPL_SendOpt (nwk_api)
                                                   __data16_memcpy (?memzero)
                                                   nwk_buildFrame (nwk_frame)
                                                   nwk_deviceAddress (nwk_ioctl)
                                                   nwk_join (nwk_join)
                                                   nwk_link (nwk_link)
                                                   nwk_nwkInit (nwk)
                                                   nwk_radioControl (nwk_ioctl)
                                                   nwk_rawSend (nwk_ioctl)
                                                   nwk_retrieveFrame (nwk_frame)
                                                   nwk_setAPAddress (nwk_globals)
                                                   smpl_send_link_reply (nwk_link)
                                                   smpl_send_ping_reply (nwk_ping)
               CSTACK = 00000000 ( 00000004 )
    -------------------------------------------------------------------------
CSTACK
  Segment part 1. NOT NEEDED.

    -------------------------------------------------------------------------
  LIBRARY MODULE, NAME : ?memmove

  SEGMENTS IN THE MODULE
  ======================
<CODE> 1 (was CODE)
  Relative segment, address: 993C - 9977 (0x3c bytes), align: 1
  Segment part 2.
           ENTRY                   ADDRESS         REF BY
           =====                   =======         ======
           memmove                 993C            nwk_getNumObjectFromMsg (nwk)
                                                   nwk_putNumObjectIntoMsg (nwk)
               CSTACK = 00000000 ( 00000004 )
    -------------------------------------------------------------------------
CSTACK
  Segment part 1. NOT NEEDED.

    -------------------------------------------------------------------------
  LIBRARY MODULE, NAME : ?CopyMemoryBytes

  SEGMENTS IN THE MODULE
  ======================
<CODE> 1 (was CODE)
  Relative segment, address: 9FE4 - 9FF3 (0x10 bytes), align: 1
  Segment part 0.
           ENTRY                   ADDRESS         REF BY
           =====                   =======         ======
           ?CopyMemoryBytes        9FE4            MRFI_Receive (mrfi)
                                                   init_t (main_ED)

    -------------------------------------------------------------------------
  LIBRARY MODULE, NAME : ?memset

  SEGMENTS IN THE MODULE
  ======================
<CODE> 1 (was CODE)
  Relative segment, address: 9ECA - 9EE1 (0x18 bytes), align: 1
  Segment part 2.
           ENTRY                   ADDRESS         REF BY
           =====                   =======         ======
           memset                  9ECA            MRFI_Init (mrfi)
                                                   Segment part 80 (mrfi)
                                                   nwk_QInit (nwk_QMgmt)
                                                   nwk_allocateLocalRxPort (nwk)
                                                   nwk_globalsInit (nwk_globals)
                                                   nwk_linkInit (nwk_link)
                                                   nwk_nwkInit (nwk)
               CSTACK = 00000000 ( 00000004 )
    -------------------------------------------------------------------------
CSTACK
  Segment part 1. NOT NEEDED.

    -------------------------------------------------------------------------
  LIBRARY MODULE, NAME : ?memzero

  SEGMENTS IN THE MODULE
  ======================
<CODE> 1 (was CODE)
  Relative segment, address: 9FD2 - 9FE3 (0x12 bytes), align: 1
  Segment part 4.
           ENTRY                   ADDRESS         REF BY
           =====                   =======         ======
           __data16_memzero        9FD2            ?cstart_init_zero (?cstart)
               CSTACK = 00000000 ( 00000002 )
    -------------------------------------------------------------------------
<CODE> 1 (was CODE)
  Relative segment, address: A118 - A11B (0x4 bytes), align: 1
  Segment part 3.
           ENTRY                   ADDRESS         REF BY
           =====                   =======         ======
           __data16_memcpy         A118            ?cstart_init_copy (?cstart)
               calls direct
               CSTACK = 00000000 ( 00000002 )
    -------------------------------------------------------------------------
CODE
  Segment part 2. NOT NEEDED.
           ENTRY                   ADDRESS         REF BY
           =====                   =======         ======
           __data16_memmove        
               calls direct
    -------------------------------------------------------------------------
CSTACK
  Segment part 1. NOT NEEDED.

    -------------------------------------------------------------------------
  LIBRARY MODULE, NAME : ?setjmp

  SEGMENTS IN THE MODULE
  ======================
CODE
  Segment part 0. NOT NEEDED.
           ENTRY                   ADDRESS         REF BY
           =====                   =======         ======
           setjmp                  
    -------------------------------------------------------------------------
CODE
  Segment part 1. NOT NEEDED.
           ENTRY                   ADDRESS         REF BY
           =====                   =======         ======
           ?setjmp_r5              
    -------------------------------------------------------------------------
CODE
  Segment part 2. NOT NEEDED.
           ENTRY                   ADDRESS         REF BY
           =====                   =======         ======
           ?setjmp_r4              
    -------------------------------------------------------------------------
CODE
  Segment part 3. NOT NEEDED.
           ENTRY                   ADDRESS         REF BY
           =====                   =======         ======
           ?setjmp_end             

    -------------------------------------------------------------------------
  LIBRARY MODULE, NAME : ?longjmp

  SEGMENTS IN THE MODULE
  ======================
CODE
  Segment part 0. NOT NEEDED.
           ENTRY                   ADDRESS         REF BY
           =====                   =======         ======
           longjmp                 
    -------------------------------------------------------------------------
CODE
  Segment part 1. NOT NEEDED.
           ENTRY                   ADDRESS         REF BY
           =====                   =======         ======
           ?longjmp_r5             
    -------------------------------------------------------------------------
CODE
  Segment part 2. NOT NEEDED.
           ENTRY                   ADDRESS         REF BY
           =====                   =======         ======
           ?longjmp_r4             
    -------------------------------------------------------------------------
CODE
  Segment part 3. NOT NEEDED.
           ENTRY                   ADDRESS         REF BY
           =====                   =======         ======
           ?longjmp_end            

    -------------------------------------------------------------------------
  LIBRARY MODULE, NAME : ?SwitchKey8

  SEGMENTS IN THE MODULE
  ======================
CODE
  Segment part 0. NOT NEEDED.
           ENTRY                   ADDRESS         REF BY
           =====                   =======         ======
           ?SwitchKey8             




                ****************************************
                *                                      *
                *            MODULE SUMMARY            *
                *                                      *
                ****************************************

Module               CODE      DATA      CONST
------               ----      ----      -----
                    (Rel)  (Rel)  (Abs)  (Rel)
?CopyMemoryBytes       16
?DivMod32s             64
?DivMod32u             56
?DivMod816s            52
?DivMod816u            28
?Epilogue              18
?Mul32                 48
?Mul816                50
?ShiftRight16u_n       14
?__exit                 2
?_exit                  4
?clibexit               4
?cstart                48
?memcmp                34
?memcpy                26
?memmove               60
?memset                24
?memzero               22
?reset_vector           2
bsp                   128      1      6
  + shared                            5
main_ED               760      4     12     64
  + shared             20             2
  + common
mrfi                1 842     37     14     75
  + shared              8             2
  + common
nwk                   982     38            38
nwk_QMgmt             422    104
nwk_api               438      1
nwk_frame             558      7            12
nwk_freq                6
nwk_globals           112      9             9
nwk_ioctl             364
nwk_join              346      7
nwk_link              928      9
nwk_mgmt               68      1
nwk_ping              304      1
nwk_security            6
u_sensor              304     14     10
  + common             28
virtual_com_cmds      144      2      7      1
  + common             16
N/A (command line)           200
N/A (alignment)
----------          -----    ---     --    ---
Total:              8 284    435     58    199
  + common             28


                ****************************************
                *                                      *
                *      SEGMENTS IN ADDRESS ORDER       *
                *                                      *
                ****************************************


SEGMENT              SPACE    START ADDRESS   END ADDRESS     SIZE  TYPE  ALIGN
=======              =====    =============   ===========     ====  ====  =====
DATA16_AN                              0000 - 0001               2   rel    0
                                       0003 - 0003               1 
                                       0018 - 001F               8 
                                       0021 - 0022               2 
                                       0027 - 002E               8 
                                       0053 - 0053               1 
                                       0056 - 0057               2 
                                       0061 - 0064               4 
                                       0066 - 006B               6 
                                       006E - 006F               2 
                                       0120 - 0121               2 
                                       0160 - 0163               4 
                                       0172 - 0173               2 
                                       0180 - 0183               4 
                                       0192 - 0193               2 
                                       01B0 - 01B5               6 
DATA16_I                               0200 - 022C              2D   rel    1
DATA16_Z                               022E - 02EB              BE   rel    1
CSTACK                                 0538 - 05FF              C8   rel    1
DATA16_AN                              10FE - 10FF               2   rel    0
DATA16_C                               8000 - 8099              9A   rel    1
DATA16_ID                              809A - 80C6              2D   rel    1
CSTART                                 80C8 - 80F7              30   rel    1
<CODE> 1                               80F8 - A121            202A   rel    1
INTVEC                                 FFE0 - FFFB              1C   com    1
RESET                                  FFFE - FFFF               2   rel    1

                ****************************************
                *                                      *
                *        END OF CROSS REFERENCE        *
                *                                      *
                ****************************************

 8 312 bytes of CODE  memory
   435 bytes of DATA  memory (+ 58 absolute )
   199 bytes of CONST memory

Errors: none
Warnings: none

