################################################################################
#                                                                              #
#      IAR Universal Linker V5.7.0.39                                          #
#                                                                              #
#           Link time     =  17/Jan/2014  00:21:30                             #
#           Target CPU    =  MSP430                                            #
#           List file     =  "D:\Projetos\Software\park-way-project\Park_Way_1 #
#                            .0\Access Point\List\Park_Way.map"                #
#           Output file 1 =  "D:\Projetos\Software\park-way-project\Park_Way_1 #
#                            .0\Access Point\Exe\Park_Way.d43"                 #
#                            Format: debug                                     #
#                            UBROF version 10.0.6                              #
#                            Using library modules for C-SPY (-rt)             #
#           Command line  =  --ks_version                                      #
#                            "D:\Projetos\Software\park-way-project\Park_Way_1 #
#                            .0\Access Point\Obj\bsp.r43"                      #
#                            "D:\Projetos\Software\park-way-project\Park_Way_1 #
#                            .0\Access Point\Obj\main_AP.r43"                  #
#                            "D:\Projetos\Software\park-way-project\Park_Way_1 #
#                            .0\Access Point\Obj\mrfi.r43"                     #
#                            "D:\Projetos\Software\park-way-project\Park_Way_1 #
#                            .0\Access Point\Obj\nwk.r43"                      #
#                            "D:\Projetos\Software\park-way-project\Park_Way_1 #
#                            .0\Access Point\Obj\nwk_api.r43"                  #
#                            "D:\Projetos\Software\park-way-project\Park_Way_1 #
#                            .0\Access Point\Obj\nwk_frame.r43"                #
#                            "D:\Projetos\Software\park-way-project\Park_Way_1 #
#                            .0\Access Point\Obj\nwk_freq.r43"                 #
#                            "D:\Projetos\Software\park-way-project\Park_Way_1 #
#                            .0\Access Point\Obj\nwk_globals.r43"              #
#                            "D:\Projetos\Software\park-way-project\Park_Way_1 #
#                            .0\Access Point\Obj\nwk_ioctl.r43"                #
#                            "D:\Projetos\Software\park-way-project\Park_Way_1 #
#                            .0\Access Point\Obj\nwk_join.r43"                 #
#                            "D:\Projetos\Software\park-way-project\Park_Way_1 #
#                            .0\Access Point\Obj\nwk_link.r43"                 #
#                            "D:\Projetos\Software\park-way-project\Park_Way_1 #
#                            .0\Access Point\Obj\nwk_mgmt.r43"                 #
#                            "D:\Projetos\Software\park-way-project\Park_Way_1 #
#                            .0\Access Point\Obj\nwk_ping.r43"                 #
#                            "D:\Projetos\Software\park-way-project\Park_Way_1 #
#                            .0\Access Point\Obj\nwk_QMgmt.r43"                #
#                            "D:\Projetos\Software\park-way-project\Park_Way_1 #
#                            .0\Access Point\Obj\nwk_security.r43"             #
#                            "D:\Projetos\Software\park-way-project\Park_Way_1 #
#                            .0\Access Point\Obj\u_sensor.r43"                 #
#                            "D:\Projetos\Software\park-way-project\Park_Way_1 #
#                            .0\Access Point\Obj\virtual_com_cmds.r43"         #
#                            "D:\Projetos\Software\park-way-project\Park_Way_1 #
#                            .0\Access Point\Obj\vlo_rand.r43"                 #
#                            -o                                                #
#                            "D:\Projetos\Software\park-way-project\Park_Way_1 #
#                            .0\Access Point\Exe\Park_Way.d43"                 #
#                            -l                                                #
#                            "D:\Projetos\Software\park-way-project\Park_Way_1 #
#                            .0\Access Point\List\Park_Way.map"                #
#                            -xmsni                                            #
#                            "-IC:\Program Files (x86)\IAR Systems\Embedded Wo #
#                            rkbench 6.5\430\LIB\"                             #
#                            -f                                                #
#                            "C:\Program Files (x86)\IAR Systems\Embedded Work #
#                            bench 6.5\430\CONFIG\lnk430F2274.xcl"             #
#                            (-cmsp430 -QCODE_I=CODE_ID -QTLS16_I=TLS16_ID     #
#                            -Z(DATA)DATA16_I,DATA16_Z,DATA16_N,TLS16_I,DATA16 #
#                            _HEAP+_DATA16_HEAP_SIZE=0200-05FF                 #
#                            -Z(DATA)CODE_I -Z(DATA)CSTACK+_STACK_SIZE#        #
#                            -Z(CONST)INFO=1000-10FF                           #
#                            -Z(CONST)INFOA=10C0-10FF                          #
#                            -Z(CONST)INFOB=1080-10BF                          #
#                            -Z(CONST)INFOC=1040-107F                          #
#                            -Z(CONST)INFOD=1000-103F                          #
#                            -Z(CONST)DATA16_C,DATA16_ID,TLS16_ID,DIFUNCT,CHEC #
#                            KSUM=8000-FFDF                                    #
#                            -Z(CODE)CSTART,ISR_CODE,CODE_ID=8000-FFDF         #
#                            -P(CODE)CODE=8000-FFDF -Z(CODE)INTVEC=FFE0-FFFF   #
#                            -Z(CODE)RESET=FFFE-FFFF) -D_STACK_SIZE=C8 -rt     #
#                            "C:\Program Files (x86)\IAR Systems\Embedded Work #
#                            bench 6.5\430\LIB\CLIB\cl430f.r43"                #
#                            -e_large_write=_formatted_write                   #
#                            -e_large_read=_formatted_read                     #
#                            -D_DATA16_HEAP_SIZE=0 -s __program_start          #
#                            -D_DATA20_HEAP_SIZE=50                            #
#                                                                              #
#                           Copyright (C) 1987-2013 IAR Systems AB.            #
################################################################################





                ****************************************
                *                                      *
                *           CROSS REFERENCE            *
                *                                      *
                ****************************************

       Program entry at :           82E4  Relocatable, from module : ?cstart




                ****************************************
                *                                      *
                *            RUNTIME MODEL             *
                *                                      *
                ****************************************

  __SystemLibrary = CLib
  __core          = 430
  __double_size   = 32
  __pic           = no
  __reg_r4        = free
  __reg_r5        = free
  __rt_version    = 3

                ****************************************
                *                                      *
                *    AUTOMATIC SYMBOL REDIRECTIONS     *
                *                                      *
                ****************************************

                  There are no automatic symbol redirections.



                ****************************************
                *                                      *
                *              MODULE MAP              *
                *                                      *
                ****************************************


  DEFINED ABSOLUTE ENTRIES
    *************************************************************************

  DEFINED ABSOLUTE ENTRIES
  PROGRAM MODULE, NAME : ?ABS_ENTRY_MOD

Absolute parts
           ENTRY                   ADDRESS         REF BY
           =====                   =======         ======
           _DATA20_HEAP_SIZE       0050 
           _DATA16_HEAP_SIZE       0000 
           _STACK_SIZE             00C8 
    *************************************************************************

  FILE NAME : D:\Projetos\Software\park-way-project\Park_Way_1.0\Access Point\Obj\bsp.r43
  PROGRAM MODULE, NAME : bsp

  SEGMENTS IN THE MODULE
  ======================
DATA16_AN
  Relative segment, address: 0056 - 0056 (0x1 bytes), align: 0
  Segment part 1. ROOT.       Intra module refs:   BSP_InitBoard
           ENTRY                   ADDRESS         REF BY
           =====                   =======         ======
           DCOCTL                  0056 
    -------------------------------------------------------------------------
DATA16_AN
  Relative segment, address: 0057 - 0057 (0x1 bytes), align: 0
  Segment part 2. ROOT.       Intra module refs:   BSP_InitBoard
           ENTRY                   ADDRESS         REF BY
           =====                   =======         ======
           BCSCTL1                 0057 
    -------------------------------------------------------------------------
DATA16_AN
  Relative segment, address: 0021 - 0021 (0x1 bytes), align: 0
  Segment part 3. ROOT.       Intra module refs:   BSP_InitButtons
                                                   BSP_InitLeds
                                                   con_t (main_AP)
                                                   init_t (main_AP)
                                                   main (main_AP)
           ENTRY                   ADDRESS         REF BY
           =====                   =======         ======
           P1OUT                   0021 
    -------------------------------------------------------------------------
DATA16_AN
  Relative segment, address: 0022 - 0022 (0x1 bytes), align: 0
  Segment part 4. ROOT.       Intra module refs:   BSP_InitLeds
           ENTRY                   ADDRESS         REF BY
           =====                   =======         ======
           P1DIR                   0022 
    -------------------------------------------------------------------------
DATA16_AN
  Relative segment, address: 0027 - 0027 (0x1 bytes), align: 0
  Segment part 5. ROOT.       Intra module refs:   BSP_InitButtons
           ENTRY                   ADDRESS         REF BY
           =====                   =======         ======
           P1REN                   0027 
    -------------------------------------------------------------------------
DATA16_AN
  Relative segment, address: 0160 - 0161 (0x2 bytes), align: 0
  Segment part 6. ROOT.       Intra module refs:   BSP_InitBoard
                                                   init_t (main_AP)
           ENTRY                   ADDRESS         REF BY
           =====                   =======         ======
           TACTL                   0160 
    -------------------------------------------------------------------------
DATA16_AN
  Relative segment, address: 0120 - 0121 (0x2 bytes), align: 0
  Segment part 7. ROOT.       Intra module refs:   __low_level_init
           ENTRY                   ADDRESS         REF BY
           =====                   =======         ======
           WDTCTL                  0120 
    -------------------------------------------------------------------------
DATA16_AN
  Relative segment, address: 10FE - 10FE (0x1 bytes), align: 0
  Segment part 8. ROOT.       Intra module refs:   BSP_InitBoard
           ENTRY                   ADDRESS         REF BY
           =====                   =======         ======
           CALDCO_1MHZ             10FE 
    -------------------------------------------------------------------------
DATA16_AN
  Relative segment, address: 10FF - 10FF (0x1 bytes), align: 0
  Segment part 9. ROOT.       Intra module refs:   BSP_InitBoard
           ENTRY                   ADDRESS         REF BY
           =====                   =======         ======
           CALBC1_1MHZ             10FF 
    -------------------------------------------------------------------------
<CODE> 1 (was CODE)
  Relative segment, address: A85C - A873 (0x18 bytes), align: 1
  Segment part 18.
           ENTRY                   ADDRESS         REF BY
           =====                   =======         ======
           BSP_Init                A85C            init_t (main_AP)
               calls direct
               CSTACK = 00000000 ( 00000004 )
    -------------------------------------------------------------------------
DATA16_Z
  Relative segment, address: 033C - 033C (0x1 bytes), align: 0
  Segment part 11.            Intra module refs:   BSP_Delay
                                                   BSP_InitBoard
           LOCAL                   ADDRESS         
           =====                   =======         
           sIterationsPerUsec      033C 
    -------------------------------------------------------------------------
<CODE> 1 (was CODE)
  Relative segment, address: AA1E - AA27 (0xa bytes), align: 1
  Segment part 17. ROOT.
           ENTRY                   ADDRESS         REF BY
           =====                   =======         ======
           __low_level_init        AA1E            ?cstart_call_low_level_init (?cstart)
               CSTACK = 00000000 ( 00000002 )
    -------------------------------------------------------------------------
<CODE> 1 (was CODE)
  Relative segment, address: A742 - A761 (0x20 bytes), align: 1
  Segment part 16.            Intra module refs:   BSP_Init
           ENTRY                   ADDRESS         REF BY
           =====                   =======         ======
           BSP_InitBoard           A742 
               CSTACK = 00000000 ( 00000002 )
    -------------------------------------------------------------------------
<CODE> 1 (was CODE)
  Relative segment, address: A6DC - A6FD (0x22 bytes), align: 1
  Segment part 15.
           ENTRY                   ADDRESS         REF BY
           =====                   =======         ======
           BSP_Delay               A6DC            ?Subroutine8 (mrfi)
               CSTACK = 00000000 ( 00000004 )
    -------------------------------------------------------------------------
CODE
  Segment part 14. NOT NEEDED.
           ENTRY                   ADDRESS         REF BY
           =====                   =======         ======
           BSP_InitDrivers         
               calls direct
    -------------------------------------------------------------------------
<CODE> 1 (was CODE)
  Relative segment, address: A910 - A921 (0x12 bytes), align: 1
  Segment part 13.            Intra module refs:   BSP_Init
           ENTRY                   ADDRESS         REF BY
           =====                   =======         ======
           BSP_InitLeds            A910 
               CSTACK = 00000000 ( 00000002 )
    -------------------------------------------------------------------------
<CODE> 1 (was CODE)
  Relative segment, address: AA00 - AA09 (0xa bytes), align: 1
  Segment part 12.            Intra module refs:   BSP_Init
           ENTRY                   ADDRESS         REF BY
           =====                   =======         ======
           BSP_InitButtons         AA00 
               CSTACK = 00000000 ( 00000002 )
    -------------------------------------------------------------------------
CSTACK
  Segment part 10. NOT NEEDED.
    -------------------------------------------------------------------------
CODE
  Segment part 19. NOT NEEDED.
           ENTRY                   ADDRESS         REF BY
           =====                   =======         ======
           ?setjmp_save_r4         
    -------------------------------------------------------------------------
CODE
  Segment part 20. NOT NEEDED.
           ENTRY                   ADDRESS         REF BY
           =====                   =======         ======
           ?setjmp_save_r5         

    *************************************************************************

  FILE NAME : D:\Projetos\Software\park-way-project\Park_Way_1.0\Access Point\Obj\main_AP.r43
  PROGRAM MODULE, NAME : main_AP

  SEGMENTS IN THE MODULE
  ======================
DATA16_AN
  Relative segment, address: 0053 - 0053 (0x1 bytes), align: 0
  Segment part 1. ROOT.       Intra module refs:   init_t
           ENTRY                   ADDRESS         REF BY
           =====                   =======         ======
           BCSCTL3                 0053 
    -------------------------------------------------------------------------
DATA16_AN
  Segment part 2. TENTATIVE. Used definition from bsp
           ENTRY                   ADDRESS         REF BY
           =====                   =======         ======
           P1OUT                   
    -------------------------------------------------------------------------
DATA16_AN
  Segment part 3. TENTATIVE. Used definition from bsp
           ENTRY                   ADDRESS         REF BY
           =====                   =======         ======
           TACTL                   
    -------------------------------------------------------------------------
DATA16_AN
  Relative segment, address: 0162 - 0163 (0x2 bytes), align: 0
  Segment part 4. ROOT.       Intra module refs:   init_t
           ENTRY                   ADDRESS         REF BY
           =====                   =======         ======
           TACCTL0                 0162 
    -------------------------------------------------------------------------
DATA16_AN
  Relative segment, address: 0172 - 0173 (0x2 bytes), align: 0
  Segment part 5. ROOT.       Intra module refs:   init_t
           ENTRY                   ADDRESS         REF BY
           =====                   =======         ======
           TACCR0                  0172 
    -------------------------------------------------------------------------
DATA16_Z
  Relative segment, address: 033D - 0352 (0x16 bytes), align: 0
  Segment part 25.            Intra module refs:   con_t
                                                   main
                                                   process_message
                                                   sCB
           LOCAL                   ADDRESS         
           =====                   =======         
           sLID                    033D 
    -------------------------------------------------------------------------
DATA16_Z
  Relative segment, address: 0353 - 035C (0xa bytes), align: 0
  Segment part 26.            Intra module refs:   con_t
           LOCAL                   ADDRESS         
           =====                   =======         
           LD_AP                   0353 
    -------------------------------------------------------------------------
DATA16_Z
  Relative segment, address: 035D - 035D (0x1 bytes), align: 0
  Segment part 27.            Intra module refs:   con_t
                                                   main
           LOCAL                   ADDRESS         
           =====                   =======         
           sNumCurrentPeers        035D 
    -------------------------------------------------------------------------
DATA16_Z
  Relative segment, address: 035E - 035E (0x1 bytes), align: 0
  Segment part 28.            Intra module refs:   con_t
                                                   main
           LOCAL                   ADDRESS         
           =====                   =======         
           AP_send                 035E 
    -------------------------------------------------------------------------
DATA16_I
  Relative segment, address: 0200 - 0200 (0x1 bytes), align: 0
  Segment part 29.            Intra module refs:   con_t
           LOCAL                   ADDRESS         
           =====                   =======         
           AP_send_inf             0200 
    -------------------------------------------------------------------------
DATA16_Z
  Relative segment, address: 035F - 035F (0x1 bytes), align: 0
  Segment part 31.            Intra module refs:   con_t
           LOCAL                   ADDRESS         
           =====                   =======         
           AP                      035F 
    -------------------------------------------------------------------------
DATA16_Z
  Relative segment, address: 0360 - 0360 (0x1 bytes), align: 0
  Segment part 32.            Intra module refs:   con_t
                                                   main
                                                   sCB
           LOCAL                   ADDRESS         
           =====                   =======         
           AP_receive              0360 
    -------------------------------------------------------------------------
DATA16_I
  Relative segment, address: 0201 - 0201 (0x1 bytes), align: 0
  Segment part 33.            Intra module refs:   con_t
           LOCAL                   ADDRESS         
           =====                   =======         
           AP_receive_inf          0201 
    -------------------------------------------------------------------------
DATA16_Z
  Relative segment, address: 031A - 031B (0x2 bytes), align: 1
  Segment part 35.            Intra module refs:   ?Subroutine2
                                                   ?Subroutine3
                                                   ?Subroutine6
           ENTRY                   ADDRESS         REF BY
           =====                   =======         ======
           intState                031A 
    -------------------------------------------------------------------------
DATA16_Z
  Relative segment, address: 0361 - 0361 (0x1 bytes), align: 0
  Segment part 36.            Intra module refs:   con_t
           ENTRY                   ADDRESS         REF BY
           =====                   =======         ======
           fsm_ap                  0361 
    -------------------------------------------------------------------------
DATA16_Z
  Relative segment, address: 0362 - 03FB (0x9a bytes), align: 0
  Segment part 37.            Intra module refs:   init_t
                                                   main
                                                   process_message
           ENTRY                   ADDRESS         REF BY
           =====                   =======         ======
           peer_list               0362 
    -------------------------------------------------------------------------
DATA16_Z
  Relative segment, address: 03FC - 03FC (0x1 bytes), align: 0
  Segment part 38.            Intra module refs:   ?Subroutine3
                                                   con_t
                                                   main
                                                   sCB
           LOCAL                   ADDRESS         
           =====                   =======         
           sPeerFrameSem           03FC 
    -------------------------------------------------------------------------
DATA16_Z
  Relative segment, address: 03FD - 03FD (0x1 bytes), align: 0
  Segment part 39.            Intra module refs:   ?Subroutine2
                                                   con_t
                                                   main
                                                   sCB
           LOCAL                   ADDRESS         
           =====                   =======         
           sJoinSem                03FD 
    -------------------------------------------------------------------------
DATA16_Z
  Relative segment, address: 03FE - 03FE (0x1 bytes), align: 0
  Segment part 40.            Intra module refs:   Timer_A
           LOCAL                   ADDRESS         
           =====                   =======         
           sTable                  03FE 
    -------------------------------------------------------------------------
DATA16_Z
  Relative segment, address: 03FF - 03FF (0x1 bytes), align: 0
  Segment part 41.            Intra module refs:   Timer_A
                                                   main
           LOCAL                   ADDRESS         
           =====                   =======         
           sCheck                  03FF 
    -------------------------------------------------------------------------
DATA16_Z
  Relative segment, address: 0400 - 0400 (0x1 bytes), align: 0
  Segment part 42.            Intra module refs:   main
           LOCAL                   ADDRESS         
           =====                   =======         
           sTimeout                0400 
    -------------------------------------------------------------------------
DATA16_Z
  Relative segment, address: 0401 - 0401 (0x1 bytes), align: 0
  Segment part 43.            Intra module refs:   main
                                                   sCB
           LOCAL                   ADDRESS         
           =====                   =======         
           sSendRequest            0401 
    -------------------------------------------------------------------------
DATA16_C
  Relative segment, address: 800C - 8027 (0x1c bytes), align: 0
  Segment part 8.             Intra module refs:   main
    -------------------------------------------------------------------------
DATA16_C
  Relative segment, address: 8028 - 803E (0x17 bytes), align: 0
  Segment part 9.             Intra module refs:   main
    -------------------------------------------------------------------------
DATA16_C
  Relative segment, address: 803F - 8040 (0x2 bytes), align: 0
  Segment part 10.            Intra module refs:   con_t
                                                   main
    -------------------------------------------------------------------------
DATA16_C
  Relative segment, address: 8041 - 8049 (0x9 bytes), align: 0
  Segment part 11.            Intra module refs:   main
    -------------------------------------------------------------------------
DATA16_C
  Relative segment, address: 804A - 804C (0x3 bytes), align: 0
  Segment part 12.            Intra module refs:   main
    -------------------------------------------------------------------------
DATA16_C
  Relative segment, address: 804D - 807D (0x31 bytes), align: 0
  Segment part 13.            Intra module refs:   process_message
    -------------------------------------------------------------------------
DATA16_C
  Relative segment, address: 807E - 807F (0x2 bytes), align: 0
  Segment part 14.            Intra module refs:   con_t
                                                   init_t
    -------------------------------------------------------------------------
DATA16_C
  Relative segment, address: 8080 - 8086 (0x7 bytes), align: 0
  Segment part 15.            Intra module refs:   init_t
    -------------------------------------------------------------------------
DATA16_C
  Relative segment, address: 8087 - 80A5 (0x1f bytes), align: 0
  Segment part 16.            Intra module refs:   init_t
    -------------------------------------------------------------------------
DATA16_C
  Relative segment, address: 80A6 - 80AF (0xa bytes), align: 0
  Segment part 17.            Intra module refs:   init_t
    -------------------------------------------------------------------------
DATA16_C
  Relative segment, address: 80B0 - 80D0 (0x21 bytes), align: 0
  Segment part 18.            Intra module refs:   con_t
    -------------------------------------------------------------------------
DATA16_C
  Relative segment, address: 80D1 - 80DA (0xa bytes), align: 0
  Segment part 19.            Intra module refs:   con_t
    -------------------------------------------------------------------------
DATA16_C
  Relative segment, address: 80DB - 80FE (0x24 bytes), align: 0
  Segment part 20.            Intra module refs:   con_t
    -------------------------------------------------------------------------
DATA16_C
  Relative segment, address: 80FF - 810A (0xc bytes), align: 0
  Segment part 21.            Intra module refs:   con_t
    -------------------------------------------------------------------------
DATA16_C
  Relative segment, address: 810B - 811B (0x11 bytes), align: 0
  Segment part 22.            Intra module refs:   ?Subroutine0
    -------------------------------------------------------------------------
DATA16_C
  Relative segment, address: 811C - 811E (0x3 bytes), align: 0
  Segment part 23.            Intra module refs:   ?Subroutine0
    -------------------------------------------------------------------------
DATA16_C
  Relative segment, address: 811F - 8129 (0xb bytes), align: 0
  Segment part 24.            Intra module refs:   con_t
    -------------------------------------------------------------------------
DATA16_C
  Relative segment, address: 812A - 8149 (0x20 bytes), align: 0
  Segment part 44.            Intra module refs:   init_t
           ENTRY                   ADDRESS         REF BY
           =====                   =======         ======
           initial_message         812A 
    -------------------------------------------------------------------------
DATA16_C
  Relative segment, address: 814A - 8178 (0x2f bytes), align: 0
  Segment part 45.            Intra module refs:   main
           ENTRY                   ADDRESS         REF BY
           =====                   =======         ======
           initial_ED              814A 
    -------------------------------------------------------------------------
<CODE> 1 (was CODE)
  Relative segment, address: 8FDA - 910F (0x136 bytes), align: 1
  Segment part 54.
           ENTRY                   ADDRESS         REF BY
           =====                   =======         ======
           main                    8FDA            Segment part 17 (?cstart)
               calls direct and indirect
               CSTACK = 00000000 ( 00000012 )
    -------------------------------------------------------------------------
<CODE> 1 (was CODE)
  Relative segment, address: A762 - A76D (0xc bytes), align: 1
  Segment part 55.            Intra module refs:   con_t
                                                   main
           LOCAL                   ADDRESS         
           =====                   =======         
           ?Subroutine3            A762 
    -------------------------------------------------------------------------
<CODE> 1 (was CODE)
  Relative segment, address: A76E - A773 (0x6 bytes), align: 1
  Segment part 56.            Intra module refs:   ?Subroutine2
                                                   ?Subroutine3
           LOCAL                   ADDRESS         
           =====                   =======         
           ?Subroutine6            A76E 
    -------------------------------------------------------------------------
<CODE> 1 (was CODE)
  Relative segment, address: A774 - A781 (0xe bytes), align: 1
  Segment part 57.            Intra module refs:   con_t
                                                   main
           LOCAL                   ADDRESS         
           =====                   =======         
           ?Subroutine2            A774 
    -------------------------------------------------------------------------
<CODE> 1 (was CODE)
  Relative segment, address: A9DE - A9E9 (0xc bytes), align: 1
  Segment part 58.            Intra module refs:   con_t
                                                   main
           LOCAL                   ADDRESS         
           =====                   =======         
           ?Subroutine1            A9DE 
    -------------------------------------------------------------------------
<CODE> 1 (was CODE)
  Relative segment, address: 9110 - 923D (0x12e bytes), align: 1
  Segment part 51.            Intra module refs:   main
           ENTRY                   ADDRESS         REF BY
           =====                   =======         ======
           process_message         9110 
               calls direct
               CSTACK = 00000000 ( 00000042 )
    -------------------------------------------------------------------------
<CODE> 1 (was CODE)
  Relative segment, address: AA28 - AA31 (0xa bytes), align: 1
  Segment part 52.            Intra module refs:   process_message
           LOCAL                   ADDRESS         
           =====                   =======         
           ?Subroutine5            AA28 
    -------------------------------------------------------------------------
<CODE> 1 (was CODE)
  Relative segment, address: A9D2 - A9DD (0xc bytes), align: 1
  Segment part 53.            Intra module refs:   process_message
           LOCAL                   ADDRESS         
           =====                   =======         
           ?Subroutine4            A9D2 
    -------------------------------------------------------------------------
<CODE> 1 (was CODE)
  Relative segment, address: A692 - A6B7 (0x26 bytes), align: 1
  Segment part 50.            Intra module refs:   init_t
           LOCAL                   ADDRESS         
           =====                   =======         
           sCB                     A692 
               CSTACK = 00000000 ( 00000002 )
    -------------------------------------------------------------------------
<CODE> 1 (was CODE)
  Relative segment, address: 9792 - 987D (0xec bytes), align: 1
  Segment part 49.            Intra module refs:   main
           ENTRY                   ADDRESS         REF BY
           =====                   =======         ======
           init_t                  9792 
               calls direct
               CSTACK = 00000000 ( 00000028 )
    -------------------------------------------------------------------------
<CODE> 1 (was CODE)
  Relative segment, address: 8D4A - 8EA3 (0x15a bytes), align: 1
  Segment part 47.            Intra module refs:   main
           ENTRY                   ADDRESS         REF BY
           =====                   =======         ======
           con_t                   8D4A 
               calls direct and indirect
               CSTACK = 00000000 ( 00000018 )
    -------------------------------------------------------------------------
<CODE> 1 (was CODE)
  Relative segment, address: A7F6 - A80F (0x1a bytes), align: 1
  Segment part 48.            Intra module refs:   con_t
           LOCAL                   ADDRESS         
           =====                   =======         
           ?Subroutine0            A7F6 
    -------------------------------------------------------------------------
<CODE> 1 (was CODE)
  Relative segment, address: AA0A - AA13 (0xa bytes), align: 1
  Segment part 46.            Intra module refs:   Timer_A::??INTVEC 18
           ENTRY                   ADDRESS         REF BY
           =====                   =======         ======
           Timer_A                 AA0A 
               interrupt function
               CSTACK = 00000000 ( 00000004 )
    -------------------------------------------------------------------------
INTVEC
  Common segment, address: FFE0 - FFF3 (0x14 bytes), align: 1
  Segment part 6. ROOT.
           ENTRY                   ADDRESS         REF BY
           =====                   =======         ======
           Timer_A::??INTVEC 18    FFF2 
    -------------------------------------------------------------------------
CSTACK
  Segment part 7. NOT NEEDED.
    -------------------------------------------------------------------------
DATA16_ID
  Relative segment, address: 81CA - 81CA (0x1 bytes), align: 0
  Segment part 30.            Intra module refs:   AP_send_inf
    -------------------------------------------------------------------------
DATA16_ID
  Relative segment, address: 81CB - 81CB (0x1 bytes), align: 0
  Segment part 34.            Intra module refs:   AP_receive_inf
    -------------------------------------------------------------------------
CODE
  Segment part 59. TENTATIVE. Used definition from bsp
           ENTRY                   ADDRESS         REF BY
           =====                   =======         ======
           ?setjmp_save_r4         
    -------------------------------------------------------------------------
CODE
  Segment part 60. TENTATIVE. Used definition from bsp
           ENTRY                   ADDRESS         REF BY
           =====                   =======         ======
           ?setjmp_save_r5         

    *************************************************************************

  FILE NAME : D:\Projetos\Software\park-way-project\Park_Way_1.0\Access Point\Obj\mrfi.r43
  PROGRAM MODULE, NAME : mrfi

  SEGMENTS IN THE MODULE
  ======================
DATA16_AN
  Relative segment, address: 0003 - 0003 (0x1 bytes), align: 0
  Segment part 1. ROOT.       Intra module refs:   MRFI_Init
                                                   TXString (virtual_com_cmds)
                                                   mrfiSpiCmdStrobe
                                                   spiBurstFifoAccess
                                                   spiRegAccess
           ENTRY                   ADDRESS         REF BY
           =====                   =======         ======
           IFG2                    0003 
    -------------------------------------------------------------------------
DATA16_AN
  Relative segment, address: 0028 - 0028 (0x1 bytes), align: 0
  Segment part 2. ROOT.       Intra module refs:   MRFI_Transmit
           ENTRY                   ADDRESS         REF BY
           =====                   =======         ======
           P2IN                    0028 
    -------------------------------------------------------------------------
DATA16_AN
  Relative segment, address: 002B - 002B (0x1 bytes), align: 0
  Segment part 3. ROOT.       Intra module refs:   MRFI_GpioIsr
                                                   MRFI_Init
                                                   MRFI_Transmit
                                                   Mrfi_RxModeOff
                                                   Mrfi_RxModeOn
           ENTRY                   ADDRESS         REF BY
           =====                   =======         ======
           P2IFG                   002B 
    -------------------------------------------------------------------------
DATA16_AN
  Relative segment, address: 002C - 002C (0x1 bytes), align: 0
  Segment part 4. ROOT.       Intra module refs:   MRFI_Init
           ENTRY                   ADDRESS         REF BY
           =====                   =======         ======
           P2IES                   002C 
    -------------------------------------------------------------------------
DATA16_AN
  Relative segment, address: 002D - 002D (0x1 bytes), align: 0
  Segment part 5. ROOT.       Intra module refs:   MRFI_GpioIsr
                                                   Mrfi_RxModeOff
                                                   Mrfi_RxModeOn
           ENTRY                   ADDRESS         REF BY
           =====                   =======         ======
           P2IE                    002D 
    -------------------------------------------------------------------------
DATA16_AN
  Relative segment, address: 002E - 002E (0x1 bytes), align: 0
  Segment part 6. ROOT.       Intra module refs:   MRFI_Init
           ENTRY                   ADDRESS         REF BY
           =====                   =======         ======
           P2SEL                   002E 
    -------------------------------------------------------------------------
DATA16_AN
  Relative segment, address: 0018 - 0018 (0x1 bytes), align: 0
  Segment part 7. ROOT.       Intra module refs:   MRFI_Init
                                                   MRFI_WakeUp
           ENTRY                   ADDRESS         REF BY
           =====                   =======         ======
           P3IN                    0018 
    -------------------------------------------------------------------------
DATA16_AN
  Relative segment, address: 0019 - 0019 (0x1 bytes), align: 0
  Segment part 8. ROOT.       Intra module refs:   MRFI_Init
                                                   MRFI_WakeUp
                                                   mrfiSpiCmdStrobe
                                                   mrfiSpiInit
                                                   spiBurstFifoAccess
                                                   spiRegAccess
           ENTRY                   ADDRESS         REF BY
           =====                   =======         ======
           P3OUT                   0019 
    -------------------------------------------------------------------------
DATA16_AN
  Relative segment, address: 001A - 001A (0x1 bytes), align: 0
  Segment part 9. ROOT.       Intra module refs:   mrfiSpiInit
           ENTRY                   ADDRESS         REF BY
           =====                   =======         ======
           P3DIR                   001A 
    -------------------------------------------------------------------------
DATA16_AN
  Relative segment, address: 001B - 001B (0x1 bytes), align: 0
  Segment part 10. ROOT.      Intra module refs:   COM_Init (virtual_com_cmds)
                                                   mrfiSpiInit
           ENTRY                   ADDRESS         REF BY
           =====                   =======         ======
           P3SEL                   001B 
    -------------------------------------------------------------------------
DATA16_AN
  Relative segment, address: 0068 - 0068 (0x1 bytes), align: 0
  Segment part 11. ROOT.      Intra module refs:   mrfiSpiCmdStrobe
                                                   mrfiSpiInit
                                                   spiBurstFifoAccess
                                                   spiRegAccess
           ENTRY                   ADDRESS         REF BY
           =====                   =======         ======
           UCB0CTL0                0068 
    -------------------------------------------------------------------------
DATA16_AN
  Relative segment, address: 0069 - 0069 (0x1 bytes), align: 0
  Segment part 12. ROOT.      Intra module refs:   mrfiSpiInit
           ENTRY                   ADDRESS         REF BY
           =====                   =======         ======
           UCB0CTL1                0069 
    -------------------------------------------------------------------------
DATA16_AN
  Relative segment, address: 006A - 006A (0x1 bytes), align: 0
  Segment part 13. ROOT.      Intra module refs:   mrfiSpiInit
           ENTRY                   ADDRESS         REF BY
           =====                   =======         ======
           UCB0BR0                 006A 
    -------------------------------------------------------------------------
DATA16_AN
  Relative segment, address: 006B - 006B (0x1 bytes), align: 0
  Segment part 14. ROOT.      Intra module refs:   mrfiSpiInit
           ENTRY                   ADDRESS         REF BY
           =====                   =======         ======
           UCB0BR1                 006B 
    -------------------------------------------------------------------------
DATA16_AN
  Relative segment, address: 006E - 006E (0x1 bytes), align: 0
  Segment part 15. ROOT.      Intra module refs:   mrfiSpiCmdStrobe
                                                   spiBurstFifoAccess
                                                   spiRegAccess
           ENTRY                   ADDRESS         REF BY
           =====                   =======         ======
           UCB0RXBUF               006E 
    -------------------------------------------------------------------------
DATA16_AN
  Relative segment, address: 006F - 006F (0x1 bytes), align: 0
  Segment part 16. ROOT.      Intra module refs:   MRFI_Init
                                                   mrfiSpiCmdStrobe
                                                   spiBurstFifoAccess
                                                   spiRegAccess
           ENTRY                   ADDRESS         REF BY
           =====                   =======         ======
           UCB0TXBUF               006F 
    -------------------------------------------------------------------------
DATA16_C
  Relative segment, address: 8179 - 81B4 (0x3c bytes), align: 0
  Segment part 19.            Intra module refs:   MRFI_Init
           LOCAL                   ADDRESS         
           =====                   =======         
           mrfiRadioCfg            8179 
    -------------------------------------------------------------------------
DATA16_Z
  Relative segment, address: 0402 - 0402 (0x1 bytes), align: 0
  Segment part 20.            Intra module refs:   ?Subroutine0
                                                   ?Subroutine3
                                                   ?Subroutine4
                                                   MRFI_GetRadioState
                                                   MRFI_Init
                                                   MRFI_RxIdle
                                                   MRFI_RxOn
                                                   MRFI_Sleep
                                                   MRFI_Transmit
                                                   MRFI_WakeUp
           LOCAL                   ADDRESS         
           =====                   =======         
           mrfiRadioState          0402 
    -------------------------------------------------------------------------
DATA16_Z
  Relative segment, address: 0403 - 041A (0x18 bytes), align: 0
  Segment part 21.            Intra module refs:   MRFI_Init
                                                   MRFI_Receive
                                                   Mrfi_SyncPinRxIsr
                                                   Segment part 80
           LOCAL                   ADDRESS         
           =====                   =======         
           mrfiIncomingPacket      0403 
    -------------------------------------------------------------------------
DATA16_Z
  Relative segment, address: 041B - 041B (0x1 bytes), align: 0
  Segment part 22.            Intra module refs:   MRFI_Init
                                                   MRFI_RandomByte
           LOCAL                   ADDRESS         
           =====                   =======         
           mrfiRndSeed             041B 
    -------------------------------------------------------------------------
DATA16_Z
  Relative segment, address: 041C - 041C (0x1 bytes), align: 0
  Segment part 23.            Intra module refs:   MRFI_PostKillSem
                                                   MRFI_ReplyDelay
           LOCAL                   ADDRESS         
           =====                   =======         
           sKillSem                041C 
    -------------------------------------------------------------------------
DATA16_Z
  Relative segment, address: 041D - 041D (0x1 bytes), align: 0
  Segment part 24.            Intra module refs:   MRFI_PostKillSem
                                                   MRFI_ReplyDelay
           LOCAL                   ADDRESS         
           =====                   =======         
           sReplyDelayContext      041D 
    -------------------------------------------------------------------------
DATA16_Z
  Relative segment, address: 031C - 031D (0x2 bytes), align: 1
  Segment part 25.            Intra module refs:   MRFI_Init
                                                   MRFI_ReplyDelay
           LOCAL                   ADDRESS         
           =====                   =======         
           sReplyDelayScalar       031C 
    -------------------------------------------------------------------------
DATA16_Z
  Relative segment, address: 031E - 031F (0x2 bytes), align: 1
  Segment part 26.            Intra module refs:   MRFI_Init
                                                   MRFI_Transmit
           LOCAL                   ADDRESS         
           =====                   =======         
           sBackoffHelper          031E 
    -------------------------------------------------------------------------
DATA16_C
  Relative segment, address: 81B5 - 81B8 (0x4 bytes), align: 0
  Segment part 27.            Intra module refs:   MRFI_RxAddrIsFiltered
           ENTRY                   ADDRESS         REF BY
           =====                   =======         ======
           mrfiBroadcastAddr       81B5            nwk_getBCastAddress (nwk_globals)
    -------------------------------------------------------------------------
DATA16_C
  Relative segment, address: 81B9 - 81BC (0x4 bytes), align: 0
  Segment part 28.            Intra module refs:   MRFI_SetLogicalChannel
           LOCAL                   ADDRESS         
           =====                   =======         
           mrfiLogicalChanTable    81B9 
    -------------------------------------------------------------------------
DATA16_C
  Relative segment, address: 81BD - 81BF (0x3 bytes), align: 0
  Segment part 29.            Intra module refs:   MRFI_SetRFPwr
           LOCAL                   ADDRESS         
           =====                   =======         
           mrfiRFPowerTable        81BD 
    -------------------------------------------------------------------------
DATA16_Z
  Relative segment, address: 041E - 041E (0x1 bytes), align: 0
  Segment part 30.            Intra module refs:   MRFI_RxAddrIsFiltered
           LOCAL                   ADDRESS         
           =====                   =======         
           mrfiRxFilterEnabled     041E 
    -------------------------------------------------------------------------
DATA16_I
  Relative segment, address: 0202 - 0205 (0x4 bytes), align: 0
  Segment part 31.            Intra module refs:   MRFI_RxAddrIsFiltered
           LOCAL                   ADDRESS         
           =====                   =======         
           mrfiRxFilterAddr        0202 
    -------------------------------------------------------------------------
<CODE> 1 (was CODE)
  Relative segment, address: 8314 - 8353 (0x40 bytes), align: 1
  Segment part 34.            Intra module refs:   Mrfi_SyncPinRxIsr
           ENTRY                   ADDRESS         REF BY
           =====                   =======         ======
           MRFI_RxAddrIsFiltered   8314 
               CSTACK = 00000000 ( 00000006 )
    -------------------------------------------------------------------------
CODE
  Segment part 35. NOT NEEDED.
           ENTRY                   ADDRESS         REF BY
           =====                   =======         ======
           MRFI_DisableRxAddrFilter
                                   
               calls direct
    -------------------------------------------------------------------------
CODE
  Segment part 36. NOT NEEDED.
           ENTRY                   ADDRESS         REF BY
           =====                   =======         ======
           MRFI_EnableRxAddrFilter
                                   
               calls direct
    -------------------------------------------------------------------------
CODE
  Segment part 37. NOT NEEDED.
           ENTRY                   ADDRESS         REF BY
           =====                   =======         ======
           MRFI_SetRxAddrFilter    
               calls direct
    -------------------------------------------------------------------------
<CODE> 1 (was CODE)
  Relative segment, address: 8354 - 8367 (0x14 bytes), align: 1
  Segment part 38.            Intra module refs:   MRFI_Init
           ENTRY                   ADDRESS         REF BY
           =====                   =======         ======
           MRFI_SetRFPwr           8354            nwk_radioControl (nwk_ioctl)
               calls direct
               CSTACK = 00000000 ( 00000004 )
    -------------------------------------------------------------------------
<CODE> 1 (was CODE)
  Relative segment, address: 8368 - 837B (0x14 bytes), align: 1
  Segment part 39.            Intra module refs:   MRFI_SetLogicalChannel
                                                   MRFI_SetRFPwr
           LOCAL                   ADDRESS         
           =====                   =======         
           ?Subroutine0            8368 
    -------------------------------------------------------------------------
<CODE> 1 (was CODE)
  Relative segment, address: 837C - 838F (0x14 bytes), align: 1
  Segment part 40.            Intra module refs:   MRFI_Init
           ENTRY                   ADDRESS         REF BY
           =====                   =======         ======
           MRFI_SetLogicalChannel
                                   837C 
               calls direct
               CSTACK = 00000000 ( 00000004 )
    -------------------------------------------------------------------------
<CODE> 1 (was CODE)
  Relative segment, address: 8390 - 8397 (0x8 bytes), align: 1
  Segment part 41.            Intra module refs:   MRFI_SetLogicalChannel
                                                   MRFI_SetRFPwr
           LOCAL                   ADDRESS         
           =====                   =======         
           ?Subroutine5            8390 
    -------------------------------------------------------------------------
<CODE> 1 (was CODE)
  Relative segment, address: 8398 - 83F1 (0x5a bytes), align: 1
  Segment part 42.            Intra module refs:   mrfiSpiReadRxFifo
                                                   mrfiSpiWriteTxFifo
           LOCAL                   ADDRESS         
           =====                   =======         
           spiBurstFifoAccess      8398 
               CSTACK = 00000000 ( 00000002 )
    -------------------------------------------------------------------------
<CODE> 1 (was CODE)
  Relative segment, address: 83F2 - 83FB (0xa bytes), align: 1
  Segment part 43.            Intra module refs:   MRFI_Transmit
                                                   spiBurstFifoAccess
           LOCAL                   ADDRESS         
           =====                   =======         
           ?Subroutine6            83F2 
    -------------------------------------------------------------------------
<CODE> 1 (was CODE)
  Relative segment, address: 83FC - 8405 (0xa bytes), align: 1
  Segment part 44.            Intra module refs:   Mrfi_SyncPinRxIsr
           ENTRY                   ADDRESS         REF BY
           =====                   =======         ======
           mrfiSpiReadRxFifo       83FC 
               calls direct
               CSTACK = 00000000 ( 00000002 )
    -------------------------------------------------------------------------
<CODE> 1 (was CODE)
  Relative segment, address: 8406 - 8411 (0xc bytes), align: 1
  Segment part 45.            Intra module refs:   MRFI_Transmit
           ENTRY                   ADDRESS         REF BY
           =====                   =======         ======
           mrfiSpiWriteTxFifo      8406 
               calls direct
               CSTACK = 00000000 ( 00000002 )
    -------------------------------------------------------------------------
<CODE> 1 (was CODE)
  Relative segment, address: 8412 - 8425 (0x14 bytes), align: 1
  Segment part 46.            Intra module refs:   mrfiSpiReadReg
                                                   mrfiSpiWriteReg
           LOCAL                   ADDRESS         
           =====                   =======         
           spiRegAccess            8412 
               CSTACK = 00000000 ( 00000002 )
    -------------------------------------------------------------------------
<CODE> 1 (was CODE)
  Relative segment, address: 8426 - 842D (0x8 bytes), align: 1
  Segment part 47.            Intra module refs:   mrfiSpiCmdStrobe
                                                   spiRegAccess
           LOCAL                   ADDRESS         
           =====                   =======         
           ?Subroutine1            8426 
    -------------------------------------------------------------------------
<CODE> 1 (was CODE)
  Relative segment, address: 842E - 8435 (0x8 bytes), align: 1
  Segment part 48.            Intra module refs:   ?Subroutine1
                                                   spiBurstFifoAccess
    -------------------------------------------------------------------------
<CODE> 1 (was CODE)
  Relative segment, address: 8436 - 843D (0x8 bytes), align: 1
  Segment part 49.            Intra module refs:   ?Subroutine1
                                                   MRFI_Init
                                                   spiBurstFifoAccess
                                                   spiRegAccess
           LOCAL                   ADDRESS         
           =====                   =======         
           ?Subroutine10           8436 
    -------------------------------------------------------------------------
<CODE> 1 (was CODE)
  Relative segment, address: 843E - 844B (0xe bytes), align: 1
  Segment part 50.            Intra module refs:   MRFI_Init
                                                   mrfiSpiCmdStrobe
                                                   spiBurstFifoAccess
                                                   spiRegAccess
           LOCAL                   ADDRESS         
           =====                   =======         
           ?Subroutine9            843E 
    -------------------------------------------------------------------------
<CODE> 1 (was CODE)
  Relative segment, address: 844C - 845D (0x12 bytes), align: 1
  Segment part 51.            Intra module refs:   ?Subroutine0
                                                   MRFI_Init
                                                   MRFI_WakeUp
                                                   Segment part 86
           ENTRY                   ADDRESS         REF BY
           =====                   =======         ======
           mrfiSpiWriteReg         844C 
               calls direct
               CSTACK = 00000000 ( 00000002 )
    -------------------------------------------------------------------------
<CODE> 1 (was CODE)
  Relative segment, address: 845E - 8471 (0x14 bytes), align: 1
  Segment part 52.            Intra module refs:   ?Subroutine11
                                                   MRFI_Init
                                                   MRFI_Rssi
                                                   Mrfi_SyncPinRxIsr
           ENTRY                   ADDRESS         REF BY
           =====                   =======         ======
           mrfiSpiReadReg          845E 
               calls direct
               CSTACK = 00000000 ( 00000002 )
    -------------------------------------------------------------------------
<CODE> 1 (was CODE)
  Relative segment, address: 8472 - 847B (0xa bytes), align: 1
  Segment part 53.            Intra module refs:   ?Subroutine5
                                                   mrfiSpiCmdStrobe
                                                   mrfiSpiReadReg
           LOCAL                   ADDRESS         
           =====                   =======         
           ?Subroutine16           8472 
    -------------------------------------------------------------------------
<CODE> 1 (was CODE)
  Relative segment, address: 847C - 8493 (0x18 bytes), align: 1
  Segment part 54.            Intra module refs:   ?Subroutine12
                                                   MRFI_Init
                                                   MRFI_Sleep
                                                   MRFI_Transmit
                                                   Mrfi_RxModeOff
                                                   Mrfi_RxModeOn
                                                   Mrfi_SyncPinRxIsr
           ENTRY                   ADDRESS         REF BY
           =====                   =======         ======
           mrfiSpiCmdStrobe        847C 
               CSTACK = 00000000 ( 00000002 )
    -------------------------------------------------------------------------
<CODE> 1 (was CODE)
  Relative segment, address: 8494 - 84A1 (0xe bytes), align: 1
  Segment part 55.            Intra module refs:   mrfiSpiCmdStrobe
                                                   spiRegAccess
           LOCAL                   ADDRESS         
           =====                   =======         
           ?Subroutine7            8494 
    -------------------------------------------------------------------------
<CODE> 1 (was CODE)
  Relative segment, address: 84A2 - 84B1 (0x10 bytes), align: 1
  Segment part 56.            Intra module refs:   ?Subroutine7
                                                   spiBurstFifoAccess
           LOCAL                   ADDRESS         
           =====                   =======         
           ?Subroutine17           84A2 
    -------------------------------------------------------------------------
<CODE> 1 (was CODE)
  Relative segment, address: 84B2 - 84E5 (0x34 bytes), align: 1
  Segment part 57.            Intra module refs:   MRFI_Init
           ENTRY                   ADDRESS         REF BY
           =====                   =======         ======
           mrfiSpiInit             84B2 
               CSTACK = 00000000 ( 00000002 )
    -------------------------------------------------------------------------
<CODE> 1 (was CODE)
  Relative segment, address: 84E6 - 84EB (0x6 bytes), align: 1
  Segment part 58.
           ENTRY                   ADDRESS         REF BY
           =====                   =======         ======
           MRFI_GetRadioState      84E6            SMPL_LinkListen (nwk_api)
                                                   SMPL_SendOpt (nwk_api)
                                                   nwk_link (nwk_link)
                                                   nwk_unlink (nwk_link)
               CSTACK = 00000000 ( 00000002 )
    -------------------------------------------------------------------------
<CODE> 1 (was CODE)
  Relative segment, address: 84EC - 84F7 (0xc bytes), align: 1
  Segment part 59.
           ENTRY                   ADDRESS         REF BY
           =====                   =======         ======
           MRFI_PostKillSem        84EC            nwk_isConnectionValid (nwk)
                                                   nwk_processJoin (nwk_join)
                                                   nwk_processLink (nwk_link)
                                                   nwk_processMgmt (nwk_mgmt)
                                                   nwk_processPing (nwk_ping)
               CSTACK = 00000000 ( 00000002 )
    -------------------------------------------------------------------------
<CODE> 1 (was CODE)
  Relative segment, address: 84F8 - 8549 (0x52 bytes), align: 1
  Segment part 60.
           ENTRY                   ADDRESS         REF BY
           =====                   =======         ======
           MRFI_ReplyDelay         84F8            nwk_link (nwk_link)
                                                   nwk_unlink (nwk_link)
               calls direct
               CSTACK = 00000000 ( 00000008 )
    -------------------------------------------------------------------------
<CODE> 1 (was CODE)
  Relative segment, address: 854A - 8561 (0x18 bytes), align: 1
  Segment part 61.
           ENTRY                   ADDRESS         REF BY
           =====                   =======         ======
           MRFI_DelayMs            854A            SMPL_LinkListen (nwk_api)
                                                   nwk_replayFrame (nwk_frame)
               calls direct
               CSTACK = 00000000 ( 00000004 )
    -------------------------------------------------------------------------
<CODE> 1 (was CODE)
  Relative segment, address: 8562 - 8583 (0x22 bytes), align: 1
  Segment part 62.            Intra module refs:   ?Subroutine11
                                                   MRFI_DelayMs
                                                   MRFI_Init
                                                   MRFI_Transmit
           LOCAL                   ADDRESS         
           =====                   =======         
           Mrfi_DelayUsec          8562 
               calls direct
               CSTACK = 00000000 ( 00000006 )
    -------------------------------------------------------------------------
<CODE> 1 (was CODE)
  Relative segment, address: 8584 - 858F (0xc bytes), align: 1
  Segment part 63.            Intra module refs:   MRFI_ReplyDelay
                                                   Mrfi_DelayUsec
           LOCAL                   ADDRESS         
           =====                   =======         
           ?Subroutine8            8584 
    -------------------------------------------------------------------------
<CODE> 1 (was CODE)
  Relative segment, address: 8590 - 85A5 (0x16 bytes), align: 1
  Segment part 64.            Intra module refs:   MRFI_Transmit
           ENTRY                   ADDRESS         REF BY
           =====                   =======         ======
           MRFI_RandomByte         8590            nwk_frameInit (nwk_frame)
                                                   nwk_joinInit (nwk_join)
                                                   nwk_linkInit (nwk_link)
                                                   nwk_mgmtInit (nwk_mgmt)
                                                   nwk_pingInit (nwk_ping)
               CSTACK = 00000000 ( 00000002 )
    -------------------------------------------------------------------------
<CODE> 1 (was CODE)
  Relative segment, address: 85A6 - 85CD (0x28 bytes), align: 1
  Segment part 65.            Intra module refs:   MRFI_Rssi
                                                   Mrfi_SyncPinRxIsr
           LOCAL                   ADDRESS         
           =====                   =======         
           Mrfi_CalculateRssi      85A6 
               CSTACK = 00000000 ( 00000002 )
    -------------------------------------------------------------------------
<CODE> 1 (was CODE)
  Relative segment, address: 85CE - 85E7 (0x1a bytes), align: 1
  Segment part 66.
           ENTRY                   ADDRESS         REF BY
           =====                   =======         ======
           MRFI_Rssi               85CE            nwk_radioControl (nwk_ioctl)
               calls direct
               CSTACK = 00000000 ( 00000004 )
    -------------------------------------------------------------------------
<CODE> 1 (was CODE)
  Relative segment, address: 85E8 - 8601 (0x1a bytes), align: 1
  Segment part 67.            Intra module refs:   BSP_GpioPort1Isr
           ENTRY                   ADDRESS         REF BY
           =====                   =======         ======
           MRFI_GpioIsr            85E8 
               calls direct
               CSTACK = 00000000 ( 00000002 )
    -------------------------------------------------------------------------
<CODE> 1 (was CODE)
  Relative segment, address: 8602 - 8643 (0x42 bytes), align: 1
  Segment part 68.
           ENTRY                   ADDRESS         REF BY
           =====                   =======         ======
           MRFI_WakeUp             8602            ?Subroutine3 (nwk_link)
                                                   SMPL_Init (nwk_api)
                                                   SMPL_LinkListen (nwk_api)
                                                   nwk_radioControl (nwk_ioctl)
               calls direct
               CSTACK = 00000000 ( 00000002 )
    -------------------------------------------------------------------------
<CODE> 1 (was CODE)
  Relative segment, address: 8644 - 8667 (0x24 bytes), align: 1
  Segment part 69.
           ENTRY                   ADDRESS         REF BY
           =====                   =======         ======
           MRFI_Sleep              8644            ?Subroutine2 (nwk_link)
                                                   SMPL_LinkListen (nwk_api)
                                                   nwk_radioControl (nwk_ioctl)
               calls direct
               CSTACK = 00000000 ( 00000004 )
    -------------------------------------------------------------------------
<CODE> 1 (was CODE)
  Relative segment, address: 8668 - 8677 (0x10 bytes), align: 1
  Segment part 70.            Intra module refs:   MRFI_Sleep
           ENTRY                   ADDRESS         REF BY
           =====                   =======         ======
           MRFI_RxIdle             8668            ?Subroutine2 (nwk_link)
                                                   SMPL_LinkListen (nwk_api)
                                                   nwk_radioControl (nwk_ioctl)
               calls direct
               CSTACK = 00000000 ( 00000002 )
    -------------------------------------------------------------------------
<CODE> 1 (was CODE)
  Relative segment, address: 8678 - 8689 (0x12 bytes), align: 1
  Segment part 71.            Intra module refs:   ?Subroutine5
                                                   MRFI_Init
                                                   MRFI_RxIdle
                                                   MRFI_Transmit
           LOCAL                   ADDRESS         
           =====                   =======         
           Mrfi_RxModeOff          8678 
               calls direct
               CSTACK = 00000000 ( 00000002 )
    -------------------------------------------------------------------------
<CODE> 1 (was CODE)
  Relative segment, address: 868A - 8691 (0x8 bytes), align: 1
  Segment part 72.            Intra module refs:   MRFI_GpioIsr
                                                   MRFI_Init
                                                   MRFI_Transmit
                                                   Mrfi_RxModeOff
                                                   Mrfi_RxModeOn
           LOCAL                   ADDRESS         
           =====                   =======         
           ?Subroutine13           868A 
    -------------------------------------------------------------------------
<CODE> 1 (was CODE)
  Relative segment, address: 8692 - 86A9 (0x18 bytes), align: 1
  Segment part 73.            Intra module refs:   MRFI_WakeUp
                                                   Mrfi_RxModeOff
           LOCAL                   ADDRESS         
           =====                   =======         
           ?Subroutine12           8692 
    -------------------------------------------------------------------------
<CODE> 1 (was CODE)
  Relative segment, address: 86AA - 86BB (0x12 bytes), align: 1
  Segment part 74.
           ENTRY                   ADDRESS         REF BY
           =====                   =======         ======
           MRFI_RxOn               86AA            ?Subroutine3 (nwk_link)
                                                   SMPL_Init (nwk_api)
                                                   SMPL_LinkListen (nwk_api)
                                                   nwk_radioControl (nwk_ioctl)
               calls direct
               CSTACK = 00000000 ( 00000002 )
    -------------------------------------------------------------------------
<CODE> 1 (was CODE)
  Relative segment, address: 86BC - 86CF (0x14 bytes), align: 1
  Segment part 75.            Intra module refs:   MRFI_RxIdle
                                                   MRFI_RxOn
           LOCAL                   ADDRESS         
           =====                   =======         
           ?Subroutine4            86BC 
    -------------------------------------------------------------------------
<CODE> 1 (was CODE)
  Relative segment, address: 86D0 - 86E3 (0x14 bytes), align: 1
  Segment part 76.            Intra module refs:   ?Subroutine0
                                                   MRFI_RxOn
                                                   MRFI_Transmit
           LOCAL                   ADDRESS         
           =====                   =======         
           Mrfi_RxModeOn           86D0 
               calls direct
               CSTACK = 00000000 ( 00000002 )
    -------------------------------------------------------------------------
<CODE> 1 (was CODE)
  Relative segment, address: 86E4 - 879F (0xbc bytes), align: 1
  Segment part 77.            Intra module refs:   MRFI_GpioIsr
           LOCAL                   ADDRESS         
           =====                   =======         
           Mrfi_SyncPinRxIsr       86E4 
               calls direct and indirect
               CSTACK = 00000000 ( 00000008 )
    -------------------------------------------------------------------------
<CODE> 1 (was CODE)
  Relative segment, address: 87A0 - 87A5 (0x6 bytes), align: 1
  Segment part 78.            Intra module refs:   MRFI_Init
                                                   MRFI_RxAddrIsFiltered
                                                   Mrfi_DelayUsec
                                                   Mrfi_SyncPinRxIsr
           LOCAL                   ADDRESS         
           =====                   =======         
           ?Subroutine2            87A0 
    -------------------------------------------------------------------------
<CODE> 1 (was CODE)
  Relative segment, address: 87A6 - 87A9 (0x4 bytes), align: 1
  Segment part 79.            Intra module refs:   MRFI_Init
                                                   Mrfi_SyncPinRxIsr
           LOCAL                   ADDRESS         
           =====                   =======         
           ?Subroutine15           87A6 
    -------------------------------------------------------------------------
<CODE> 1 (was CODE)
  Relative segment, address: 87AA - 87B3 (0xa bytes), align: 1
  Segment part 80.            Intra module refs:   ?Subroutine15
                                                   MRFI_Init
    -------------------------------------------------------------------------
<CODE> 1 (was CODE)
  Relative segment, address: 87B4 - 87BF (0xc bytes), align: 1
  Segment part 81.
           ENTRY                   ADDRESS         REF BY
           =====                   =======         ======
           MRFI_Receive            87B4            MRFI_RxCompleteISR (nwk_frame)
               CSTACK = 00000000 ( 00000002 )
    -------------------------------------------------------------------------
<CODE> 1 (was CODE)
  Relative segment, address: 87C0 - 8897 (0xd8 bytes), align: 1
  Segment part 82.
           ENTRY                   ADDRESS         REF BY
           =====                   =======         ======
           MRFI_Transmit           87C0            nwk_SendEmptyPollRspFrame (nwk_frame)
                                                   nwk_sendFrame (nwk_frame)
               calls direct and indirect
               CSTACK = 00000000 ( 0000000A )
    -------------------------------------------------------------------------
<CODE> 1 (was CODE)
  Relative segment, address: 8898 - 88B7 (0x20 bytes), align: 1
  Segment part 83.            Intra module refs:   MRFI_Rssi
                                                   MRFI_Transmit
           LOCAL                   ADDRESS         
           =====                   =======         
           ?Subroutine11           8898 
    -------------------------------------------------------------------------
<CODE> 1 (was CODE)
  Relative segment, address: 88B8 - 89EB (0x134 bytes), align: 1
  Segment part 84.
           ENTRY                   ADDRESS         REF BY
           =====                   =======         ======
           MRFI_Init               88B8            SMPL_Init (nwk_api)
               calls direct and indirect
               CSTACK = 00000000 ( 00000006 )
    -------------------------------------------------------------------------
<CODE> 1 (was CODE)
  Relative segment, address: AA32 - AA35 (0x4 bytes), align: 1
  Segment part 85.            Intra module refs:   MRFI_Init
                                                   MRFI_Transmit
           LOCAL                   ADDRESS         
           =====                   =======         
           ?Subroutine14           AA32 
    -------------------------------------------------------------------------
<CODE> 1 (was CODE)
  Relative segment, address: AA36 - AA3B (0x6 bytes), align: 1
  Segment part 86.            Intra module refs:   ?Subroutine14
                                                   MRFI_Transmit
    -------------------------------------------------------------------------
<CODE> 1 (was CODE)
  Relative segment, address: A958 - A967 (0x10 bytes), align: 1
  Segment part 87.            Intra module refs:   MRFI_Init
                                                   MRFI_Rssi
                                                   MRFI_Transmit
                                                   Mrfi_SyncPinRxIsr
                                                   mrfiSpiWriteReg
           LOCAL                   ADDRESS         
           =====                   =======         
           ?Subroutine3            A958 
    -------------------------------------------------------------------------
<CODE> 1 (was CODE)
  Relative segment, address: A874 - A889 (0x16 bytes), align: 1
  Segment part 33.            Intra module refs:   BSP_GpioPort1Isr::??INTVEC 6
           ENTRY                   ADDRESS         REF BY
           =====                   =======         ======
           BSP_GpioPort1Isr        A874 
               interrupt function
               calls direct
               CSTACK = 00000000 ( 0000000C )
    -------------------------------------------------------------------------
INTVEC
  Common segment, address: FFE0 - FFE7 (0x8 bytes), align: 1
  Segment part 17. ROOT.
           ENTRY                   ADDRESS         REF BY
           =====                   =======         ======
           BSP_GpioPort1Isr::??INTVEC 6
                                   FFE6 
    -------------------------------------------------------------------------
CSTACK
  Segment part 18. NOT NEEDED.
    -------------------------------------------------------------------------
DATA16_ID
  Relative segment, address: 81CC - 81CF (0x4 bytes), align: 0
  Segment part 32.            Intra module refs:   mrfiRxFilterAddr
    -------------------------------------------------------------------------
CODE
  Segment part 88. TENTATIVE. Used definition from bsp
           ENTRY                   ADDRESS         REF BY
           =====                   =======         ======
           ?setjmp_save_r4         
    -------------------------------------------------------------------------
CODE
  Segment part 89. TENTATIVE. Used definition from bsp
           ENTRY                   ADDRESS         REF BY
           =====                   =======         ======
           ?setjmp_save_r5         

    *************************************************************************

  FILE NAME : D:\Projetos\Software\park-way-project\Park_Way_1.0\Access Point\Obj\nwk.r43
  PROGRAM MODULE, NAME : nwk

  SEGMENTS IN THE MODULE
  ======================
DATA16_I
  Relative segment, address: 0206 - 0317 (0x112 bytes), align: 0
[...]
           ?Epilogue7              A924 
           ?Epilogue8              A922            nwk_QfindOldest (nwk_QMgmt)

    -------------------------------------------------------------------------
  LIBRARY MODULE, NAME : ?Cast32f32i

  SEGMENTS IN THE MODULE
  ======================
CODE
  Segment part 0. NOT NEEDED.
           ENTRY                   ADDRESS         REF BY
           =====                   =======         ======
           _Cast32sto32f           
           _Cast32uto32f           

    -------------------------------------------------------------------------
  LIBRARY MODULE, NAME : _Cast32fto32s

  SEGMENTS IN THE MODULE
  ======================
CODE
  Segment part 0. NOT NEEDED.
           ENTRY                   ADDRESS         REF BY
           =====                   =======         ======
           _Cast32fto32s           

    -------------------------------------------------------------------------
  LIBRARY MODULE, NAME : ?FLT_Extract

  SEGMENTS IN THE MODULE
  ======================
CODE
  Segment part 0. NOT NEEDED.
           ENTRY                   ADDRESS         REF BY
           =====                   =======         ======
           ?FLT_Extract            

    -------------------------------------------------------------------------
  LIBRARY MODULE, NAME : _Mul32f

  SEGMENTS IN THE MODULE
  ======================
CODE
  Segment part 0. NOT NEEDED.
           ENTRY                   ADDRESS         REF BY
           =====                   =======         ======
           _Mul32f                 

    -------------------------------------------------------------------------
  LIBRARY MODULE, NAME : ?Mul816

  SEGMENTS IN THE MODULE
  ======================
<CODE> 1 (was CODE)
  Relative segment, address: A524 - A555 (0x32 bytes), align: 1
  Segment part 0.
           ENTRY                   ADDRESS         REF BY
           =====                   =======         ======
           ?Mul8                   A524            MRFI_RandomByte (mrfi)
           ?Mul16                  A528            BSP_Delay (bsp)
                                                   transmitData (virtual_com_cmds)
           ?Mul16to32u             A528 

    -------------------------------------------------------------------------
  LIBRARY MODULE, NAME : ?DivMod816u

  SEGMENTS IN THE MODULE
  ======================
<CODE> 1 (was CODE)
  Relative segment, address: A7BE - A7D9 (0x1c bytes), align: 1
  Segment part 0.
           ENTRY                   ADDRESS         REF BY
           =====                   =======         ======
           ?DivMod8u               A7BE            ?Subroutine4 (main_AP)
                                                   process_message (main_AP)
           ?DivMod16u              A7C2            Segment part 0 (?DivMod816s)

    -------------------------------------------------------------------------
  LIBRARY MODULE, NAME : ?DivMod816s

  SEGMENTS IN THE MODULE
  ======================
<CODE> 1 (was CODE)
  Relative segment, address: A488 - A4BB (0x34 bytes), align: 1
  Segment part 0.
           ENTRY                   ADDRESS         REF BY
           =====                   =======         ======
           ?DivMod8s               A488 
           ?DivMod16s              A48C            ?Subroutine0 (virtual_com_cmds)
                                                   ?Subroutine5 (main_AP)
                                                   Mrfi_CalculateRssi (mrfi)
                                                   process_message (main_AP)
                                                   transmitData (virtual_com_cmds)

    -------------------------------------------------------------------------
  LIBRARY MODULE, NAME : ?ShiftLeft16_n

  SEGMENTS IN THE MODULE
  ======================
CODE
  Segment part 0. NOT NEEDED.
           ENTRY                   ADDRESS         REF BY
           =====                   =======         ======
           ?ShiftLeft16_7          
           ?ShiftLeft16_6          
           ?ShiftLeft16_5          
           ?ShiftLeft16_4          
           ?ShiftLeft16_3          

    -------------------------------------------------------------------------
  LIBRARY MODULE, NAME : ?ShiftRight16u_n

  SEGMENTS IN THE MODULE
  ======================
CODE
  Segment part 0. NOT NEEDED.
           ENTRY                   ADDRESS         REF BY
           =====                   =======         ======
           ?ShiftRight16u_7        
    -------------------------------------------------------------------------
CODE
  Segment part 1. NOT NEEDED.
           ENTRY                   ADDRESS         REF BY
           =====                   =======         ======
           ?ShiftRight16u_6        
    -------------------------------------------------------------------------
CODE
  Segment part 2. NOT NEEDED.
           ENTRY                   ADDRESS         REF BY
           =====                   =======         ======
           ?ShiftRight16u_5        
    -------------------------------------------------------------------------
<CODE> 1 (was CODE)
  Relative segment, address: A9A8 - A9AB (0x4 bytes), align: 1
  Segment part 3.
           ENTRY                   ADDRESS         REF BY
           =====                   =======         ======
           ?ShiftRight16u_4        A9A8            Mrfi_DelayUsec (mrfi)
    -------------------------------------------------------------------------
<CODE> 1 (was CODE)
  Relative segment, address: A9AC - A9B5 (0xa bytes), align: 1
  Segment part 4.             Intra module refs:   ?ShiftRight16u_4
           ENTRY                   ADDRESS         REF BY
           =====                   =======         ======
           ?ShiftRight16u_3        A9AC 

    -------------------------------------------------------------------------
  LIBRARY MODULE, NAME : ?memcmp

  SEGMENTS IN THE MODULE
  ======================
<CODE> 1 (was CODE)
  Relative segment, address: A6FE - A71F (0x22 bytes), align: 1
  Segment part 2.
           ENTRY                   ADDRESS         REF BY
           =====                   =======         ======
           memcmp                  A6FE            ?Subroutine3 (nwk)
                                                   dispatchFrame (nwk_frame)
                                                   isDupSandFFrame (nwk_frame)
                                                   nwk_QfindOldest (nwk_QMgmt)
                                                   nwk_findPeer (nwk)
                                                   nwk_getSandFFrame (nwk_frame)
                                                   nwk_isSandFClient (nwk_join)
                                                   nwk_isValidReply (nwk)
                                                   nwk_processMgmt (nwk_mgmt)
               CSTACK = 00000000 ( 00000004 )
    -------------------------------------------------------------------------
CSTACK
  Segment part 1. NOT NEEDED.

    -------------------------------------------------------------------------
  LIBRARY MODULE, NAME : ?memcpy

  SEGMENTS IN THE MODULE
  ======================
<CODE> 1 (was CODE)
  Relative segment, address: A82A - A843 (0x1a bytes), align: 1
  Segment part 2.
           ENTRY                   ADDRESS         REF BY
           =====                   =======         ======
           memcpy                  A82A            ?Subroutine0 (nwk_globals)
                                                   ?Subroutine7 (nwk_link)
                                                   SMPL_Ioctl (nwk_api)
                                                   SMPL_SendOpt (nwk_api)
                                                   __data16_memcpy (?memzero)
                                                   nwk_SendEmptyPollRspFrame (nwk_frame)
                                                   nwk_buildFrame (nwk_frame)
                                                   nwk_deviceAddress (nwk_ioctl)
                                                   nwk_link (nwk_link)
                                                   nwk_nwkInit (nwk)
                                                   nwk_radioControl (nwk_ioctl)
                                                   nwk_rawSend (nwk_ioctl)
                                                   nwk_retrieveFrame (nwk_frame)
                                                   nwk_saveJoinedDevice (nwk)
                                                   nwk_unlink (nwk_link)
                                                   smpl_send_join_reply (nwk_join)
                                                   smpl_send_link_reply (nwk_link)
                                                   smpl_send_ping_reply (nwk_ping)
               CSTACK = 00000000 ( 00000004 )
    -------------------------------------------------------------------------
CSTACK
  Segment part 1. NOT NEEDED.

    -------------------------------------------------------------------------
  LIBRARY MODULE, NAME : ?memmove

  SEGMENTS IN THE MODULE
  ======================
<CODE> 1 (was CODE)
  Relative segment, address: A3A2 - A3DD (0x3c bytes), align: 1
  Segment part 2.
           ENTRY                   ADDRESS         REF BY
           =====                   =======         ======
           memmove                 A3A2            nwk_getNumObjectFromMsg (nwk)
                                                   nwk_putNumObjectIntoMsg (nwk)
               CSTACK = 00000000 ( 00000004 )
    -------------------------------------------------------------------------
CSTACK
  Segment part 1. NOT NEEDED.

    -------------------------------------------------------------------------
  LIBRARY MODULE, NAME : ?CopyMemoryBytes

  SEGMENTS IN THE MODULE
  ======================
<CODE> 1 (was CODE)
  Relative segment, address: A998 - A9A7 (0x10 bytes), align: 1
  Segment part 0.
           ENTRY                   ADDRESS         REF BY
           =====                   =======         ======
           ?CopyMemoryBytes        A998            MRFI_Receive (mrfi)
                                                   init_t (main_AP)
                                                   process_message (main_AP)

    -------------------------------------------------------------------------
  LIBRARY MODULE, NAME : ?memset

  SEGMENTS IN THE MODULE
  ======================
<CODE> 1 (was CODE)
  Relative segment, address: A844 - A85B (0x18 bytes), align: 1
  Segment part 2.
           ENTRY                   ADDRESS         REF BY
           =====                   =======         ======
           memset                  A844            MRFI_Init (mrfi)
                                                   Segment part 80 (mrfi)
                                                   nwk_QInit (nwk_QMgmt)
                                                   nwk_allocateLocalRxPort (nwk)
                                                   nwk_globalsInit (nwk_globals)
                                                   nwk_linkInit (nwk_link)
                                                   nwk_mgmtInit (nwk_mgmt)
                                                   nwk_nwkInit (nwk)
               CSTACK = 00000000 ( 00000004 )
    -------------------------------------------------------------------------
CSTACK
  Segment part 1. NOT NEEDED.

    -------------------------------------------------------------------------
  LIBRARY MODULE, NAME : ?memzero

  SEGMENTS IN THE MODULE
  ======================
<CODE> 1 (was CODE)
  Relative segment, address: A8EC - A8FD (0x12 bytes), align: 1
  Segment part 4.
           ENTRY                   ADDRESS         REF BY
           =====                   =======         ======
           __data16_memzero        A8EC            ?cstart_init_zero (?cstart)
               CSTACK = 00000000 ( 00000002 )
    -------------------------------------------------------------------------
<CODE> 1 (was CODE)
  Relative segment, address: AA8E - AA91 (0x4 bytes), align: 1
  Segment part 3.
           ENTRY                   ADDRESS         REF BY
           =====                   =======         ======
           __data16_memcpy         AA8E            ?cstart_init_copy (?cstart)
               calls direct
               CSTACK = 00000000 ( 00000002 )
    -------------------------------------------------------------------------
CODE
  Segment part 2. NOT NEEDED.
           ENTRY                   ADDRESS         REF BY
           =====                   =======         ======
           __data16_memmove        
               calls direct
    -------------------------------------------------------------------------
CSTACK
  Segment part 1. NOT NEEDED.

    -------------------------------------------------------------------------
  LIBRARY MODULE, NAME : ?setjmp

  SEGMENTS IN THE MODULE
  ======================
CODE
  Segment part 0. NOT NEEDED.
           ENTRY                   ADDRESS         REF BY
           =====                   =======         ======
           setjmp                  
    -------------------------------------------------------------------------
CODE
  Segment part 1. NOT NEEDED.
           ENTRY                   ADDRESS         REF BY
           =====                   =======         ======
           ?setjmp_r5              
    -------------------------------------------------------------------------
CODE
  Segment part 2. NOT NEEDED.
           ENTRY                   ADDRESS         REF BY
           =====                   =======         ======
           ?setjmp_r4              
    -------------------------------------------------------------------------
CODE
  Segment part 3. NOT NEEDED.
           ENTRY                   ADDRESS         REF BY
           =====                   =======         ======
           ?setjmp_end             

    -------------------------------------------------------------------------
  LIBRARY MODULE, NAME : ?longjmp

  SEGMENTS IN THE MODULE
  ======================
CODE
  Segment part 0. NOT NEEDED.
           ENTRY                   ADDRESS         REF BY
           =====                   =======         ======
           longjmp                 
    -------------------------------------------------------------------------
CODE
  Segment part 1. NOT NEEDED.
           ENTRY                   ADDRESS         REF BY
           =====                   =======         ======
           ?longjmp_r5             
    -------------------------------------------------------------------------
CODE
  Segment part 2. NOT NEEDED.
           ENTRY                   ADDRESS         REF BY
           =====                   =======         ======
           ?longjmp_r4             
    -------------------------------------------------------------------------
CODE
  Segment part 3. NOT NEEDED.
           ENTRY                   ADDRESS         REF BY
           =====                   =======         ======
           ?longjmp_end            

    -------------------------------------------------------------------------
  LIBRARY MODULE, NAME : ?SwitchKey8

  SEGMENTS IN THE MODULE
  ======================
CODE
  Segment part 0. NOT NEEDED.
           ENTRY                   ADDRESS         REF BY
           =====                   =======         ======
           ?SwitchKey8             




                ****************************************
                *                                      *
                *            MODULE SUMMARY            *
                *                                      *
                ****************************************

Module                CODE      DATA      CONST
------                ----      ----      -----
                     (Rel)  (Rel)  (Abs)  (Rel)
?CopyMemoryBytes        16
?DivMod816s             52
?DivMod816u             28
?Epilogue               18
?Mul816                 50
?ShiftRight16u_n        14
?__exit                  2
?_exit                   4
?clibexit                4
?cstart                 48
?memcmp                 34
?memcpy                 26
?memmove                60
?memset                 24
?memzero                22
?reset_vector            2
bsp                    128      1      8
  + shared                             3
main_AP              1 334    201      5    367
  + common              20
mrfi                 1 800     37     14     75
  + shared               8             2
  + common
nwk                  1 190    274           274
nwk_QMgmt              528    208
nwk_api                652      1
nwk_frame            1 162      7            12
nwk_freq                 6
nwk_globals            100      9             9
nwk_ioctl              384
nwk_join               538     10
nwk_link             1 238     29
nwk_mgmt               240      4
nwk_ping               134      1
nwk_security             6
u_sensor                90     13     12
  + common              28
virtual_com_cmds       244      2      7      1
  + common              16
N/A (command line)            200
N/A (alignment)
----------          ------    ---     --    ---
Total:              10 178    997     51    738
  + common              28


                ****************************************
                *                                      *
                *      SEGMENTS IN ADDRESS ORDER       *
                *                                      *
                ****************************************


SEGMENT              SPACE    START ADDRESS   END ADDRESS     SIZE  TYPE  ALIGN
=======              =====    =============   ===========     ====  ====  =====
DATA16_AN                              0001 - 0001               1   rel    0
                                       0003 - 0003               1 
                                       0018 - 001F               8 
                                       0021 - 0022               2 
                                       0027 - 002E               8 
                                       0053 - 0053               1 
                                       0056 - 0057               2 
                                       0061 - 0064               4 
                                       0066 - 006B               6 
                                       006E - 006F               2 
                                       0120 - 0121               2 
                                       0160 - 0163               4 
                                       0172 - 0173               2 
                                       0180 - 0183               4 
                                       0192 - 0193               2 
DATA16_I                               0200 - 0318             119   rel    1
DATA16_Z                               031A - 051D             204   rel    1
CSTACK                                 0538 - 05FF              C8   rel    1
DATA16_AN                              10FE - 10FF               2   rel    0
DATA16_C                               8000 - 81C8             1C9   rel    1
DATA16_ID                              81CA - 82E2             119   rel    1
CSTART                                 82E4 - 8313              30   rel    1
<CODE> 1                               8314 - AAA3            2790   rel    1
INTVEC                                 FFE0 - FFFB              1C   com    1
RESET                                  FFFE - FFFF               2   rel    1

                ****************************************
                *                                      *
                *        END OF CROSS REFERENCE        *
                *                                      *
                ****************************************

 10 206 bytes of CODE  memory
    997 bytes of DATA  memory (+ 51 absolute )
    738 bytes of CONST memory

Errors: none
Warnings: none

