################################################################################
#                                                                              #
#      IAR Universal Linker V5.7.0.39                                          #
#                                                                              #
#           Link time     =  10/Jan/2014  01:41:38                             #
#           Target CPU    =  MSP430                                            #
#           List file     =  "D:\Projetos\Software\park_way\Park_Way_1.0\Acces #
#                            s Point\List\Park_Way.map"                        #
#           Output file 1 =  "D:\Projetos\Software\park_way\Park_Way_1.0\Acces #
#                            s Point\Exe\Park_Way.d43"                         #
#                            Format: debug                                     #
#                            UBROF version 10.0.6                              #
#                            Using library modules for C-SPY (-rt)             #
#           Command line  =  --ks_version                                      #
#                            "D:\Projetos\Software\park_way\Park_Way_1.0\Acces #
#                            s Point\Obj\bsp.r43"                              #
#                            "D:\Projetos\Software\park_way\Park_Way_1.0\Acces #
#                            s Point\Obj\main_AP.r43"                          #
#                            "D:\Projetos\Software\park_way\Park_Way_1.0\Acces #
#                            s Point\Obj\mrfi.r43"                             #
#                            "D:\Projetos\Software\park_way\Park_Way_1.0\Acces #
#                            s Point\Obj\nwk.r43"                              #
#                            "D:\Projetos\Software\park_way\Park_Way_1.0\Acces #
#                            s Point\Obj\nwk_api.r43"                          #
#                            "D:\Projetos\Software\park_way\Park_Way_1.0\Acces #
#                            s Point\Obj\nwk_frame.r43"                        #
#                            "D:\Projetos\Software\park_way\Park_Way_1.0\Acces #
#                            s Point\Obj\nwk_freq.r43"                         #
#                            "D:\Projetos\Software\park_way\Park_Way_1.0\Acces #
#                            s Point\Obj\nwk_globals.r43"                      #
#                            "D:\Projetos\Software\park_way\Park_Way_1.0\Acces #
#                            s Point\Obj\nwk_ioctl.r43"                        #
#                            "D:\Projetos\Software\park_way\Park_Way_1.0\Acces #
#                            s Point\Obj\nwk_join.r43"                         #
#                            "D:\Projetos\Software\park_way\Park_Way_1.0\Acces #
#                            s Point\Obj\nwk_link.r43"                         #
#                            "D:\Projetos\Software\park_way\Park_Way_1.0\Acces #
#                            s Point\Obj\nwk_mgmt.r43"                         #
#                            "D:\Projetos\Software\park_way\Park_Way_1.0\Acces #
#                            s Point\Obj\nwk_ping.r43"                         #
#                            "D:\Projetos\Software\park_way\Park_Way_1.0\Acces #
#                            s Point\Obj\nwk_QMgmt.r43"                        #
#                            "D:\Projetos\Software\park_way\Park_Way_1.0\Acces #
#                            s Point\Obj\nwk_security.r43"                     #
#                            "D:\Projetos\Software\park_way\Park_Way_1.0\Acces #
#                            s Point\Obj\u_sensor.r43"                         #
#                            "D:\Projetos\Software\park_way\Park_Way_1.0\Acces #
#                            s Point\Obj\virtual_com_cmds.r43"                 #
#                            "D:\Projetos\Software\park_way\Park_Way_1.0\Acces #
#                            s Point\Obj\vlo_rand.r43"                         #
#                            -o                                                #
#                            "D:\Projetos\Software\park_way\Park_Way_1.0\Acces #
#                            s Point\Exe\Park_Way.d43"                         #
#                            -l                                                #
#                            "D:\Projetos\Software\park_way\Park_Way_1.0\Acces #
#                            s Point\List\Park_Way.map"                        #
#                            -xmsni                                            #
#                            "-IC:\Program Files (x86)\IAR Systems\Embedded Wo #
#                            rkbench 6.5\430\LIB\"                             #
#                            -f                                                #
#                            "C:\Program Files (x86)\IAR Systems\Embedded Work #
#                            bench 6.5\430\CONFIG\lnk430F2274.xcl"             #
#                            (-cmsp430 -QCODE_I=CODE_ID -QTLS16_I=TLS16_ID     #
#                            -Z(DATA)DATA16_I,DATA16_Z,DATA16_N,TLS16_I,DATA16 #
#                            _HEAP+_DATA16_HEAP_SIZE=0200-05FF                 #
#                            -Z(DATA)CODE_I -Z(DATA)CSTACK+_STACK_SIZE#        #
#                            -Z(CONST)INFO=1000-10FF                           #
#                            -Z(CONST)INFOA=10C0-10FF                          #
#                            -Z(CONST)INFOB=1080-10BF                          #
#                            -Z(CONST)INFOC=1040-107F                          #
#                            -Z(CONST)INFOD=1000-103F                          #
#                            -Z(CONST)DATA16_C,DATA16_ID,TLS16_ID,DIFUNCT,CHEC #
#                            KSUM=8000-FFDF                                    #
#                            -Z(CODE)CSTART,ISR_CODE,CODE_ID=8000-FFDF         #
#                            -P(CODE)CODE=8000-FFDF -Z(CODE)INTVEC=FFE0-FFFF   #
#                            -Z(CODE)RESET=FFFE-FFFF) -D_STACK_SIZE=C8 -rt     #
#                            "C:\Program Files (x86)\IAR Systems\Embedded Work #
#                            bench 6.5\430\LIB\CLIB\cl430f.r43"                #
#                            -e_large_write=_formatted_write                   #
#                            -e_large_read=_formatted_read                     #
#                            -D_DATA16_HEAP_SIZE=0 -s __program_start          #
#                            -D_DATA20_HEAP_SIZE=50                            #
#                                                                              #
#                           Copyright (C) 1987-2013 IAR Systems AB.            #
################################################################################





                ****************************************
                *                                      *
                *           CROSS REFERENCE            *
                *                                      *
                ****************************************

       Program entry at :           8208  Relocatable, from module : ?cstart




                ****************************************
                *                                      *
                *            RUNTIME MODEL             *
                *                                      *
                ****************************************

  __SystemLibrary = CLib
  __core          = 430
  __double_size   = 32
  __pic           = no
  __reg_r4        = free
  __reg_r5        = free
  __rt_version    = 3

                ****************************************
                *                                      *
                *    AUTOMATIC SYMBOL REDIRECTIONS     *
                *                                      *
                ****************************************

                  There are no automatic symbol redirections.



                ****************************************
                *                                      *
                *              MODULE MAP              *
                *                                      *
                ****************************************


  DEFINED ABSOLUTE ENTRIES
    *************************************************************************

  DEFINED ABSOLUTE ENTRIES
  PROGRAM MODULE, NAME : ?ABS_ENTRY_MOD

Absolute parts
           ENTRY                   ADDRESS         REF BY
           =====                   =======         ======
           _DATA20_HEAP_SIZE       0050 
           _DATA16_HEAP_SIZE       0000 
           _STACK_SIZE             00C8 
    *************************************************************************

  FILE NAME : D:\Projetos\Software\park_way\Park_Way_1.0\Access Point\Obj\bsp.r43
  PROGRAM MODULE, NAME : bsp

  SEGMENTS IN THE MODULE
  ======================
DATA16_AN
  Relative segment, address: 0056 - 0056 (0x1 bytes), align: 0
  Segment part 1. ROOT.       Intra module refs:   BSP_InitBoard
           ENTRY                   ADDRESS         REF BY
           =====                   =======         ======
           DCOCTL                  0056 
    -------------------------------------------------------------------------
DATA16_AN
  Relative segment, address: 0057 - 0057 (0x1 bytes), align: 0
  Segment part 2. ROOT.       Intra module refs:   BSP_InitBoard
           ENTRY                   ADDRESS         REF BY
           =====                   =======         ======
           BCSCTL1                 0057 
    -------------------------------------------------------------------------
DATA16_AN
  Relative segment, address: 0021 - 0021 (0x1 bytes), align: 0
  Segment part 3. ROOT.       Intra module refs:   BSP_InitButtons
                                                   BSP_InitLeds
                                                   init_t (main_AP)
                                                   main (main_AP)
           ENTRY                   ADDRESS         REF BY
           =====                   =======         ======
           P1OUT                   0021 
    -------------------------------------------------------------------------
DATA16_AN
  Relative segment, address: 0022 - 0022 (0x1 bytes), align: 0
  Segment part 4. ROOT.       Intra module refs:   BSP_InitLeds
           ENTRY                   ADDRESS         REF BY
           =====                   =======         ======
           P1DIR                   0022 
    -------------------------------------------------------------------------
DATA16_AN
  Relative segment, address: 0027 - 0027 (0x1 bytes), align: 0
  Segment part 5. ROOT.       Intra module refs:   BSP_InitButtons
           ENTRY                   ADDRESS         REF BY
           =====                   =======         ======
           P1REN                   0027 
    -------------------------------------------------------------------------
DATA16_AN
  Relative segment, address: 0160 - 0161 (0x2 bytes), align: 0
  Segment part 6. ROOT.       Intra module refs:   BSP_InitBoard
                                                   init_t (main_AP)
           ENTRY                   ADDRESS         REF BY
           =====                   =======         ======
           TACTL                   0160 
    -------------------------------------------------------------------------
DATA16_AN
  Relative segment, address: 0120 - 0121 (0x2 bytes), align: 0
  Segment part 7. ROOT.       Intra module refs:   __low_level_init
           ENTRY                   ADDRESS         REF BY
           =====                   =======         ======
           WDTCTL                  0120 
    -------------------------------------------------------------------------
DATA16_AN
  Relative segment, address: 10FE - 10FE (0x1 bytes), align: 0
  Segment part 8. ROOT.       Intra module refs:   BSP_InitBoard
           ENTRY                   ADDRESS         REF BY
           =====                   =======         ======
           CALDCO_1MHZ             10FE 
    -------------------------------------------------------------------------
DATA16_AN
  Relative segment, address: 10FF - 10FF (0x1 bytes), align: 0
  Segment part 9. ROOT.       Intra module refs:   BSP_InitBoard
           ENTRY                   ADDRESS         REF BY
           =====                   =======         ======
           CALBC1_1MHZ             10FF 
    -------------------------------------------------------------------------
<CODE> 1 (was CODE)
  Relative segment, address: A196 - A1AD (0x18 bytes), align: 1
  Segment part 18.
           ENTRY                   ADDRESS         REF BY
           =====                   =======         ======
           BSP_Init                A196            init_t (main_AP)
               calls direct
               CSTACK = 00000000 ( 00000004 )
    -------------------------------------------------------------------------
DATA16_Z
  Relative segment, address: 0322 - 0322 (0x1 bytes), align: 0
  Segment part 11.            Intra module refs:   BSP_Delay
                                                   BSP_InitBoard
           LOCAL                   ADDRESS         
           =====                   =======         
           sIterationsPerUsec      0322 
    -------------------------------------------------------------------------
<CODE> 1 (was CODE)
  Relative segment, address: A348 - A351 (0xa bytes), align: 1
  Segment part 17. ROOT.
           ENTRY                   ADDRESS         REF BY
           =====                   =======         ======
           __low_level_init        A348            ?cstart_call_low_level_init (?cstart)
               CSTACK = 00000000 ( 00000002 )
    -------------------------------------------------------------------------
<CODE> 1 (was CODE)
  Relative segment, address: A0B6 - A0D5 (0x20 bytes), align: 1
  Segment part 16.            Intra module refs:   BSP_Init
           ENTRY                   ADDRESS         REF BY
           =====                   =======         ======
           BSP_InitBoard           A0B6 
               CSTACK = 00000000 ( 00000002 )
    -------------------------------------------------------------------------
<CODE> 1 (was CODE)
  Relative segment, address: A050 - A071 (0x22 bytes), align: 1
  Segment part 15.
           ENTRY                   ADDRESS         REF BY
           =====                   =======         ======
           BSP_Delay               A050            ?Subroutine8 (mrfi)
               CSTACK = 00000000 ( 00000004 )
    -------------------------------------------------------------------------
CODE
  Segment part 14. NOT NEEDED.
           ENTRY                   ADDRESS         REF BY
           =====                   =======         ======
           BSP_InitDrivers         
               calls direct
    -------------------------------------------------------------------------
<CODE> 1 (was CODE)
  Relative segment, address: A292 - A2A3 (0x12 bytes), align: 1
  Segment part 13.            Intra module refs:   BSP_Init
           ENTRY                   ADDRESS         REF BY
           =====                   =======         ======
           BSP_InitLeds            A292 
               CSTACK = 00000000 ( 00000002 )
    -------------------------------------------------------------------------
<CODE> 1 (was CODE)
  Relative segment, address: A334 - A33D (0xa bytes), align: 1
  Segment part 12.            Intra module refs:   BSP_Init
           ENTRY                   ADDRESS         REF BY
           =====                   =======         ======
           BSP_InitButtons         A334 
               CSTACK = 00000000 ( 00000002 )
    -------------------------------------------------------------------------
CSTACK
  Segment part 10. NOT NEEDED.
    -------------------------------------------------------------------------
CODE
  Segment part 19. NOT NEEDED.
           ENTRY                   ADDRESS         REF BY
           =====                   =======         ======
           ?setjmp_save_r4         
    -------------------------------------------------------------------------
CODE
  Segment part 20. NOT NEEDED.
           ENTRY                   ADDRESS         REF BY
           =====                   =======         ======
           ?setjmp_save_r5         

    *************************************************************************

  FILE NAME : D:\Projetos\Software\park_way\Park_Way_1.0\Access Point\Obj\main_AP.r43
  PROGRAM MODULE, NAME : main_AP

  SEGMENTS IN THE MODULE
  ======================
DATA16_AN
  Relative segment, address: 0053 - 0053 (0x1 bytes), align: 0
  Segment part 1. ROOT.       Intra module refs:   init_t
           ENTRY                   ADDRESS         REF BY
           =====                   =======         ======
           BCSCTL3                 0053 
    -------------------------------------------------------------------------
DATA16_AN
  Segment part 2. TENTATIVE. Used definition from bsp
           ENTRY                   ADDRESS         REF BY
           =====                   =======         ======
           P1OUT                   
    -------------------------------------------------------------------------
DATA16_AN
  Segment part 3. TENTATIVE. Used definition from bsp
           ENTRY                   ADDRESS         REF BY
           =====                   =======         ======
           TACTL                   
    -------------------------------------------------------------------------
DATA16_AN
  Relative segment, address: 0162 - 0163 (0x2 bytes), align: 0
  Segment part 4. ROOT.       Intra module refs:   init_t
           ENTRY                   ADDRESS         REF BY
           =====                   =======         ======
           TACCTL0                 0162 
    -------------------------------------------------------------------------
DATA16_AN
  Relative segment, address: 0172 - 0173 (0x2 bytes), align: 0
  Segment part 5. ROOT.       Intra module refs:   init_t
           ENTRY                   ADDRESS         REF BY
           =====                   =======         ======
           TACCR0                  0172 
    -------------------------------------------------------------------------
DATA16_Z
  Relative segment, address: 0323 - 0336 (0x14 bytes), align: 0
  Segment part 13.            Intra module refs:   main
                                                   process_message
           LOCAL                   ADDRESS         
           =====                   =======         
           sLID                    0323 
    -------------------------------------------------------------------------
DATA16_Z
  Relative segment, address: 0337 - 0337 (0x1 bytes), align: 0
  Segment part 14.            Intra module refs:   main
           LOCAL                   ADDRESS         
           =====                   =======         
           sNumCurrentPeers        0337 
    -------------------------------------------------------------------------
DATA16_Z
  Relative segment, address: 0338 - 0338 (0x1 bytes), align: 0
  Segment part 15.            Intra module refs:   main
                                                   sCB
           LOCAL                   ADDRESS         
           =====                   =======         
           sPeerFrameSem           0338 
    -------------------------------------------------------------------------
DATA16_Z
  Relative segment, address: 0339 - 0339 (0x1 bytes), align: 0
  Segment part 16.            Intra module refs:   main
                                                   sCB
           LOCAL                   ADDRESS         
           =====                   =======         
           sJoinSem                0339 
    -------------------------------------------------------------------------
DATA16_C
  Relative segment, address: 800C - 8027 (0x1c bytes), align: 0
  Segment part 8.             Intra module refs:   main
    -------------------------------------------------------------------------
DATA16_C
  Relative segment, address: 8028 - 8043 (0x1c bytes), align: 0
  Segment part 9.             Intra module refs:   main
    -------------------------------------------------------------------------
DATA16_C
  Relative segment, address: 8044 - 8074 (0x31 bytes), align: 0
  Segment part 10.            Intra module refs:   process_message
    -------------------------------------------------------------------------
DATA16_C
  Relative segment, address: 8075 - 808D (0x19 bytes), align: 0
  Segment part 11.            Intra module refs:   init_t
    -------------------------------------------------------------------------
DATA16_C
  Relative segment, address: 808E - 8097 (0xa bytes), align: 0
  Segment part 12.            Intra module refs:   init_t
    -------------------------------------------------------------------------
DATA16_C
  Relative segment, address: 8098 - 80B5 (0x1e bytes), align: 0
  Segment part 17.            Intra module refs:   init_t
           ENTRY                   ADDRESS         REF BY
           =====                   =======         ======
           initial_message         8098 
    -------------------------------------------------------------------------
<CODE> 1 (was CODE)
  Relative segment, address: 954E - 95DD (0x90 bytes), align: 1
  Segment part 24.
           ENTRY                   ADDRESS         REF BY
           =====                   =======         ======
           main                    954E            Segment part 17 (?cstart)
               calls direct
               CSTACK = 00000000 ( 00000010 )
    -------------------------------------------------------------------------
<CODE> 1 (was CODE)
  Relative segment, address: 9170 - 926D (0xfe bytes), align: 1
  Segment part 21.            Intra module refs:   main
           ENTRY                   ADDRESS         REF BY
           =====                   =======         ======
           process_message         9170 
               calls direct
               CSTACK = 00000000 ( 00000040 )
    -------------------------------------------------------------------------
<CODE> 1 (was CODE)
  Relative segment, address: A32A - A333 (0xa bytes), align: 1
  Segment part 22.            Intra module refs:   process_message
           LOCAL                   ADDRESS         
           =====                   =======         
           ?Subroutine1            A32A 
    -------------------------------------------------------------------------
<CODE> 1 (was CODE)
  Relative segment, address: A31E - A329 (0xc bytes), align: 1
  Segment part 23.            Intra module refs:   process_message
           LOCAL                   ADDRESS         
           =====                   =======         
           ?Subroutine0            A31E 
    -------------------------------------------------------------------------
<CODE> 1 (was CODE)
  Relative segment, address: A26E - A27F (0x12 bytes), align: 1
  Segment part 20.            Intra module refs:   init_t
           LOCAL                   ADDRESS         
           =====                   =======         
           sCB                     A26E 
               CSTACK = 00000000 ( 00000002 )
    -------------------------------------------------------------------------
<CODE> 1 (was CODE)
  Relative segment, address: 988C - 990F (0x84 bytes), align: 1
  Segment part 19.            Intra module refs:   main
           ENTRY                   ADDRESS         REF BY
           =====                   =======         ======
           init_t                  988C 
               calls direct
               CSTACK = 00000000 ( 0000001C )
    -------------------------------------------------------------------------
<CODE> 1 (was CODE)
  Relative segment, address: A3AC - A3AD (0x2 bytes), align: 1
  Segment part 18.            Intra module refs:   Timer_A::??INTVEC 18
           ENTRY                   ADDRESS         REF BY
           =====                   =======         ======
           Timer_A                 A3AC 
               interrupt function
               CSTACK = 00000000 ( 00000004 )
    -------------------------------------------------------------------------
INTVEC
  Common segment, address: FFE0 - FFF3 (0x14 bytes), align: 1
  Segment part 6. ROOT.
           ENTRY                   ADDRESS         REF BY
           =====                   =======         ======
           Timer_A::??INTVEC 18    FFF2 
    -------------------------------------------------------------------------
CSTACK
  Segment part 7. NOT NEEDED.
    -------------------------------------------------------------------------
CODE
  Segment part 25. TENTATIVE. Used definition from bsp
           ENTRY                   ADDRESS         REF BY
           =====                   =======         ======
           ?setjmp_save_r4         
    -------------------------------------------------------------------------
CODE
  Segment part 26. TENTATIVE. Used definition from bsp
           ENTRY                   ADDRESS         REF BY
           =====                   =======         ======
           ?setjmp_save_r5         

    *************************************************************************

  FILE NAME : D:\Projetos\Software\park_way\Park_Way_1.0\Access Point\Obj\mrfi.r43
  PROGRAM MODULE, NAME : mrfi

  SEGMENTS IN THE MODULE
  ======================
DATA16_AN
  Relative segment, address: 0003 - 0003 (0x1 bytes), align: 0
  Segment part 1. ROOT.       Intra module refs:   MRFI_Init
                                                   TXString (virtual_com_cmds)
                                                   mrfiSpiCmdStrobe
                                                   spiBurstFifoAccess
                                                   spiRegAccess
           ENTRY                   ADDRESS         REF BY
           =====                   =======         ======
           IFG2                    0003 
    -------------------------------------------------------------------------
DATA16_AN
  Relative segment, address: 0028 - 0028 (0x1 bytes), align: 0
  Segment part 2. ROOT.       Intra module refs:   MRFI_Transmit
           ENTRY                   ADDRESS         REF BY
           =====                   =======         ======
           P2IN                    0028 
    -------------------------------------------------------------------------
DATA16_AN
  Relative segment, address: 002B - 002B (0x1 bytes), align: 0
  Segment part 3. ROOT.       Intra module refs:   MRFI_GpioIsr
                                                   MRFI_Init
                                                   MRFI_Transmit
                                                   Mrfi_RxModeOff
                                                   Mrfi_RxModeOn
           ENTRY                   ADDRESS         REF BY
           =====                   =======         ======
           P2IFG                   002B 
    -------------------------------------------------------------------------
DATA16_AN
  Relative segment, address: 002C - 002C (0x1 bytes), align: 0
  Segment part 4. ROOT.       Intra module refs:   MRFI_Init
           ENTRY                   ADDRESS         REF BY
           =====                   =======         ======
           P2IES                   002C 
    -------------------------------------------------------------------------
DATA16_AN
  Relative segment, address: 002D - 002D (0x1 bytes), align: 0
  Segment part 5. ROOT.       Intra module refs:   MRFI_GpioIsr
                                                   Mrfi_RxModeOff
                                                   Mrfi_RxModeOn
           ENTRY                   ADDRESS         REF BY
           =====                   =======         ======
           P2IE                    002D 
    -------------------------------------------------------------------------
DATA16_AN
  Relative segment, address: 002E - 002E (0x1 bytes), align: 0
  Segment part 6. ROOT.       Intra module refs:   MRFI_Init
           ENTRY                   ADDRESS         REF BY
           =====                   =======         ======
           P2SEL                   002E 
    -------------------------------------------------------------------------
DATA16_AN
  Relative segment, address: 0018 - 0018 (0x1 bytes), align: 0
  Segment part 7. ROOT.       Intra module refs:   MRFI_Init
                                                   MRFI_WakeUp
           ENTRY                   ADDRESS         REF BY
           =====                   =======         ======
           P3IN                    0018 
    -------------------------------------------------------------------------
DATA16_AN
  Relative segment, address: 0019 - 0019 (0x1 bytes), align: 0
  Segment part 8. ROOT.       Intra module refs:   MRFI_Init
                                                   MRFI_WakeUp
                                                   mrfiSpiCmdStrobe
                                                   mrfiSpiInit
                                                   spiBurstFifoAccess
                                                   spiRegAccess
           ENTRY                   ADDRESS         REF BY
           =====                   =======         ======
           P3OUT                   0019 
    -------------------------------------------------------------------------
DATA16_AN
  Relative segment, address: 001A - 001A (0x1 bytes), align: 0
  Segment part 9. ROOT.       Intra module refs:   mrfiSpiInit
           ENTRY                   ADDRESS         REF BY
           =====                   =======         ======
           P3DIR                   001A 
    -------------------------------------------------------------------------
DATA16_AN
  Relative segment, address: 001B - 001B (0x1 bytes), align: 0
  Segment part 10. ROOT.      Intra module refs:   COM_Init (virtual_com_cmds)
                                                   mrfiSpiInit
           ENTRY                   ADDRESS         REF BY
           =====                   =======         ======
           P3SEL                   001B 
    -------------------------------------------------------------------------
DATA16_AN
  Relative segment, address: 0068 - 0068 (0x1 bytes), align: 0
  Segment part 11. ROOT.      Intra module refs:   mrfiSpiCmdStrobe
                                                   mrfiSpiInit
                                                   spiBurstFifoAccess
                                                   spiRegAccess
           ENTRY                   ADDRESS         REF BY
           =====                   =======         ======
           UCB0CTL0                0068 
    -------------------------------------------------------------------------
DATA16_AN
  Relative segment, address: 0069 - 0069 (0x1 bytes), align: 0
  Segment part 12. ROOT.      Intra module refs:   mrfiSpiInit
           ENTRY                   ADDRESS         REF BY
           =====                   =======         ======
           UCB0CTL1                0069 
    -------------------------------------------------------------------------
DATA16_AN
  Relative segment, address: 006A - 006A (0x1 bytes), align: 0
  Segment part 13. ROOT.      Intra module refs:   mrfiSpiInit
           ENTRY                   ADDRESS         REF BY
           =====                   =======         ======
           UCB0BR0                 006A 
    -------------------------------------------------------------------------
DATA16_AN
  Relative segment, address: 006B - 006B (0x1 bytes), align: 0
  Segment part 14. ROOT.      Intra module refs:   mrfiSpiInit
           ENTRY                   ADDRESS         REF BY
           =====                   =======         ======
           UCB0BR1                 006B 
    -------------------------------------------------------------------------
DATA16_AN
  Relative segment, address: 006E - 006E (0x1 bytes), align: 0
  Segment part 15. ROOT.      Intra module refs:   mrfiSpiCmdStrobe
                                                   spiBurstFifoAccess
                                                   spiRegAccess
           ENTRY                   ADDRESS         REF BY
           =====                   =======         ======
           UCB0RXBUF               006E 
    -------------------------------------------------------------------------
DATA16_AN
  Relative segment, address: 006F - 006F (0x1 bytes), align: 0
  Segment part 16. ROOT.      Intra module refs:   MRFI_Init
                                                   mrfiSpiCmdStrobe
                                                   spiBurstFifoAccess
                                                   spiRegAccess
           ENTRY                   ADDRESS         REF BY
           =====                   =======         ======
           UCB0TXBUF               006F 
    -------------------------------------------------------------------------
DATA16_C
  Relative segment, address: 80B6 - 80F1 (0x3c bytes), align: 0
  Segment part 19.            Intra module refs:   MRFI_Init
           LOCAL                   ADDRESS         
           =====                   =======         
           mrfiRadioCfg            80B6 
    -------------------------------------------------------------------------
DATA16_Z
  Relative segment, address: 033A - 033A (0x1 bytes), align: 0
  Segment part 20.            Intra module refs:   ?Subroutine0
                                                   ?Subroutine3
                                                   ?Subroutine4
                                                   MRFI_GetRadioState
                                                   MRFI_Init
                                                   MRFI_RxIdle
                                                   MRFI_RxOn
                                                   MRFI_Sleep
                                                   MRFI_Transmit
                                                   MRFI_WakeUp
           LOCAL                   ADDRESS         
           =====                   =======         
           mrfiRadioState          033A 
    -------------------------------------------------------------------------
DATA16_Z
  Relative segment, address: 033B - 0352 (0x18 bytes), align: 0
  Segment part 21.            Intra module refs:   MRFI_Init
                                                   MRFI_Receive
                                                   Mrfi_SyncPinRxIsr
                                                   Segment part 80
           LOCAL                   ADDRESS         
           =====                   =======         
           mrfiIncomingPacket      033B 
    -------------------------------------------------------------------------
DATA16_Z
  Relative segment, address: 0353 - 0353 (0x1 bytes), align: 0
  Segment part 22.            Intra module refs:   MRFI_Init
                                                   MRFI_RandomByte
           LOCAL                   ADDRESS         
           =====                   =======         
           mrfiRndSeed             0353 
    -------------------------------------------------------------------------
DATA16_Z
  Relative segment, address: 0354 - 0354 (0x1 bytes), align: 0
  Segment part 23.            Intra module refs:   MRFI_PostKillSem
           LOCAL                   ADDRESS         
           =====                   =======         
           sKillSem                0354 
    -------------------------------------------------------------------------
DATA16_Z
  Relative segment, address: 0355 - 0355 (0x1 bytes), align: 0
  Segment part 24.            Intra module refs:   MRFI_PostKillSem
           LOCAL                   ADDRESS         
           =====                   =======         
           sReplyDelayContext      0355 
    -------------------------------------------------------------------------
DATA16_Z
  Relative segment, address: 0302 - 0303 (0x2 bytes), align: 1
  Segment part 25.            Intra module refs:   MRFI_Init
           LOCAL                   ADDRESS         
           =====                   =======         
           sReplyDelayScalar       0302 
    -------------------------------------------------------------------------
DATA16_Z
  Relative segment, address: 0304 - 0305 (0x2 bytes), align: 1
  Segment part 26.            Intra module refs:   MRFI_Init
                                                   MRFI_Transmit
           LOCAL                   ADDRESS         
           =====                   =======         
           sBackoffHelper          0304 
    -------------------------------------------------------------------------
DATA16_C
  Relative segment, address: 80F2 - 80F5 (0x4 bytes), align: 0
  Segment part 27.            Intra module refs:   MRFI_RxAddrIsFiltered
           ENTRY                   ADDRESS         REF BY
           =====                   =======         ======
           mrfiBroadcastAddr       80F2            nwk_getBCastAddress (nwk_globals)
    -------------------------------------------------------------------------
DATA16_C
  Relative segment, address: 80F6 - 80F9 (0x4 bytes), align: 0
  Segment part 28.            Intra module refs:   MRFI_SetLogicalChannel
           LOCAL                   ADDRESS         
           =====                   =======         
           mrfiLogicalChanTable    80F6 
    -------------------------------------------------------------------------
DATA16_C
  Relative segment, address: 80FA - 80FC (0x3 bytes), align: 0
  Segment part 29.            Intra module refs:   MRFI_SetRFPwr
           LOCAL                   ADDRESS         
           =====                   =======         
           mrfiRFPowerTable        80FA 
    -------------------------------------------------------------------------
DATA16_Z
  Relative segment, address: 0356 - 0356 (0x1 bytes), align: 0
  Segment part 30.            Intra module refs:   MRFI_RxAddrIsFiltered
           LOCAL                   ADDRESS         
           =====                   =======         
           mrfiRxFilterEnabled     0356 
    -------------------------------------------------------------------------
DATA16_I
  Relative segment, address: 0200 - 0203 (0x4 bytes), align: 0
  Segment part 31.            Intra module refs:   MRFI_RxAddrIsFiltered
           LOCAL                   ADDRESS         
           =====                   =======         
           mrfiRxFilterAddr        0200 
    -------------------------------------------------------------------------
<CODE> 1 (was CODE)
  Relative segment, address: 8238 - 8277 (0x40 bytes), align: 1
  Segment part 34.            Intra module refs:   Mrfi_SyncPinRxIsr
           ENTRY                   ADDRESS         REF BY
           =====                   =======         ======
           MRFI_RxAddrIsFiltered   8238 
               CSTACK = 00000000 ( 00000006 )
    -------------------------------------------------------------------------
CODE
  Segment part 35. NOT NEEDED.
           ENTRY                   ADDRESS         REF BY
           =====                   =======         ======
           MRFI_DisableRxAddrFilter
                                   
               calls direct
    -------------------------------------------------------------------------
CODE
  Segment part 36. NOT NEEDED.
           ENTRY                   ADDRESS         REF BY
           =====                   =======         ======
           MRFI_EnableRxAddrFilter
                                   
               calls direct
    -------------------------------------------------------------------------
CODE
  Segment part 37. NOT NEEDED.
           ENTRY                   ADDRESS         REF BY
           =====                   =======         ======
           MRFI_SetRxAddrFilter    
               calls direct
    -------------------------------------------------------------------------
<CODE> 1 (was CODE)
  Relative segment, address: 8278 - 828B (0x14 bytes), align: 1
  Segment part 38.            Intra module refs:   MRFI_Init
           ENTRY                   ADDRESS         REF BY
           =====                   =======         ======
           MRFI_SetRFPwr           8278            nwk_radioControl (nwk_ioctl)
               calls direct
               CSTACK = 00000000 ( 00000004 )
    -------------------------------------------------------------------------
<CODE> 1 (was CODE)
  Relative segment, address: 828C - 829F (0x14 bytes), align: 1
  Segment part 39.            Intra module refs:   MRFI_SetLogicalChannel
                                                   MRFI_SetRFPwr
           LOCAL                   ADDRESS         
           =====                   =======         
           ?Subroutine0            828C 
    -------------------------------------------------------------------------
<CODE> 1 (was CODE)
  Relative segment, address: 82A0 - 82B3 (0x14 bytes), align: 1
  Segment part 40.            Intra module refs:   MRFI_Init
           ENTRY                   ADDRESS         REF BY
           =====                   =======         ======
           MRFI_SetLogicalChannel
                                   82A0 
               calls direct
               CSTACK = 00000000 ( 00000004 )
    -------------------------------------------------------------------------
<CODE> 1 (was CODE)
  Relative segment, address: 82B4 - 82BB (0x8 bytes), align: 1
  Segment part 41.            Intra module refs:   MRFI_SetLogicalChannel
                                                   MRFI_SetRFPwr
           LOCAL                   ADDRESS         
           =====                   =======         
           ?Subroutine5            82B4 
    -------------------------------------------------------------------------
<CODE> 1 (was CODE)
  Relative segment, address: 82BC - 8315 (0x5a bytes), align: 1
  Segment part 42.            Intra module refs:   mrfiSpiReadRxFifo
                                                   mrfiSpiWriteTxFifo
           LOCAL                   ADDRESS         
           =====                   =======         
           spiBurstFifoAccess      82BC 
               CSTACK = 00000000 ( 00000002 )
    -------------------------------------------------------------------------
<CODE> 1 (was CODE)
  Relative segment, address: 8316 - 831F (0xa bytes), align: 1
  Segment part 43.            Intra module refs:   MRFI_Transmit
                                                   spiBurstFifoAccess
           LOCAL                   ADDRESS         
           =====                   =======         
           ?Subroutine6            8316 
    -------------------------------------------------------------------------
<CODE> 1 (was CODE)
  Relative segment, address: 8320 - 8329 (0xa bytes), align: 1
  Segment part 44.            Intra module refs:   Mrfi_SyncPinRxIsr
           ENTRY                   ADDRESS         REF BY
           =====                   =======         ======
           mrfiSpiReadRxFifo       8320 
               calls direct
               CSTACK = 00000000 ( 00000002 )
    -------------------------------------------------------------------------
<CODE> 1 (was CODE)
  Relative segment, address: 832A - 8335 (0xc bytes), align: 1
  Segment part 45.            Intra module refs:   MRFI_Transmit
           ENTRY                   ADDRESS         REF BY
           =====                   =======         ======
           mrfiSpiWriteTxFifo      832A 
               calls direct
               CSTACK = 00000000 ( 00000002 )
    -------------------------------------------------------------------------
<CODE> 1 (was CODE)
  Relative segment, address: 8336 - 8349 (0x14 bytes), align: 1
  Segment part 46.            Intra module refs:   mrfiSpiReadReg
                                                   mrfiSpiWriteReg
           LOCAL                   ADDRESS         
           =====                   =======         
           spiRegAccess            8336 
               CSTACK = 00000000 ( 00000002 )
    -------------------------------------------------------------------------
<CODE> 1 (was CODE)
  Relative segment, address: 834A - 8351 (0x8 bytes), align: 1
  Segment part 47.            Intra module refs:   mrfiSpiCmdStrobe
                                                   spiRegAccess
           LOCAL                   ADDRESS         
           =====                   =======         
           ?Subroutine1            834A 
    -------------------------------------------------------------------------
<CODE> 1 (was CODE)
  Relative segment, address: 8352 - 8359 (0x8 bytes), align: 1
  Segment part 48.            Intra module refs:   ?Subroutine1
                                                   spiBurstFifoAccess
    -------------------------------------------------------------------------
<CODE> 1 (was CODE)
  Relative segment, address: 835A - 8361 (0x8 bytes), align: 1
  Segment part 49.            Intra module refs:   ?Subroutine1
                                                   MRFI_Init
                                                   spiBurstFifoAccess
                                                   spiRegAccess
           LOCAL                   ADDRESS         
           =====                   =======         
           ?Subroutine10           835A 
    -------------------------------------------------------------------------
<CODE> 1 (was CODE)
  Relative segment, address: 8362 - 836F (0xe bytes), align: 1
  Segment part 50.            Intra module refs:   MRFI_Init
                                                   mrfiSpiCmdStrobe
                                                   spiBurstFifoAccess
                                                   spiRegAccess
           LOCAL                   ADDRESS         
           =====                   =======         
           ?Subroutine9            8362 
    -------------------------------------------------------------------------
<CODE> 1 (was CODE)
  Relative segment, address: 8370 - 8381 (0x12 bytes), align: 1
  Segment part 51.            Intra module refs:   ?Subroutine0
                                                   MRFI_Init
                                                   MRFI_WakeUp
                                                   Segment part 86
           ENTRY                   ADDRESS         REF BY
           =====                   =======         ======
           mrfiSpiWriteReg         8370 
               calls direct
               CSTACK = 00000000 ( 00000002 )
    -------------------------------------------------------------------------
<CODE> 1 (was CODE)
  Relative segment, address: 8382 - 8395 (0x14 bytes), align: 1
  Segment part 52.            Intra module refs:   ?Subroutine11
                                                   MRFI_Init
                                                   MRFI_Rssi
                                                   Mrfi_SyncPinRxIsr
           ENTRY                   ADDRESS         REF BY
           =====                   =======         ======
           mrfiSpiReadReg          8382 
               calls direct
               CSTACK = 00000000 ( 00000002 )
    -------------------------------------------------------------------------
<CODE> 1 (was CODE)
  Relative segment, address: 8396 - 839F (0xa bytes), align: 1
  Segment part 53.            Intra module refs:   ?Subroutine5
                                                   mrfiSpiCmdStrobe
                                                   mrfiSpiReadReg
           LOCAL                   ADDRESS         
           =====                   =======         
           ?Subroutine16           8396 
    -------------------------------------------------------------------------
<CODE> 1 (was CODE)
  Relative segment, address: 83A0 - 83B7 (0x18 bytes), align: 1
  Segment part 54.            Intra module refs:   ?Subroutine12
                                                   MRFI_Init
                                                   MRFI_Sleep
                                                   MRFI_Transmit
                                                   Mrfi_RxModeOff
                                                   Mrfi_RxModeOn
                                                   Mrfi_SyncPinRxIsr
           ENTRY                   ADDRESS         REF BY
           =====                   =======         ======
           mrfiSpiCmdStrobe        83A0 
               CSTACK = 00000000 ( 00000002 )
    -------------------------------------------------------------------------
<CODE> 1 (was CODE)
  Relative segment, address: 83B8 - 83C5 (0xe bytes), align: 1
  Segment part 55.            Intra module refs:   mrfiSpiCmdStrobe
                                                   spiRegAccess
           LOCAL                   ADDRESS         
           =====                   =======         
           ?Subroutine7            83B8 
    -------------------------------------------------------------------------
<CODE> 1 (was CODE)
  Relative segment, address: 83C6 - 83D5 (0x10 bytes), align: 1
  Segment part 56.            Intra module refs:   ?Subroutine7
                                                   spiBurstFifoAccess
           LOCAL                   ADDRESS         
           =====                   =======         
           ?Subroutine17           83C6 
    -------------------------------------------------------------------------
<CODE> 1 (was CODE)
  Relative segment, address: 83D6 - 8409 (0x34 bytes), align: 1
  Segment part 57.            Intra module refs:   MRFI_Init
           ENTRY                   ADDRESS         REF BY
           =====                   =======         ======
           mrfiSpiInit             83D6 
               CSTACK = 00000000 ( 00000002 )
    -------------------------------------------------------------------------
<CODE> 1 (was CODE)
  Relative segment, address: 840A - 840F (0x6 bytes), align: 1
  Segment part 58.
           ENTRY                   ADDRESS         REF BY
           =====                   =======         ======
           MRFI_GetRadioState      840A            SMPL_LinkListen (nwk_api)
               CSTACK = 00000000 ( 00000002 )
    -------------------------------------------------------------------------
<CODE> 1 (was CODE)
  Relative segment, address: 8410 - 841B (0xc bytes), align: 1
  Segment part 59.
           ENTRY                   ADDRESS         REF BY
           =====                   =======         ======
           MRFI_PostKillSem        8410            nwk_isConnectionValid (nwk)
                                                   nwk_processJoin (nwk_join)
                                                   nwk_processLink (nwk_link)
                                                   nwk_processMgmt (nwk_mgmt)
                                                   nwk_processPing (nwk_ping)
               CSTACK = 00000000 ( 00000002 )
    -------------------------------------------------------------------------
CODE
  Segment part 60. NOT NEEDED.
           ENTRY                   ADDRESS         REF BY
           =====                   =======         ======
           MRFI_ReplyDelay         
               calls direct
    -------------------------------------------------------------------------
<CODE> 1 (was CODE)
  Relative segment, address: 841C - 8433 (0x18 bytes), align: 1
  Segment part 61.
           ENTRY                   ADDRESS         REF BY
           =====                   =======         ======
           MRFI_DelayMs            841C            SMPL_LinkListen (nwk_api)
                                                   nwk_replayFrame (nwk_frame)
               calls direct
               CSTACK = 00000000 ( 00000004 )
    -------------------------------------------------------------------------
<CODE> 1 (was CODE)
  Relative segment, address: 8434 - 8455 (0x22 bytes), align: 1
  Segment part 62.            Intra module refs:   ?Subroutine11
                                                   MRFI_DelayMs
                                                   MRFI_Init
                                                   MRFI_Transmit
           LOCAL                   ADDRESS         
           =====                   =======         
           Mrfi_DelayUsec          8434 
               calls direct
               CSTACK = 00000000 ( 00000006 )
    -------------------------------------------------------------------------
<CODE> 1 (was CODE)
  Relative segment, address: 8456 - 8461 (0xc bytes), align: 1
  Segment part 63.            Intra module refs:   Mrfi_DelayUsec
           LOCAL                   ADDRESS         
           =====                   =======         
           ?Subroutine8            8456 
    -------------------------------------------------------------------------
<CODE> 1 (was CODE)
  Relative segment, address: 8462 - 8477 (0x16 bytes), align: 1
  Segment part 64.            Intra module refs:   MRFI_Transmit
           ENTRY                   ADDRESS         REF BY
           =====                   =======         ======
           MRFI_RandomByte         8462            nwk_frameInit (nwk_frame)
                                                   nwk_joinInit (nwk_join)
                                                   nwk_linkInit (nwk_link)
                                                   nwk_mgmtInit (nwk_mgmt)
                                                   nwk_pingInit (nwk_ping)
               CSTACK = 00000000 ( 00000002 )
    -------------------------------------------------------------------------
<CODE> 1 (was CODE)
  Relative segment, address: 8478 - 849F (0x28 bytes), align: 1
  Segment part 65.            Intra module refs:   MRFI_Rssi
                                                   Mrfi_SyncPinRxIsr
           LOCAL                   ADDRESS         
           =====                   =======         
           Mrfi_CalculateRssi      8478 
               CSTACK = 00000000 ( 00000002 )
    -------------------------------------------------------------------------
<CODE> 1 (was CODE)
  Relative segment, address: 84A0 - 84B9 (0x1a bytes), align: 1
  Segment part 66.
           ENTRY                   ADDRESS         REF BY
           =====                   =======         ======
           MRFI_Rssi               84A0            nwk_radioControl (nwk_ioctl)
               calls direct
               CSTACK = 00000000 ( 00000004 )
    -------------------------------------------------------------------------
<CODE> 1 (was CODE)
  Relative segment, address: 84BA - 84D3 (0x1a bytes), align: 1
  Segment part 67.            Intra module refs:   BSP_GpioPort1Isr
           ENTRY                   ADDRESS         REF BY
           =====                   =======         ======
           MRFI_GpioIsr            84BA 
               calls direct
               CSTACK = 00000000 ( 00000002 )
    -------------------------------------------------------------------------
<CODE> 1 (was CODE)
  Relative segment, address: 84D4 - 8515 (0x42 bytes), align: 1
  Segment part 68.
           ENTRY                   ADDRESS         REF BY
           =====                   =======         ======
           MRFI_WakeUp             84D4            SMPL_Init (nwk_api)
                                                   SMPL_LinkListen (nwk_api)
                                                   nwk_radioControl (nwk_ioctl)
               calls direct
               CSTACK = 00000000 ( 00000002 )
    -------------------------------------------------------------------------
<CODE> 1 (was CODE)
  Relative segment, address: 8516 - 8539 (0x24 bytes), align: 1
  Segment part 69.
           ENTRY                   ADDRESS         REF BY
           =====                   =======         ======
           MRFI_Sleep              8516            SMPL_LinkListen (nwk_api)
                                                   nwk_radioControl (nwk_ioctl)
               calls direct
               CSTACK = 00000000 ( 00000004 )
    -------------------------------------------------------------------------
<CODE> 1 (was CODE)
  Relative segment, address: 853A - 8549 (0x10 bytes), align: 1
  Segment part 70.            Intra module refs:   MRFI_Sleep
           ENTRY                   ADDRESS         REF BY
           =====                   =======         ======
           MRFI_RxIdle             853A            SMPL_LinkListen (nwk_api)
                                                   nwk_radioControl (nwk_ioctl)
               calls direct
               CSTACK = 00000000 ( 00000002 )
    -------------------------------------------------------------------------
<CODE> 1 (was CODE)
  Relative segment, address: 854A - 855B (0x12 bytes), align: 1
  Segment part 71.            Intra module refs:   ?Subroutine5
                                                   MRFI_Init
                                                   MRFI_RxIdle
                                                   MRFI_Transmit
           LOCAL                   ADDRESS         
           =====                   =======         
           Mrfi_RxModeOff          854A 
               calls direct
               CSTACK = 00000000 ( 00000002 )
    -------------------------------------------------------------------------
<CODE> 1 (was CODE)
  Relative segment, address: 855C - 8563 (0x8 bytes), align: 1
  Segment part 72.            Intra module refs:   MRFI_GpioIsr
                                                   MRFI_Init
                                                   MRFI_Transmit
                                                   Mrfi_RxModeOff
                                                   Mrfi_RxModeOn
           LOCAL                   ADDRESS         
           =====                   =======         
           ?Subroutine13           855C 
    -------------------------------------------------------------------------
<CODE> 1 (was CODE)
  Relative segment, address: 8564 - 857B (0x18 bytes), align: 1
  Segment part 73.            Intra module refs:   MRFI_WakeUp
                                                   Mrfi_RxModeOff
           LOCAL                   ADDRESS         
           =====                   =======         
           ?Subroutine12           8564 
    -------------------------------------------------------------------------
<CODE> 1 (was CODE)
  Relative segment, address: 857C - 858D (0x12 bytes), align: 1
  Segment part 74.
           ENTRY                   ADDRESS         REF BY
           =====                   =======         ======
           MRFI_RxOn               857C            SMPL_Init (nwk_api)
                                                   SMPL_LinkListen (nwk_api)
                                                   nwk_radioControl (nwk_ioctl)
               calls direct
               CSTACK = 00000000 ( 00000002 )
    -------------------------------------------------------------------------
<CODE> 1 (was CODE)
  Relative segment, address: 858E - 85A1 (0x14 bytes), align: 1
  Segment part 75.            Intra module refs:   MRFI_RxIdle
                                                   MRFI_RxOn
           LOCAL                   ADDRESS         
           =====                   =======         
           ?Subroutine4            858E 
    -------------------------------------------------------------------------
<CODE> 1 (was CODE)
  Relative segment, address: 85A2 - 85B5 (0x14 bytes), align: 1
  Segment part 76.            Intra module refs:   ?Subroutine0
                                                   MRFI_RxOn
                                                   MRFI_Transmit
           LOCAL                   ADDRESS         
           =====                   =======         
           Mrfi_RxModeOn           85A2 
               calls direct
               CSTACK = 00000000 ( 00000002 )
    -------------------------------------------------------------------------
<CODE> 1 (was CODE)
  Relative segment, address: 85B6 - 8671 (0xbc bytes), align: 1
  Segment part 77.            Intra module refs:   MRFI_GpioIsr
           LOCAL                   ADDRESS         
           =====                   =======         
           Mrfi_SyncPinRxIsr       85B6 
               calls direct and indirect
               CSTACK = 00000000 ( 00000008 )
    -------------------------------------------------------------------------
<CODE> 1 (was CODE)
  Relative segment, address: 8672 - 8677 (0x6 bytes), align: 1
  Segment part 78.            Intra module refs:   MRFI_Init
                                                   MRFI_RxAddrIsFiltered
                                                   Mrfi_DelayUsec
                                                   Mrfi_SyncPinRxIsr
           LOCAL                   ADDRESS         
           =====                   =======         
           ?Subroutine2            8672 
    -------------------------------------------------------------------------
<CODE> 1 (was CODE)
  Relative segment, address: 8678 - 867B (0x4 bytes), align: 1
  Segment part 79.            Intra module refs:   MRFI_Init
                                                   Mrfi_SyncPinRxIsr
           LOCAL                   ADDRESS         
           =====                   =======         
           ?Subroutine15           8678 
    -------------------------------------------------------------------------
<CODE> 1 (was CODE)
  Relative segment, address: 867C - 8685 (0xa bytes), align: 1
  Segment part 80.            Intra module refs:   ?Subroutine15
                                                   MRFI_Init
    -------------------------------------------------------------------------
<CODE> 1 (was CODE)
  Relative segment, address: 8686 - 8691 (0xc bytes), align: 1
  Segment part 81.
           ENTRY                   ADDRESS         REF BY
           =====                   =======         ======
           MRFI_Receive            8686            MRFI_RxCompleteISR (nwk_frame)
               CSTACK = 00000000 ( 00000002 )
    -------------------------------------------------------------------------
<CODE> 1 (was CODE)
  Relative segment, address: 8692 - 8769 (0xd8 bytes), align: 1
  Segment part 82.
           ENTRY                   ADDRESS         REF BY
           =====                   =======         ======
           MRFI_Transmit           8692            nwk_SendEmptyPollRspFrame (nwk_frame)
                                                   nwk_sendFrame (nwk_frame)
               calls direct and indirect
               CSTACK = 00000000 ( 0000000A )
    -------------------------------------------------------------------------
<CODE> 1 (was CODE)
  Relative segment, address: 876A - 8789 (0x20 bytes), align: 1
  Segment part 83.            Intra module refs:   MRFI_Rssi
                                                   MRFI_Transmit
           LOCAL                   ADDRESS         
           =====                   =======         
           ?Subroutine11           876A 
    -------------------------------------------------------------------------
<CODE> 1 (was CODE)
  Relative segment, address: 878A - 88BD (0x134 bytes), align: 1
  Segment part 84.
           ENTRY                   ADDRESS         REF BY
           =====                   =======         ======
           MRFI_Init               878A            SMPL_Init (nwk_api)
               calls direct and indirect
               CSTACK = 00000000 ( 00000006 )
    -------------------------------------------------------------------------
<CODE> 1 (was CODE)
  Relative segment, address: A35C - A35F (0x4 bytes), align: 1
  Segment part 85.            Intra module refs:   MRFI_Init
                                                   MRFI_Transmit
           LOCAL                   ADDRESS         
           =====                   =======         
           ?Subroutine14           A35C 
    -------------------------------------------------------------------------
<CODE> 1 (was CODE)
  Relative segment, address: A360 - A365 (0x6 bytes), align: 1
  Segment part 86.            Intra module refs:   ?Subroutine14
                                                   MRFI_Transmit
    -------------------------------------------------------------------------
<CODE> 1 (was CODE)
  Relative segment, address: A2E4 - A2F3 (0x10 bytes), align: 1
  Segment part 87.            Intra module refs:   MRFI_Init
                                                   MRFI_Rssi
                                                   MRFI_Transmit
                                                   Mrfi_SyncPinRxIsr
                                                   mrfiSpiWriteReg
           LOCAL                   ADDRESS         
           =====                   =======         
           ?Subroutine3            A2E4 
    -------------------------------------------------------------------------
<CODE> 1 (was CODE)
  Relative segment, address: A1AE - A1C3 (0x16 bytes), align: 1
  Segment part 33.            Intra module refs:   BSP_GpioPort1Isr::??INTVEC 6
           ENTRY                   ADDRESS         REF BY
           =====                   =======         ======
           BSP_GpioPort1Isr        A1AE 
               interrupt function
               calls direct
               CSTACK = 00000000 ( 0000000C )
    -------------------------------------------------------------------------
INTVEC
  Common segment, address: FFE0 - FFE7 (0x8 bytes), align: 1
  Segment part 17. ROOT.
           ENTRY                   ADDRESS         REF BY
           =====                   =======         ======
           BSP_GpioPort1Isr::??INTVEC 6
                                   FFE6 
    -------------------------------------------------------------------------
CSTACK
  Segment part 18. NOT NEEDED.
    -------------------------------------------------------------------------
DATA16_ID
  Relative segment, address: 8106 - 8109 (0x4 bytes), align: 0
  Segment part 32.            Intra module refs:   mrfiRxFilterAddr
    -------------------------------------------------------------------------
CODE
  Segment part 88. TENTATIVE. Used definition from bsp
           ENTRY                   ADDRESS         REF BY
           =====                   =======         ======
           ?setjmp_save_r4         
    -------------------------------------------------------------------------
CODE
  Segment part 89. TENTATIVE. Used definition from bsp
           ENTRY                   ADDRESS         REF BY
           =====                   =======         ======
           ?setjmp_save_r5         

    *************************************************************************

  FILE NAME : D:\Projetos\Software\park_way\Park_Way_1.0\Access Point\Obj\nwk.r43
  PROGRAM MODULE, NAME : nwk

  SEGMENTS IN THE MODULE
  ======================
DATA16_I
  Relative segment, address: 0204 - 02FF (0xfc bytes), align: 0
  Segment part 2.             Intra module refs:   initializeConnection
                                                   map_lid2idx
                                                   nwk_allocateLocalRxPort
                                                   nwk_findAlreadyJoined
                                                   nwk_findPeer
                                                   nwk_getConnInfo
                                                   nwk_getNextConnection
                                                   nwk_getSFInfoPtr
                                                   nwk_isConnectionValid
                                                   nwk_isLinkDuplicate
                                                   nwk_nwkInit
                                                   nwk_saveJoinedDevice
           LOCAL                   ADDRESS         
           =====                   =======         
           sPersistInfo            0204 
    -------------------------------------------------------------------------
<CODE> 1 (was CODE)
  Relative segment, address: 9806 - 988B (0x86 bytes), align: 1
  Segment part 28.
           ENTRY                   ADDRESS         REF BY
           =====                   =======         ======
           nwk_nwkInit             9806            SMPL_Init (nwk_api)
               calls direct
               CSTACK = 00000000 ( 00000004 )
    -------------------------------------------------------------------------
<CODE> 1 (was CODE)
  Relative segment, address: 9B9A - 9BE5 (0x4c bytes), align: 1
  Segment part 27.
           ENTRY                   ADDRESS         REF BY
           =====                   =======         ======
           nwk_getNextConnection   9B9A            smpl_send_link_reply (nwk_link)
               calls direct
               CSTACK = 00000000 ( 00000004 )
    -------------------------------------------------------------------------
<CODE> 1 (was CODE)
  Relative segment, address: 9F20 - 9F4F (0x30 bytes), align: 1
  Segment part 26.            Intra module refs:   nwk_findAlreadyJoined
                                                   nwk_getNextConnection
           LOCAL                   ADDRESS         
           =====                   =======         
           initializeConnection    9F20 
               calls direct
               CSTACK = 00000000 ( 00000004 )
    -------------------------------------------------------------------------
<CODE> 1 (was CODE)
  Relative segment, address: A37A - A37F (0x6 bytes), align: 1
  Segment part 25.
           ENTRY                   ADDRESS         REF BY
           =====                   =======         ======
           nwk_freeConnection      A37A            nwk_connectionControl (nwk_ioctl)
                                                   smpl_send_link_reply (nwk_link)
                                                   smpl_send_unlink_reply (nwk_link)
               CSTACK = 00000000 ( 00000002 )
    -------------------------------------------------------------------------
<CODE> 1 (was CODE)
  Relative segment, address: 9F7E - 9FAB (0x2e bytes), align: 1
  Segment part 24.
           ENTRY                   ADDRESS         REF BY
           =====                   =======         ======
           nwk_getConnInfo         9F7E            SMPL_Receive (nwk_api)
                                                   nwk_QfindOldest (nwk_QMgmt)
                                                   nwk_connectionControl (nwk_ioctl)
                                                   nwk_radioControl (nwk_ioctl)
                                                   nwk_retrieveFrame (nwk_frame)
               calls direct
               CSTACK = 00000000 ( 00000004 )
    -------------------------------------------------------------------------
<CODE> 1 (was CODE)
  Relative segment, address: 926E - 9275 (0x8 bytes), align: 1
  Segment part 14.            Intra module refs:   nwk_isConnectionValid
                                                   nwk_saveJoinedDevice
           LOCAL                   ADDRESS         
           =====                   =======         
           ?Subroutine1            926E 
    -------------------------------------------------------------------------
<CODE> 1 (was CODE)
  Relative segment, address: 9276 - 9277 (0x2 bytes), align: 1
  Segment part 15.            Intra module refs:   ?Subroutine1
                                                   nwk_allocateLocalRxPort
                                                   nwk_isLinkDuplicate
    -------------------------------------------------------------------------
<CODE> 1 (was CODE)
  Relative segment, address: 9278 - 9281 (0xa bytes), align: 1
  Segment part 16.            Intra module refs:   ?Subroutine1
                                                   ?Subroutine2
                                                   Segment part 15
           LOCAL                   ADDRESS         
           =====                   =======         
           ?Subroutine3            9278 
    -------------------------------------------------------------------------
<CODE> 1 (was CODE)
  Relative segment, address: 9282 - 92A7 (0x26 bytes), align: 1
  Segment part 17.
           ENTRY                   ADDRESS         REF BY
           =====                   =======         ======
           nwk_checkConnInfo       9282            SMPL_Receive (nwk_api)
               CSTACK = 00000000 ( 00000002 )
    -------------------------------------------------------------------------
<CODE> 1 (was CODE)
  Relative segment, address: 92A8 - 92DB (0x34 bytes), align: 1
  Segment part 18.
           ENTRY                   ADDRESS         REF BY
           =====                   =======         ======
           nwk_findAlreadyJoined   92A8            smpl_send_link_reply (nwk_link)
               calls direct
               CSTACK = 00000000 ( 00000008 )
    -------------------------------------------------------------------------
<CODE> 1 (was CODE)
  Relative segment, address: 92DC - 932F (0x54 bytes), align: 1
  Segment part 19.
           ENTRY                   ADDRESS         REF BY
           =====                   =======         ======
           nwk_saveJoinedDevice    92DC            smpl_send_join_reply (nwk_join)
               calls direct
               CSTACK = 00000000 ( 0000000A )
    -------------------------------------------------------------------------
<CODE> 1 (was CODE)
  Relative segment, address: 9330 - 9335 (0x6 bytes), align: 1
  Segment part 20.
           ENTRY                   ADDRESS         REF BY
           =====                   =======         ======
           nwk_getSFInfoPtr        9330            nwk_joinInit (nwk_join)
               CSTACK = 00000000 ( 00000002 )
    -------------------------------------------------------------------------
CODE
  Segment part 21. NOT NEEDED.
           ENTRY                   ADDRESS         REF BY
           =====                   =======         ======
           nwk_findAddressMatch    
               calls direct
    -------------------------------------------------------------------------
<CODE> 1 (was CODE)
  Relative segment, address: 9336 - 9341 (0xc bytes), align: 1
  Segment part 22.            Intra module refs:   nwk_findAlreadyJoined
           LOCAL                   ADDRESS         
           =====                   =======         
           ?Subroutine2            9336 
    -------------------------------------------------------------------------
<CODE> 1 (was CODE)
  Relative segment, address: 9D3A - 9D75 (0x3c bytes), align: 1
  Segment part 23.
           ENTRY                   ADDRESS         REF BY
           =====                   =======         ======
           nwk_isLinkDuplicate     9D3A            smpl_send_link_reply (nwk_link)
               calls direct
               CSTACK = 00000000 ( 0000000A )
    -------------------------------------------------------------------------
<CODE> 1 (was CODE)
  Relative segment, address: 9AA6 - 9AF7 (0x52 bytes), align: 1
  Segment part 13.
           ENTRY                   ADDRESS         REF BY
           =====                   =======         ======
           nwk_isConnectionValid   9AA6            dispatchFrame (nwk_frame)
               calls direct
               CSTACK = 00000000 ( 0000000C )
    -------------------------------------------------------------------------
<CODE> 1 (was CODE)
  Relative segment, address: 9342 - 9411 (0xd0 bytes), align: 1
  Segment part 12.
           ENTRY                   ADDRESS         REF BY
           =====                   =======         ======
           nwk_allocateLocalRxPort
                                   9342            smpl_send_link_reply (nwk_link)
               calls direct
               CSTACK = 00000000 ( 00000020 )
    -------------------------------------------------------------------------
<CODE> 1 (was CODE)
  Relative segment, address: 906E - 9099 (0x2c bytes), align: 1
  Segment part 6.
           ENTRY                   ADDRESS         REF BY
           =====                   =======         ======
           nwk_getNumObjectFromMsg
                                   906E            smpl_send_join_reply (nwk_join)
                                                   smpl_send_link_reply (nwk_link)
               calls direct
               CSTACK = 00000000 ( 00000006 )
    -------------------------------------------------------------------------
<CODE> 1 (was CODE)
  Relative segment, address: 909A - 909F (0x6 bytes), align: 1
  Segment part 7.             Intra module refs:   nwk_getNumObjectFromMsg
                                                   nwk_isValidReply
           LOCAL                   ADDRESS         
           =====                   =======         
           ?Subroutine0            909A 
    -------------------------------------------------------------------------
<CODE> 1 (was CODE)
  Relative segment, address: 90A0 - 90C7 (0x28 bytes), align: 1
  Segment part 8.
           ENTRY                   ADDRESS         REF BY
           =====                   =======         ======
           nwk_checkAppMsgTID      90A0            send_poll_reply (nwk_mgmt)
               CSTACK = 00000000 ( 00000002 )
    -------------------------------------------------------------------------
<CODE> 1 (was CODE)
  Relative segment, address: 90C8 - 9109 (0x42 bytes), align: 1
  Segment part 9.
           ENTRY                   ADDRESS         REF BY
           =====                   =======         ======
           nwk_findPeer            90C8            smpl_send_unlink_reply (nwk_link)
               calls direct
               CSTACK = 00000000 ( 0000000A )
    -------------------------------------------------------------------------
<CODE> 1 (was CODE)
  Relative segment, address: 910A - 9133 (0x2a bytes), align: 1
  Segment part 10.            Intra module refs:   initializeConnection
                                                   nwk_getConnInfo
           LOCAL                   ADDRESS         
           =====                   =======         
           map_lid2idx             910A 
               CSTACK = 00000000 ( 00000002 )
    -------------------------------------------------------------------------
<CODE> 1 (was CODE)
  Relative segment, address: 9134 - 916F (0x3c bytes), align: 1
  Segment part 11.
           ENTRY                   ADDRESS         REF BY
           =====                   =======         ======
           nwk_isValidReply        9134            nwk_processJoin (nwk_join)
                                                   nwk_processLink (nwk_link)
                                                   nwk_processMgmt (nwk_mgmt)
                                                   nwk_processPing (nwk_ping)
               calls direct
               CSTACK = 00000000 ( 00000006 )
    -------------------------------------------------------------------------
<CODE> 1 (was CODE)
  Relative segment, address: 9DB2 - 9DE9 (0x38 bytes), align: 1
  Segment part 5.
           ENTRY                   ADDRESS         REF BY
           =====                   =======         ======
           nwk_putNumObjectIntoMsg
                                   9DB2            smpl_send_join_reply (nwk_join)
               calls direct
               CSTACK = 00000000 ( 00000008 )
    -------------------------------------------------------------------------
<CODE> 1 (was CODE)
[...]
                                                   nwk_isConnectionValid (nwk)
                                                   nwk_isSandFClient (nwk_join)
           ?Epilogue6              A23C            nwk_retrieveFrame (nwk_frame)
           ?Epilogue7              A23A 
           ?Epilogue8              A238            nwk_QfindOldest (nwk_QMgmt)

    -------------------------------------------------------------------------
  LIBRARY MODULE, NAME : ?Cast32f32i

  SEGMENTS IN THE MODULE
  ======================
CODE
  Segment part 0. NOT NEEDED.
           ENTRY                   ADDRESS         REF BY
           =====                   =======         ======
           _Cast32sto32f           
           _Cast32uto32f           

    -------------------------------------------------------------------------
  LIBRARY MODULE, NAME : _Cast32fto32s

  SEGMENTS IN THE MODULE
  ======================
CODE
  Segment part 0. NOT NEEDED.
           ENTRY                   ADDRESS         REF BY
           =====                   =======         ======
           _Cast32fto32s           

    -------------------------------------------------------------------------
  LIBRARY MODULE, NAME : ?FLT_Extract

  SEGMENTS IN THE MODULE
  ======================
CODE
  Segment part 0. NOT NEEDED.
           ENTRY                   ADDRESS         REF BY
           =====                   =======         ======
           ?FLT_Extract            

    -------------------------------------------------------------------------
  LIBRARY MODULE, NAME : _Mul32f

  SEGMENTS IN THE MODULE
  ======================
CODE
  Segment part 0. NOT NEEDED.
           ENTRY                   ADDRESS         REF BY
           =====                   =======         ======
           _Mul32f                 

    -------------------------------------------------------------------------
  LIBRARY MODULE, NAME : ?Mul816

  SEGMENTS IN THE MODULE
  ======================
<CODE> 1 (was CODE)
  Relative segment, address: 9EBC - 9EED (0x32 bytes), align: 1
  Segment part 0.
           ENTRY                   ADDRESS         REF BY
           =====                   =======         ======
           ?Mul8                   9EBC            MRFI_RandomByte (mrfi)
           ?Mul16                  9EC0            BSP_Delay (bsp)
                                                   transmitData (virtual_com_cmds)
           ?Mul16to32u             9EC0 

    -------------------------------------------------------------------------
  LIBRARY MODULE, NAME : ?DivMod816u

  SEGMENTS IN THE MODULE
  ======================
<CODE> 1 (was CODE)
  Relative segment, address: A12E - A149 (0x1c bytes), align: 1
  Segment part 0.
           ENTRY                   ADDRESS         REF BY
           =====                   =======         ======
           ?DivMod8u               A12E            ?Subroutine0 (main_AP)
                                                   process_message (main_AP)
           ?DivMod16u              A132            Segment part 0 (?DivMod816s)

    -------------------------------------------------------------------------
  LIBRARY MODULE, NAME : ?DivMod816s

  SEGMENTS IN THE MODULE
  ======================
<CODE> 1 (was CODE)
  Relative segment, address: 9E54 - 9E87 (0x34 bytes), align: 1
  Segment part 0.
           ENTRY                   ADDRESS         REF BY
           =====                   =======         ======
           ?DivMod8s               9E54 
           ?DivMod16s              9E58            ?Subroutine0 (virtual_com_cmds)
                                                   ?Subroutine1 (main_AP)
                                                   Mrfi_CalculateRssi (mrfi)
                                                   process_message (main_AP)
                                                   transmitData (virtual_com_cmds)

    -------------------------------------------------------------------------
  LIBRARY MODULE, NAME : ?ShiftLeft16_n

  SEGMENTS IN THE MODULE
  ======================
CODE
  Segment part 0. NOT NEEDED.
           ENTRY                   ADDRESS         REF BY
           =====                   =======         ======
           ?ShiftLeft16_7          
           ?ShiftLeft16_6          
           ?ShiftLeft16_5          
           ?ShiftLeft16_4          
           ?ShiftLeft16_3          

    -------------------------------------------------------------------------
  LIBRARY MODULE, NAME : ?ShiftRight16u_n

  SEGMENTS IN THE MODULE
  ======================
CODE
  Segment part 0. NOT NEEDED.
           ENTRY                   ADDRESS         REF BY
           =====                   =======         ======
           ?ShiftRight16u_7        
    -------------------------------------------------------------------------
CODE
  Segment part 1. NOT NEEDED.
           ENTRY                   ADDRESS         REF BY
           =====                   =======         ======
           ?ShiftRight16u_6        
    -------------------------------------------------------------------------
CODE
  Segment part 2. NOT NEEDED.
           ENTRY                   ADDRESS         REF BY
           =====                   =======         ======
           ?ShiftRight16u_5        
    -------------------------------------------------------------------------
<CODE> 1 (was CODE)
  Relative segment, address: A310 - A313 (0x4 bytes), align: 1
  Segment part 3.
           ENTRY                   ADDRESS         REF BY
           =====                   =======         ======
           ?ShiftRight16u_4        A310            Mrfi_DelayUsec (mrfi)
    -------------------------------------------------------------------------
<CODE> 1 (was CODE)
  Relative segment, address: A314 - A31D (0xa bytes), align: 1
  Segment part 4.             Intra module refs:   ?ShiftRight16u_4
           ENTRY                   ADDRESS         REF BY
           =====                   =======         ======
           ?ShiftRight16u_3        A314 

    -------------------------------------------------------------------------
  LIBRARY MODULE, NAME : ?memcmp

  SEGMENTS IN THE MODULE
  ======================
<CODE> 1 (was CODE)
  Relative segment, address: A094 - A0B5 (0x22 bytes), align: 1
  Segment part 2.
           ENTRY                   ADDRESS         REF BY
           =====                   =======         ======
           memcmp                  A094            ?Subroutine3 (nwk)
                                                   dispatchFrame (nwk_frame)
                                                   isDupSandFFrame (nwk_frame)
                                                   nwk_QfindOldest (nwk_QMgmt)
                                                   nwk_findPeer (nwk)
                                                   nwk_getSandFFrame (nwk_frame)
                                                   nwk_isSandFClient (nwk_join)
                                                   nwk_isValidReply (nwk)
                                                   nwk_processMgmt (nwk_mgmt)
               CSTACK = 00000000 ( 00000004 )
    -------------------------------------------------------------------------
CSTACK
  Segment part 1. NOT NEEDED.

    -------------------------------------------------------------------------
  LIBRARY MODULE, NAME : ?memcpy

  SEGMENTS IN THE MODULE
  ======================
<CODE> 1 (was CODE)
  Relative segment, address: A14A - A163 (0x1a bytes), align: 1
  Segment part 2.
           ENTRY                   ADDRESS         REF BY
           =====                   =======         ======
           memcpy                  A14A            ?Subroutine0 (nwk_globals)
                                                   ?Subroutine7 (nwk_link)
                                                   SMPL_Ioctl (nwk_api)
                                                   __data16_memcpy (?memzero)
                                                   nwk_SendEmptyPollRspFrame (nwk_frame)
                                                   nwk_buildFrame (nwk_frame)
                                                   nwk_deviceAddress (nwk_ioctl)
                                                   nwk_nwkInit (nwk)
                                                   nwk_radioControl (nwk_ioctl)
                                                   nwk_rawSend (nwk_ioctl)
                                                   nwk_retrieveFrame (nwk_frame)
                                                   nwk_saveJoinedDevice (nwk)
                                                   smpl_send_join_reply (nwk_join)
                                                   smpl_send_link_reply (nwk_link)
                                                   smpl_send_ping_reply (nwk_ping)
               CSTACK = 00000000 ( 00000004 )
    -------------------------------------------------------------------------
CSTACK
  Segment part 1. NOT NEEDED.

    -------------------------------------------------------------------------
  LIBRARY MODULE, NAME : ?memmove

  SEGMENTS IN THE MODULE
  ======================
<CODE> 1 (was CODE)
  Relative segment, address: 9D76 - 9DB1 (0x3c bytes), align: 1
  Segment part 2.
           ENTRY                   ADDRESS         REF BY
           =====                   =======         ======
           memmove                 9D76            nwk_getNumObjectFromMsg (nwk)
                                                   nwk_putNumObjectIntoMsg (nwk)
               CSTACK = 00000000 ( 00000004 )
    -------------------------------------------------------------------------
CSTACK
  Segment part 1. NOT NEEDED.

    -------------------------------------------------------------------------
  LIBRARY MODULE, NAME : ?CopyMemoryBytes

  SEGMENTS IN THE MODULE
  ======================
<CODE> 1 (was CODE)
  Relative segment, address: A2C4 - A2D3 (0x10 bytes), align: 1
  Segment part 0.
           ENTRY                   ADDRESS         REF BY
           =====                   =======         ======
           ?CopyMemoryBytes        A2C4            MRFI_Receive (mrfi)
                                                   init_t (main_AP)
                                                   process_message (main_AP)

    -------------------------------------------------------------------------
  LIBRARY MODULE, NAME : ?memset

  SEGMENTS IN THE MODULE
  ======================
<CODE> 1 (was CODE)
  Relative segment, address: A17E - A195 (0x18 bytes), align: 1
  Segment part 2.
           ENTRY                   ADDRESS         REF BY
           =====                   =======         ======
           memset                  A17E            MRFI_Init (mrfi)
                                                   Segment part 80 (mrfi)
                                                   nwk_QInit (nwk_QMgmt)
                                                   nwk_allocateLocalRxPort (nwk)
                                                   nwk_globalsInit (nwk_globals)
                                                   nwk_linkInit (nwk_link)
                                                   nwk_mgmtInit (nwk_mgmt)
                                                   nwk_nwkInit (nwk)
               CSTACK = 00000000 ( 00000004 )
    -------------------------------------------------------------------------
CSTACK
  Segment part 1. NOT NEEDED.

    -------------------------------------------------------------------------
  LIBRARY MODULE, NAME : ?memzero

  SEGMENTS IN THE MODULE
  ======================
<CODE> 1 (was CODE)
  Relative segment, address: A25C - A26D (0x12 bytes), align: 1
  Segment part 4.
           ENTRY                   ADDRESS         REF BY
           =====                   =======         ======
           __data16_memzero        A25C            ?cstart_init_zero (?cstart)
               CSTACK = 00000000 ( 00000002 )
    -------------------------------------------------------------------------
<CODE> 1 (was CODE)
  Relative segment, address: A39A - A39D (0x4 bytes), align: 1
  Segment part 3.
           ENTRY                   ADDRESS         REF BY
           =====                   =======         ======
           __data16_memcpy         A39A            ?cstart_init_copy (?cstart)
               calls direct
               CSTACK = 00000000 ( 00000002 )
    -------------------------------------------------------------------------
CODE
  Segment part 2. NOT NEEDED.
           ENTRY                   ADDRESS         REF BY
           =====                   =======         ======
           __data16_memmove        
               calls direct
    -------------------------------------------------------------------------
CSTACK
  Segment part 1. NOT NEEDED.

    -------------------------------------------------------------------------
  LIBRARY MODULE, NAME : ?setjmp

  SEGMENTS IN THE MODULE
  ======================
CODE
  Segment part 0. NOT NEEDED.
           ENTRY                   ADDRESS         REF BY
           =====                   =======         ======
           setjmp                  
    -------------------------------------------------------------------------
CODE
  Segment part 1. NOT NEEDED.
           ENTRY                   ADDRESS         REF BY
           =====                   =======         ======
           ?setjmp_r5              
    -------------------------------------------------------------------------
CODE
  Segment part 2. NOT NEEDED.
           ENTRY                   ADDRESS         REF BY
           =====                   =======         ======
           ?setjmp_r4              
    -------------------------------------------------------------------------
CODE
  Segment part 3. NOT NEEDED.
           ENTRY                   ADDRESS         REF BY
           =====                   =======         ======
           ?setjmp_end             

    -------------------------------------------------------------------------
  LIBRARY MODULE, NAME : ?longjmp

  SEGMENTS IN THE MODULE
  ======================
CODE
  Segment part 0. NOT NEEDED.
           ENTRY                   ADDRESS         REF BY
           =====                   =======         ======
           longjmp                 
    -------------------------------------------------------------------------
CODE
  Segment part 1. NOT NEEDED.
           ENTRY                   ADDRESS         REF BY
           =====                   =======         ======
           ?longjmp_r5             
    -------------------------------------------------------------------------
CODE
  Segment part 2. NOT NEEDED.
           ENTRY                   ADDRESS         REF BY
           =====                   =======         ======
           ?longjmp_r4             
    -------------------------------------------------------------------------
CODE
  Segment part 3. NOT NEEDED.
           ENTRY                   ADDRESS         REF BY
           =====                   =======         ======
           ?longjmp_end            

    -------------------------------------------------------------------------
  LIBRARY MODULE, NAME : ?SwitchKey8

  SEGMENTS IN THE MODULE
  ======================
CODE
  Segment part 0. NOT NEEDED.
           ENTRY                   ADDRESS         REF BY
           =====                   =======         ======
           ?SwitchKey8             




                ****************************************
                *                                      *
                *            MODULE SUMMARY            *
                *                                      *
                ****************************************

Module               CODE      DATA      CONST
------               ----      ----      -----
                    (Rel)  (Rel)  (Abs)  (Rel)
?CopyMemoryBytes       16
?DivMod816s            52
?DivMod816u            28
?Epilogue              18
?Mul816                50
?ShiftRight16u_n       14
?__exit                 2
?_exit                  4
?clibexit               4
?cstart                48
?memcmp                34
?memcpy                26
?memmove               60
?memset                24
?memzero               22
?reset_vector           2
bsp                   128      1      8
  + shared                            3
main_AP               572     23      5    170
  + common             20
mrfi                1 718     37     14     75
  + shared              8             2
  + common
nwk                 1 190    252           252
nwk_QMgmt             528    208
nwk_api               482      1
nwk_frame           1 162      7            12
nwk_freq                6
nwk_globals           100      9             9
nwk_ioctl             384
nwk_join              538     10
nwk_link              690     27
nwk_mgmt              240      4
nwk_ping              134      1
nwk_security            6
u_sensor               90     13     12
  + common             28
virtual_com_cmds      244      2      7      1
  + common             16
N/A (command line)           200
N/A (alignment)
----------          -----    ---     --    ---
Total:              8 616    795     51    519
  + common             28


                ****************************************
                *                                      *
                *      SEGMENTS IN ADDRESS ORDER       *
                *                                      *
                ****************************************


SEGMENT              SPACE    START ADDRESS   END ADDRESS     SIZE  TYPE  ALIGN
=======              =====    =============   ===========     ====  ====  =====
DATA16_AN                              0001 - 0001               1   rel    0
                                       0003 - 0003               1 
                                       0018 - 001F               8 
                                       0021 - 0022               2 
                                       0027 - 002E               8 
                                       0053 - 0053               1 
                                       0056 - 0057               2 
                                       0061 - 0064               4 
                                       0066 - 006B               6 
                                       006E - 006F               2 
                                       0120 - 0121               2 
                                       0160 - 0163               4 
                                       0172 - 0173               2 
                                       0180 - 0183               4 
                                       0192 - 0193               2 
DATA16_I                               0200 - 0300             101   rel    1
DATA16_Z                               0302 - 0453             152   rel    1
CSTACK                                 0538 - 05FF              C8   rel    1
DATA16_AN                              10FE - 10FF               2   rel    0
DATA16_C                               8000 - 8105             106   rel    1
DATA16_ID                              8106 - 8206             101   rel    1
CSTART                                 8208 - 8237              30   rel    1
<CODE> 1                               8238 - A3AD            2176   rel    1
INTVEC                                 FFE0 - FFFB              1C   com    1
RESET                                  FFFE - FFFF               2   rel    1

                ****************************************
                *                                      *
                *        END OF CROSS REFERENCE        *
                *                                      *
                ****************************************

 8 644 bytes of CODE  memory
   795 bytes of DATA  memory (+ 51 absolute )
   519 bytes of CONST memory

Errors: none
Warnings: none

